<html>
<body>
<pre>
<h1>µVision Build Log</h1>
<h2>Tool Versions:</h2>
IDE-Version: µVision V5.29.0.0
Copyright (C) 2019 ARM Ltd and ARM Germany GmbH. All rights reserved.
License Information: Mathan Mahendran, National University of Singapore, LIC=----
 
Tool Versions:
Toolchain:       MDK-Lite  Version: 5.29.0.0
Toolchain Path:  C:\Keil_v5\ARM\ARMCC\Bin
C Compiler:      Armcc.exe V5.06 update 6 (build 750)
Assembler:       Armasm.exe V5.06 update 6 (build 750)
Linker/Locator:  ArmLink.exe V5.06 update 6 (build 750)
Library Manager: ArmAr.exe V5.06 update 6 (build 750)
Hex Converter:   FromElf.exe V5.06 update 6 (build 750)
CPU DLL:         SARMCM3.DLL V5.29.0.0
Dialog DLL:      DARMCM1.DLL V1.19.2.0
Target DLL:      CMSIS_AGDI.dll V1.32.0.0
Dialog DLL:      TARMCM1.DLL V1.14.1.0
 
<h2>Project:</h2>
C:\Users\matha\Desktop\CG2271 Project\CG2271 Project.uvprojx
Project File Date:  04/01/2022

<h2>Output:</h2>
*** Using Compiler 'V5.06 update 6 (build 750)', folder: 'C:\Keil_v5\ARM\ARMCC\Bin'
Build target 'Target 1'
compiling project.c...
basicConfig.h(1): warning:  #1-D: last line of file ends without a newline
  #include "MKL25Z4.h"
motors.h(36): warning:  #1295-D: Deprecated declaration stop - give arg types
  void stop();
motors.h(37): warning:  #1-D: last line of file ends without a newline
  void move(uint8_t);
myDataPacket.h(6): warning:  #1-D: last line of file ends without a newline
   }myDataPacket;
basicConfig.h(1): warning:  #1-D: last line of file ends without a newline
  #include "MKL25Z4.h"
led.h(11): warning:  #1295-D: Deprecated declaration toggleRedLED - give arg types
  void toggleRedLED();
led.h(13): warning:  #1-D: last line of file ends without a newline
  void offRedLED();
led.h(13): warning:  #1295-D: Deprecated declaration offRedLED - give arg types
  void offRedLED();
basicConfig.h(1): warning:  #1-D: last line of file ends without a newline
  #include "MKL25Z4.h"
Buzzer.h(29): warning:  #1295-D: Deprecated declaration initPWM - give arg types
  void initPWM();
Buzzer.h(35): warning:  #1-D: last line of file ends without a newline
  #endif
project.c(158): warning:  #167-D: argument of type "volatile myDataPacket *" is incompatible with parameter of type "const void *"
                osMessageQueuePut (motorMessage, &uartData, NULL, 0);
project.c(159): warning:  #167-D: argument of type "volatile myDataPacket *" is incompatible with parameter of type "const void *"
                osMessageQueuePut (redMessage, &uartData, NULL, 0);
project.c(160): warning:  #167-D: argument of type "volatile myDataPacket *" is incompatible with parameter of type "const void *"
                osMessageQueuePut (greenMessage, &uartData, NULL, 0);
project.c(161): warning:  #167-D: argument of type "volatile myDataPacket *" is incompatible with parameter of type "const void *"
                osMessageQueuePut (buzzerMessage, &uartData,NULL,0);
project.c(182): warning:  #167-D: argument of type "void (*)()" is incompatible with parameter of type "osThreadFunc_t"
        osThreadNew (greenLedThread,NULL,NULL);
project.c(183): warning:  #167-D: argument of type "void (*)()" is incompatible with parameter of type "osThreadFunc_t"
        osThreadNew (redLedThread,NULL,NULL);
project.c(184): warning:  #167-D: argument of type "void (*)()" is incompatible with parameter of type "osThreadFunc_t"
        osThreadNew (motorThread,NULL,NULL);
project.c(185): warning:  #167-D: argument of type "void (*)()" is incompatible with parameter of type "osThreadFunc_t"
        osThreadNew (controlThread,NULL,NULL);
project.c(186): warning:  #167-D: argument of type "void (*)()" is incompatible with parameter of type "osThreadFunc_t"
        osThreadNew (buzzerThread,NULL,NULL);
project.c(174): warning:  #177-D: variable "rx_data"  was declared but never referenced
        uint8_t rx_data ;
project.c(277): warning:  #1-D: last line of file ends without a newline
  */
project.c(49): warning:  #177-D: function "delay"  was declared but never referenced
  static void delay(volatile uint32_t nof) {
project.c: 23 warnings, 0 errors
linking...
Program Size: Code=11148 RO-data=564 RW-data=6124 ZI-data=356  
".\Objects\CG2271 Project.axf" - 0 Error(s), 23 Warning(s).

<h2>Software Packages used:</h2>

Package Vendor: ARM
                http://www.keil.com/pack/ARM.CMSIS.5.6.0.pack
                ARM.CMSIS.5.6.0
                CMSIS (Cortex Microcontroller Software Interface Standard)
   * Component: RTOS2 Version: 2.1.3
   * Component: CORE Version: 5.3.0
   * Component: Keil RTX5 Variant: Library Version: 5.5.1

Package Vendor: Keil
                http://www.keil.com/pack/Keil.Kinetis_KLxx_DFP.1.15.0.pack
                Keil.Kinetis_KLxx_DFP.1.15.0
                NXP Kinetis KLxx Series Device Support and Examples
   * Component: Startup Version: 2.5.0

<h2>Collection of Component include folders:</h2>
  .\RTE\CMSIS
  .\RTE\Device\MKL25Z128xxx4
  .\RTE\_Target_1
  C:\Users\matha\AppData\Local\Arm\Packs\ARM\CMSIS\5.6.0\CMSIS\Core\Include
  C:\Users\matha\AppData\Local\Arm\Packs\ARM\CMSIS\5.6.0\CMSIS\RTOS2\Include
  C:\Users\matha\AppData\Local\Arm\Packs\ARM\CMSIS\5.6.0\CMSIS\RTOS2\RTX\Include
  C:\Users\matha\AppData\Local\Arm\Packs\Keil\Kinetis_KLxx_DFP\1.15.0\Device\Include

<h2>Collection of Component Files used:</h2>

   * Component: ::CMSIS:RTOS2:2.1.3 (API)
      Include file:  CMSIS\RTOS2\Include\cmsis_os2.h

   * Component: ARM::CMSIS:CORE:5.3.0

   * Component: ARM::CMSIS:RTOS2:Keil RTX5:Library:5.5.1
      Include file:  CMSIS\RTOS2\RTX\Config\RTX_Config.h
      Source file:   CMSIS\RTOS2\RTX\Template\Mutex.c
      Source file:   CMSIS\RTOS2\RTX\Template\Semaphore.c
      Source file:   CMSIS\RTOS2\RTX\Config\RTX_Config.c
      Source file:   CMSIS\RTOS2\RTX\Template\main.c
      Source file:   CMSIS\RTOS2\RTX\Template\Thread.c
      Source file:   CMSIS\RTOS2\RTX\Template\Events.c
      Source file:   CMSIS\RTOS2\RTX\Template\Timer.c
      Source file:   CMSIS\RTOS2\RTX\Template\svc_user.c
      Include file:  CMSIS\RTOS2\RTX\Include\rtx_os.h
      Source file:   CMSIS\RTOS2\RTX\Template\MemPool.c
      Source file:   CMSIS\RTOS2\RTX\Template\MsgQueue.c
      Library file:  CMSIS\RTOS2\RTX\Library\ARM\RTX_CM0.lib
      Source file:   CMSIS\RTOS2\RTX\Source\rtx_lib.c

   * Component: Keil::Device:Startup:2.5.0
      Source file:   Device\Source\system_MKL25Z4.c
      Source file:   Device\Source\ARM\startup_MKL25Z4.s
      Include file:  Device\Source\system_MKL25Z4.h
Build Time Elapsed:  00:00:02
</pre>
</body>
</html>
