Component: ARM Compiler 5.06 update 6 (build 750) Tool: armlink [4d35ed]

==============================================================================

Section Cross References

    motors.o(i.backward) refers to motors.o(i.frontBackward) for frontBackward
    motors.o(i.backward) refers to motors.o(i.rearBackward) for rearBackward
    motors.o(i.forward) refers to motors.o(i.frontForward) for frontForward
    motors.o(i.forward) refers to motors.o(i.rearForward) for rearForward
    motors.o(i.frontBackward) refers to motors.o(i.m1_backward) for m1_backward
    motors.o(i.frontBackward) refers to motors.o(i.m2_backward) for m2_backward
    motors.o(i.frontForward) refers to motors.o(i.m1_forward) for m1_forward
    motors.o(i.frontForward) refers to motors.o(i.m2_forward) for m2_forward
    motors.o(i.initMotorPWM) refers to motors.o(.data) for mod_val
    motors.o(i.left) refers to motors.o(i.m1_backward) for m1_backward
    motors.o(i.left) refers to motors.o(i.m2_forward) for m2_forward
    motors.o(i.m1_backward) refers to aeabi_sdiv.o(.text) for __aeabi_idivmod
    motors.o(i.m1_backward) refers to motors.o(.data) for mod_val
    motors.o(i.m1_forward) refers to aeabi_sdiv.o(.text) for __aeabi_idivmod
    motors.o(i.m1_forward) refers to motors.o(.data) for mod_val
    motors.o(i.m2_backward) refers to aeabi_sdiv.o(.text) for __aeabi_idivmod
    motors.o(i.m2_backward) refers to motors.o(.data) for mod_val
    motors.o(i.m2_forward) refers to aeabi_sdiv.o(.text) for __aeabi_idivmod
    motors.o(i.m2_forward) refers to motors.o(.data) for mod_val
    motors.o(i.move) refers to motors.o(i.__ARM_common_switch8) for __ARM_common_switch8
    motors.o(i.move) refers to motors.o(i.stop) for stop
    motors.o(i.move) refers to motors.o(i.right) for right
    motors.o(i.move) refers to motors.o(i.left) for left
    motors.o(i.move) refers to motors.o(i.forward) for forward
    motors.o(i.move) refers to motors.o(i.backward) for backward
    motors.o(i.rearBackward) refers to aeabi_sdiv.o(.text) for __aeabi_idivmod
    motors.o(i.rearBackward) refers to motors.o(.data) for mod_val
    motors.o(i.rearForward) refers to aeabi_sdiv.o(.text) for __aeabi_idivmod
    motors.o(i.rearForward) refers to motors.o(.data) for mod_val
    motors.o(i.right) refers to motors.o(i.m2_backward) for m2_backward
    motors.o(i.right) refers to motors.o(i.m1_forward) for m1_forward
    project.o(i.UART2_IRQHandler) refers to project.o(.data) for rx_interruptData
    project.o(i.buzzerThread) refers to rtx_msgqueue.o(.text.osMessageQueueGet) for osMessageQueueGet
    project.o(i.buzzerThread) refers to buzzer.o(i.play_song) for play_song
    project.o(i.buzzerThread) refers to project.o(.data) for buzzerMessage
    project.o(i.controlThread) refers to rtx_msgqueue.o(.text.osMessageQueuePut) for osMessageQueuePut
    project.o(i.controlThread) refers to project.o(.data) for uartData
    project.o(i.greenLedThread) refers to rtx_msgqueue.o(.text.osMessageQueueGet) for osMessageQueueGet
    project.o(i.greenLedThread) refers to led.o(i.setGreenLED) for setGreenLED
    project.o(i.greenLedThread) refers to led.o(i.shiftGreenLED) for shiftGreenLED
    project.o(i.greenLedThread) refers to rtx_delay.o(.text.osDelay) for osDelay
    project.o(i.greenLedThread) refers to project.o(.data) for greenMessage
    project.o(i.main) refers to led.o(i.InitLED) for InitLED
    project.o(i.main) refers to system_mkl25z4.o(i.SystemCoreClockUpdate) for SystemCoreClockUpdate
    project.o(i.main) refers to project.o(i.__NVIC_SetPriority) for __NVIC_SetPriority
    project.o(i.main) refers to uart.o(i.initUART2) for initUART2
    project.o(i.main) refers to motors.o(i.initMotorPWM) for initMotorPWM
    project.o(i.main) refers to buzzer.o(i.initPWM) for initPWM
    project.o(i.main) refers to rtx_kernel.o(.text.osKernelInitialize) for osKernelInitialize
    project.o(i.main) refers to rtx_thread.o(.text.osThreadNew) for osThreadNew
    project.o(i.main) refers to rtx_msgqueue.o(.text.osMessageQueueNew) for osMessageQueueNew
    project.o(i.main) refers to rtx_kernel.o(.text.osKernelStart) for osKernelStart
    project.o(i.main) refers to system_mkl25z4.o(.data) for SystemCoreClock
    project.o(i.main) refers to project.o(i.greenLedThread) for greenLedThread
    project.o(i.main) refers to project.o(i.redLedThread) for redLedThread
    project.o(i.main) refers to project.o(i.motorThread) for motorThread
    project.o(i.main) refers to project.o(i.controlThread) for controlThread
    project.o(i.main) refers to project.o(i.buzzerThread) for buzzerThread
    project.o(i.main) refers to project.o(.data) for redMessage
    project.o(i.motorThread) refers to rtx_msgqueue.o(.text.osMessageQueueGet) for osMessageQueueGet
    project.o(i.motorThread) refers to motors.o(i.move) for move
    project.o(i.motorThread) refers to project.o(.data) for motorMessage
[...]
    uart.c                                   0x00000000   Number         0  uart.o ABSOLUTE
    uart.c                                   0x00000000   Number         0  uart.o ABSOLUTE
    !!!main                                  0x000000c0   Section        8  __main.o(!!!main)
    !!!scatter                               0x000000c8   Section       60  __scatter.o(!!!scatter)
    !!handler_zi                             0x00000104   Section       28  __scatter_zi.o(!!handler_zi)
    .ARM.Collect$$libinit$$00000000          0x00000120   Section        2  libinit.o(.ARM.Collect$$libinit$$00000000)
    .ARM.Collect$$libinit$$00000002          0x00000122   Section        0  libinit2.o(.ARM.Collect$$libinit$$00000002)
    .ARM.Collect$$libinit$$00000004          0x00000122   Section        0  libinit2.o(.ARM.Collect$$libinit$$00000004)
    .ARM.Collect$$libinit$$0000000A          0x00000122   Section        0  libinit2.o(.ARM.Collect$$libinit$$0000000A)
    .ARM.Collect$$libinit$$0000000C          0x00000122   Section        0  libinit2.o(.ARM.Collect$$libinit$$0000000C)
    .ARM.Collect$$libinit$$0000000E          0x00000122   Section        0  libinit2.o(.ARM.Collect$$libinit$$0000000E)
    .ARM.Collect$$libinit$$00000011          0x00000122   Section        0  libinit2.o(.ARM.Collect$$libinit$$00000011)
    .ARM.Collect$$libinit$$00000013          0x00000122   Section        0  libinit2.o(.ARM.Collect$$libinit$$00000013)
    .ARM.Collect$$libinit$$00000015          0x00000122   Section        0  libinit2.o(.ARM.Collect$$libinit$$00000015)
    .ARM.Collect$$libinit$$00000017          0x00000122   Section        0  libinit2.o(.ARM.Collect$$libinit$$00000017)
    .ARM.Collect$$libinit$$00000019          0x00000122   Section        0  libinit2.o(.ARM.Collect$$libinit$$00000019)
    .ARM.Collect$$libinit$$0000001B          0x00000122   Section        0  libinit2.o(.ARM.Collect$$libinit$$0000001B)
    .ARM.Collect$$libinit$$0000001D          0x00000122   Section        0  libinit2.o(.ARM.Collect$$libinit$$0000001D)
    .ARM.Collect$$libinit$$0000001F          0x00000122   Section        0  libinit2.o(.ARM.Collect$$libinit$$0000001F)
    .ARM.Collect$$libinit$$00000021          0x00000122   Section        0  libinit2.o(.ARM.Collect$$libinit$$00000021)
    .ARM.Collect$$libinit$$00000023          0x00000122   Section        0  libinit2.o(.ARM.Collect$$libinit$$00000023)
    .ARM.Collect$$libinit$$00000025          0x00000122   Section        0  libinit2.o(.ARM.Collect$$libinit$$00000025)
    .ARM.Collect$$libinit$$0000002C          0x00000122   Section        0  libinit2.o(.ARM.Collect$$libinit$$0000002C)
    .ARM.Collect$$libinit$$0000002E          0x00000122   Section        0  libinit2.o(.ARM.Collect$$libinit$$0000002E)
    .ARM.Collect$$libinit$$00000030          0x00000122   Section        0  libinit2.o(.ARM.Collect$$libinit$$00000030)
    .ARM.Collect$$libinit$$00000032          0x00000122   Section        0  libinit2.o(.ARM.Collect$$libinit$$00000032)
    .ARM.Collect$$libinit$$00000033          0x00000122   Section        2  libinit2.o(.ARM.Collect$$libinit$$00000033)
    .ARM.Collect$$libshutdown$$00000000      0x00000124   Section        2  libshutdown.o(.ARM.Collect$$libshutdown$$00000000)
    .ARM.Collect$$libshutdown$$00000002      0x00000126   Section        0  libshutdown2.o(.ARM.Collect$$libshutdown$$00000002)
    .ARM.Collect$$libshutdown$$00000004      0x00000126   Section        0  libshutdown2.o(.ARM.Collect$$libshutdown$$00000004)
    .ARM.Collect$$libshutdown$$00000007      0x00000126   Section        0  libshutdown2.o(.ARM.Collect$$libshutdown$$00000007)
    .ARM.Collect$$libshutdown$$0000000A      0x00000126   Section        0  libshutdown2.o(.ARM.Collect$$libshutdown$$0000000A)
    .ARM.Collect$$libshutdown$$0000000C      0x00000126   Section        0  libshutdown2.o(.ARM.Collect$$libshutdown$$0000000C)
    .ARM.Collect$$libshutdown$$0000000F      0x00000126   Section        0  libshutdown2.o(.ARM.Collect$$libshutdown$$0000000F)
    .ARM.Collect$$libshutdown$$00000010      0x00000126   Section        2  libshutdown2.o(.ARM.Collect$$libshutdown$$00000010)
    .ARM.Collect$$rtentry$$00000000          0x00000128   Section        0  __rtentry.o(.ARM.Collect$$rtentry$$00000000)
    .ARM.Collect$$rtentry$$00000002          0x00000128   Section        0  __rtentry2.o(.ARM.Collect$$rtentry$$00000002)
    .ARM.Collect$$rtentry$$00000004          0x00000128   Section        6  __rtentry4.o(.ARM.Collect$$rtentry$$00000004)
    .ARM.Collect$$rtentry$$00000008          0x0000012e   Section        8  __rtentry2.o(.ARM.Collect$$rtentry$$00000008)
    .ARM.Collect$$rtentry$$0000000A          0x00000136   Section        4  __rtentry2.o(.ARM.Collect$$rtentry$$0000000A)
    .ARM.Collect$$rtentry$$0000000C          0x0000013a   Section        0  __rtentry2.o(.ARM.Collect$$rtentry$$0000000C)
    .ARM.Collect$$rtentry$$0000000D          0x0000013a   Section        8  __rtentry2.o(.ARM.Collect$$rtentry$$0000000D)
    .ARM.Collect$$rtexit$$00000000           0x00000142   Section        2  rtexit.o(.ARM.Collect$$rtexit$$00000000)
    .ARM.Collect$$rtexit$$00000002           0x00000144   Section        0  rtexit2.o(.ARM.Collect$$rtexit$$00000002)
    .ARM.Collect$$rtexit$$00000003           0x00000144   Section        4  rtexit2.o(.ARM.Collect$$rtexit$$00000003)
    .ARM.Collect$$rtexit$$00000004           0x00000148   Section        6  rtexit2.o(.ARM.Collect$$rtexit$$00000004)
    .emb_text                                0x00000150   Section       56  rt_memcpy.o(.emb_text)
    .text                                    0x00000188   Section       64  startup_mkl25z4.o(.text)
    .text                                    0x000001c8   Section      164  irq_cm0.o(.text)
    .text                                    0x0000026c   Section        0  rt_memcpy.o(.text)
    .text                                    0x000002ee   Section        0  rt_memclr.o(.text)
    .text                                    0x0000032e   Section        0  heapauxi.o(.text)
    .text                                    0x00000334   Section        0  ffixi.o(.text)
    .text                                    0x00000380   Section        0  fflti.o(.text)
    .text                                    0x000003de   Section        0  exit.o(.text)
    .text                                    0x000003f0   Section        8  libspace.o(.text)
    .text                                    0x000003f8   Section        2  use_no_semi.o(.text)
    [Anonymous Symbol]                       0x000003fa   Section        0  os_systick.o(.text.OS_Tick_GetIRQn)
    .text                                    0x000003fa   Section        0  indicate_semi.o(.text)
    .ARM.__at_0x400                          0x00000400   Section       16  startup_mkl25z4.o(.ARM.__at_0x400)
    .text                                    0x00000410   Section      346  aeabi_sdiv.o(.text)
    .text                                    0x0000056c   Section        0  fdiv.o(.text)
    .text                                    0x000006cc   Section       62  sys_stackheap_outer.o(.text)
    .text                                    0x0000070c   Section        0  sys_exit.o(.text)
    .text                                    0x00000718   Section        0  __dczerorl2.o(.text)
    [Anonymous Symbol]                       0x0000076e   Section        0  rtx_msgqueue.o(.text.MessageQueueGet)
    MessageQueueGet                          0x0000076f   Thumb Code    76  rtx_msgqueue.o(.text.MessageQueueGet)
    [Anonymous Symbol]                       0x000007ba   Section        0  rtx_msgqueue.o(.text.MessageQueuePut)
    MessageQueuePut                          0x000007bb   Thumb Code    98  rtx_msgqueue.o(.text.MessageQueuePut)
    [Anonymous Symbol]                       0x0000081c   Section        0  rtx_msgqueue.o(.text.MessageQueueRemove)
    MessageQueueRemove                       0x0000081d   Thumb Code    30  rtx_msgqueue.o(.text.MessageQueueRemove)
    [Anonymous Symbol]                       0x0000083c   Section        0  os_systick.o(.text.OS_Tick_AcknowledgeIRQ)
    __arm_cp.3_0                             0x00000844   Number         4  os_systick.o(.text.OS_Tick_AcknowledgeIRQ)
    [Anonymous Symbol]                       0x00000848   Section        0  os_systick.o(.text.OS_Tick_Enable)
    __arm_cp.1_0                             0x00000868   Number         4  os_systick.o(.text.OS_Tick_Enable)
    __arm_cp.1_1                             0x0000086c   Number         4  os_systick.o(.text.OS_Tick_Enable)
    __arm_cp.1_2                             0x00000870   Number         4  os_systick.o(.text.OS_Tick_Enable)
    [Anonymous Symbol]                       0x00000874   Section        0  os_systick.o(.text.OS_Tick_Setup)
    __arm_cp.0_0                             0x000008b0   Number         4  os_systick.o(.text.OS_Tick_Setup)
    __arm_cp.0_1                             0x000008b4   Number         4  os_systick.o(.text.OS_Tick_Setup)
    __arm_cp.0_2                             0x000008b8   Number         4  os_systick.o(.text.OS_Tick_Setup)
    __arm_cp.0_3                             0x000008bc   Number         4  os_systick.o(.text.OS_Tick_Setup)
    [Anonymous Symbol]                       0x000008c0   Section        0  rtx_thread.o(.text.ThreadFlagsCheck)
    ThreadFlagsCheck                         0x000008c1   Thumb Code    78  rtx_thread.o(.text.ThreadFlagsCheck)
    [Anonymous Symbol]                       0x00000910   Section        0  rtx_timer.o(.text.TimerInsert)
    TimerInsert                              0x00000911   Thumb Code    76  rtx_timer.o(.text.TimerInsert)
    __arm_cp.8_0                             0x00000958   Number         4  rtx_timer.o(.text.TimerInsert)
    [Anonymous Symbol]                       0x0000095c   Section        0  rtx_delay.o(.text.osDelay)
    __arm_cp.0_0                             0x00000980   Number         4  rtx_delay.o(.text.osDelay)
    [Anonymous Symbol]                       0x00000984   Section        0  rtx_kernel.o(.text.osKernelGetState)
    __arm_cp.4_0                             0x000009ac   Number         4  rtx_kernel.o(.text.osKernelGetState)
    __arm_cp.4_1                             0x000009b0   Number         4  rtx_kernel.o(.text.osKernelGetState)
    [Anonymous Symbol]                       0x000009b4   Section        0  rtx_kernel.o(.text.osKernelInitialize)
    __arm_cp.1_0                             0x000009d8   Number         4  rtx_kernel.o(.text.osKernelInitialize)
    [Anonymous Symbol]                       0x000009dc   Section        0  rtx_kernel.o(.text.osKernelStart)
    __arm_cp.6_0                             0x000009fc   Number         4  rtx_kernel.o(.text.osKernelStart)
    [Anonymous Symbol]                       0x00000a00   Section        0  rtx_msgqueue.o(.text.osMessageQueueGet)
    __arm_cp.3_0                             0x00000a70   Number         4  rtx_msgqueue.o(.text.osMessageQueueGet)
    [Anonymous Symbol]                       0x00000a74   Section        0  rtx_msgqueue.o(.text.osMessageQueueNew)
    __arm_cp.0_0                             0x00000a94   Number         4  rtx_msgqueue.o(.text.osMessageQueueNew)
    [Anonymous Symbol]                       0x00000a98   Section        0  rtx_msgqueue.o(.text.osMessageQueuePut)
    __arm_cp.2_0                             0x00000b0c   Number         4  rtx_msgqueue.o(.text.osMessageQueuePut)
    [Anonymous Symbol]                       0x00000b10   Section        0  rtx_mutex.o(.text.osMutexAcquire)
    __arm_cp.3_0                             0x00000b34   Number         4  rtx_mutex.o(.text.osMutexAcquire)
    [Anonymous Symbol]                       0x00000b38   Section        0  rtx_mutex.o(.text.osMutexDelete)
    __arm_cp.6_0                             0x00000b5c   Number         4  rtx_mutex.o(.text.osMutexDelete)
    [Anonymous Symbol]                       0x00000b60   Section        0  rtx_mutex.o(.text.osMutexNew)
    __arm_cp.1_0                             0x00000b80   Number         4  rtx_mutex.o(.text.osMutexNew)
    [Anonymous Symbol]                       0x00000b84   Section        0  rtx_mutex.o(.text.osMutexRelease)
    __arm_cp.4_0                             0x00000ba8   Number         4  rtx_mutex.o(.text.osMutexRelease)
    [Anonymous Symbol]                       0x00000bac   Section        0  rtx_kernel.o(.text.osRtxKernelPreInit)
    [Anonymous Symbol]                       0x00000bae   Section        0  rtx_memory.o(.text.osRtxMemoryAlloc)
    [Anonymous Symbol]                       0x00000c2a   Section        0  rtx_memory.o(.text.osRtxMemoryFree)
    [Anonymous Symbol]                       0x00000c78   Section        0  rtx_memory.o(.text.osRtxMemoryInit)
    [Anonymous Symbol]                       0x00000caa   Section        0  rtx_mempool.o(.text.osRtxMemoryPoolAlloc)
    [Anonymous Symbol]                       0x00000cd8   Section        0  rtx_mempool.o(.text.osRtxMemoryPoolFree)
    [Anonymous Symbol]                       0x00000d12   Section        0  rtx_mempool.o(.text.osRtxMemoryPoolInit)
    [Anonymous Symbol]                       0x00000d50   Section        0  rtx_msgqueue.o(.text.osRtxMessageQueuePostProcess)
    osRtxMessageQueuePostProcess             0x00000d51   Thumb Code   188  rtx_msgqueue.o(.text.osRtxMessageQueuePostProcess)
    [Anonymous Symbol]                       0x00000e0c   Section        0  rtx_mutex.o(.text.osRtxMutexOwnerRelease)
    [Anonymous Symbol]                       0x00000e50   Section        0  rtx_system.o(.text.osRtxPendSV_Handler)
    __arm_cp.1_0                             0x00000ecc   Number         4  rtx_system.o(.text.osRtxPendSV_Handler)
    [Anonymous Symbol]                       0x00000ed0   Section        0  rtx_system.o(.text.osRtxPostProcess)
    __arm_cp.2_0                             0x00000f34   Number         4  rtx_system.o(.text.osRtxPostProcess)
    __arm_cp.2_1                             0x00000f38   Number         4  rtx_system.o(.text.osRtxPostProcess)
    [Anonymous Symbol]                       0x00000f3c   Section        0  rtx_thread.o(.text.osRtxThreadBlock)
    osRtxThreadBlock                         0x00000f3d   Thumb Code    56  rtx_thread.o(.text.osRtxThreadBlock)
    __arm_cp.10_0                            0x00000f70   Number         4  rtx_thread.o(.text.osRtxThreadBlock)
    [Anonymous Symbol]                       0x00000f74   Section        0  rtx_thread.o(.text.osRtxThreadDelayInsert)
    osRtxThreadDelayInsert                   0x00000f75   Thumb Code   128  rtx_thread.o(.text.osRtxThreadDelayInsert)
    __arm_cp.14_0                            0x00000ff0   Number         4  rtx_thread.o(.text.osRtxThreadDelayInsert)
    [Anonymous Symbol]                       0x00000ff4   Section        0  rtx_thread.o(.text.osRtxThreadDelayRemove)
    osRtxThreadDelayRemove                   0x00000ff5   Thumb Code    68  rtx_thread.o(.text.osRtxThreadDelayRemove)
    __arm_cp.12_0                            0x00001034   Number         4  rtx_thread.o(.text.osRtxThreadDelayRemove)
    [Anonymous Symbol]                       0x00001038   Section        0  rtx_thread.o(.text.osRtxThreadDelayTick)
    __arm_cp.5_0                             0x0000106c   Number         4  rtx_thread.o(.text.osRtxThreadDelayTick)
    [Anonymous Symbol]                       0x00001070   Section        0  rtx_thread.o(.text.osRtxThreadDispatch)
    __arm_cp.9_0                             0x000010bc   Number         4  rtx_thread.o(.text.osRtxThreadDispatch)
    [Anonymous Symbol]                       0x000010c0   Section        0  rtx_thread.o(.text.osRtxThreadFree)
    osRtxThreadFree                          0x000010c1   Thumb Code    84  rtx_thread.o(.text.osRtxThreadFree)
    __arm_cp.52_0                            0x00001110   Number         4  rtx_thread.o(.text.osRtxThreadFree)
    [Anonymous Symbol]                       0x00001114   Section        0  rtx_thread.o(.text.osRtxThreadListGet)
    [Anonymous Symbol]                       0x00001128   Section        0  rtx_thread.o(.text.osRtxThreadListPut)
    [Anonymous Symbol]                       0x00001154   Section        0  rtx_thread.o(.text.osRtxThreadListRemove)
    [Anonymous Symbol]                       0x0000116c   Section        0  rtx_thread.o(.text.osRtxThreadListSort)
    [Anonymous Symbol]                       0x00001192   Section        0  rtx_thread.o(.text.osRtxThreadPostProcess)
    osRtxThreadPostProcess                   0x00001193   Thumb Code    38  rtx_thread.o(.text.osRtxThreadPostProcess)
    [Anonymous Symbol]                       0x000011b8   Section        0  rtx_thread.o(.text.osRtxThreadReadyPut)
    __arm_cp.4_0                             0x000011cc   Number         4  rtx_thread.o(.text.osRtxThreadReadyPut)
    [Anonymous Symbol]                       0x000011d0   Section        0  rtx_thread.o(.text.osRtxThreadRegPtr)
    [Anonymous Symbol]                       0x000011d8   Section        0  rtx_thread.o(.text.osRtxThreadStackCheck)
    __arm_cp.8_0                             0x000011fc   Number         4  rtx_thread.o(.text.osRtxThreadStackCheck)
    __arm_cp.8_1                             0x00001200   Number         4  rtx_thread.o(.text.osRtxThreadStackCheck)
    [Anonymous Symbol]                       0x00001204   Section        0  rtx_thread.o(.text.osRtxThreadStartup)
    __arm_cp.15_0                            0x00001234   Number         4  rtx_thread.o(.text.osRtxThreadStartup)
    __arm_cp.15_1                            0x00001238   Number         4  rtx_thread.o(.text.osRtxThreadStartup)
    __arm_cp.15_2                            0x0000123c   Number         4  rtx_thread.o(.text.osRtxThreadStartup)
    __arm_cp.15_3                            0x00001240   Number         4  rtx_thread.o(.text.osRtxThreadStartup)
    [Anonymous Symbol]                       0x00001244   Section        0  rtx_thread.o(.text.osRtxThreadSwitch)
    __arm_cp.7_0                             0x00001254   Number         4  rtx_thread.o(.text.osRtxThreadSwitch)
    [Anonymous Symbol]                       0x00001258   Section        0  rtx_thread.o(.text.osRtxThreadWaitEnter)
    __arm_cp.13_0                            0x00001290   Number         4  rtx_thread.o(.text.osRtxThreadWaitEnter)
    [Anonymous Symbol]                       0x00001294   Section        0  rtx_thread.o(.text.osRtxThreadWaitExit)
    [Anonymous Symbol]                       0x000012b8   Section        0  rtx_system.o(.text.osRtxTick_Handler)
    __arm_cp.0_0                             0x00001328   Number         4  rtx_system.o(.text.osRtxTick_Handler)
    [Anonymous Symbol]                       0x0000132c   Section        0  rtx_timer.o(.text.osRtxTimerThread)
    __arm_cp.0_0                             0x0000135c   Number         4  rtx_timer.o(.text.osRtxTimerThread)
    __arm_cp.0_1                             0x00001360   Number         4  rtx_timer.o(.text.osRtxTimerThread)
    __arm_cp.0_2                             0x00001364   Number         4  rtx_timer.o(.text.osRtxTimerThread)
    [Anonymous Symbol]                       0x00001368   Section        0  rtx_timer.o(.text.osRtxTimerTick)
    osRtxTimerTick                           0x00001369   Thumb Code    96  rtx_timer.o(.text.osRtxTimerTick)
    __arm_cp.1_0                             0x000013c4   Number         4  rtx_timer.o(.text.osRtxTimerTick)
    [Anonymous Symbol]                       0x000013c8   Section        0  rtx_thread.o(.text.osThreadExit)
    __arm_cp.31_0                            0x000013d0   Number         4  rtx_thread.o(.text.osThreadExit)
    [Anonymous Symbol]                       0x000013d4   Section        0  rtx_thread.o(.text.osThreadNew)
    __arm_cp.17_0                            0x000013f4   Number         4  rtx_thread.o(.text.osThreadNew)
    [Anonymous Symbol]                       0x000013f8   Section        0  rtx_delay.o(.text.svcRtxDelay)
    svcRtxDelay                              0x000013f9   Thumb Code    18  rtx_delay.o(.text.svcRtxDelay)
    [Anonymous Symbol]                       0x0000140c   Section        0  rtx_kernel.o(.text.svcRtxKernelGetState)
    svcRtxKernelGetState                     0x0000140d   Thumb Code    12  rtx_kernel.o(.text.svcRtxKernelGetState)
    __arm_cp.5_0                             0x00001414   Number         4  rtx_kernel.o(.text.svcRtxKernelGetState)
    [Anonymous Symbol]                       0x00001418   Section        0  rtx_kernel.o(.text.svcRtxKernelInitialize)
    svcRtxKernelInitialize                   0x00001419   Thumb Code   328  rtx_kernel.o(.text.svcRtxKernelInitialize)
    __arm_cp.20_0                            0x00001554   Number         4  rtx_kernel.o(.text.svcRtxKernelInitialize)
    __arm_cp.20_1                            0x00001558   Number         4  rtx_kernel.o(.text.svcRtxKernelInitialize)
    __arm_cp.20_2                            0x0000155c   Number         4  rtx_kernel.o(.text.svcRtxKernelInitialize)
    [Anonymous Symbol]                       0x00001560   Section        0  rtx_kernel.o(.text.svcRtxKernelStart)
    svcRtxKernelStart                        0x00001561   Thumb Code   132  rtx_kernel.o(.text.svcRtxKernelStart)
    __arm_cp.21_0                            0x000015d4   Number         4  rtx_kernel.o(.text.svcRtxKernelStart)
    __arm_cp.21_1                            0x000015d8   Number         4  rtx_kernel.o(.text.svcRtxKernelStart)
    __arm_cp.21_2                            0x000015dc   Number         4  rtx_kernel.o(.text.svcRtxKernelStart)
    __arm_cp.21_3                            0x000015e0   Number         4  rtx_kernel.o(.text.svcRtxKernelStart)
    [Anonymous Symbol]                       0x000015e4   Section        0  rtx_msgqueue.o(.text.svcRtxMessageQueueGet)
    svcRtxMessageQueueGet                    0x000015e5   Thumb Code   232  rtx_msgqueue.o(.text.svcRtxMessageQueueGet)
    __arm_cp.21_0                            0x000016c8   Number         4  rtx_msgqueue.o(.text.svcRtxMessageQueueGet)
    [Anonymous Symbol]                       0x000016cc   Section        0  rtx_msgqueue.o(.text.svcRtxMessageQueueNew)
    svcRtxMessageQueueNew                    0x000016cd   Thumb Code   484  rtx_msgqueue.o(.text.svcRtxMessageQueueNew)
    __arm_cp.14_0                            0x00001898   Number         4  rtx_msgqueue.o(.text.svcRtxMessageQueueNew)
    __arm_cp.14_1                            0x0000189c   Number         4  rtx_msgqueue.o(.text.svcRtxMessageQueueNew)
    __arm_cp.14_2                            0x000018a0   Number         4  rtx_msgqueue.o(.text.svcRtxMessageQueueNew)
    __arm_cp.14_3                            0x000018a4   Number         4  rtx_msgqueue.o(.text.svcRtxMessageQueueNew)
    __arm_cp.14_4                            0x000018a8   Number         4  rtx_msgqueue.o(.text.svcRtxMessageQueueNew)
    __arm_cp.14_5                            0x000018ac   Number         4  rtx_msgqueue.o(.text.svcRtxMessageQueueNew)
    [Anonymous Symbol]                       0x000018b0   Section        0  rtx_msgqueue.o(.text.svcRtxMessageQueuePut)
    svcRtxMessageQueuePut                    0x000018b1   Thumb Code   188  rtx_msgqueue.o(.text.svcRtxMessageQueuePut)
    __arm_cp.19_0                            0x00001968   Number         4  rtx_msgqueue.o(.text.svcRtxMessageQueuePut)
    [Anonymous Symbol]                       0x0000196c   Section        0  rtx_mutex.o(.text.svcRtxMutexAcquire)
    svcRtxMutexAcquire                       0x0000196d   Thumb Code   152  rtx_mutex.o(.text.svcRtxMutexAcquire)
    __arm_cp.9_0                             0x00001a00   Number         4  rtx_mutex.o(.text.svcRtxMutexAcquire)
    [Anonymous Symbol]                       0x00001a04   Section        0  rtx_mutex.o(.text.svcRtxMutexDelete)
    svcRtxMutexDelete                        0x00001a05   Thumb Code   188  rtx_mutex.o(.text.svcRtxMutexDelete)
    __arm_cp.12_0                            0x00001abc   Number         4  rtx_mutex.o(.text.svcRtxMutexDelete)
    [Anonymous Symbol]                       0x00001ac0   Section        0  rtx_mutex.o(.text.svcRtxMutexNew)
    svcRtxMutexNew                           0x00001ac1   Thumb Code   112  rtx_mutex.o(.text.svcRtxMutexNew)
    __arm_cp.7_0                             0x00001b2c   Number         4  rtx_mutex.o(.text.svcRtxMutexNew)
    [Anonymous Symbol]                       0x00001b30   Section        0  rtx_mutex.o(.text.svcRtxMutexRelease)
    svcRtxMutexRelease                       0x00001b31   Thumb Code   192  rtx_mutex.o(.text.svcRtxMutexRelease)
    __arm_cp.10_0                            0x00001bec   Number         4  rtx_mutex.o(.text.svcRtxMutexRelease)
    [Anonymous Symbol]                       0x00001bf0   Section        0  rtx_thread.o(.text.svcRtxThreadExit)
    svcRtxThreadExit                         0x00001bf1   Thumb Code   108  rtx_thread.o(.text.svcRtxThreadExit)
    __arm_cp.54_0                            0x00001c58   Number         4  rtx_thread.o(.text.svcRtxThreadExit)
    [Anonymous Symbol]                       0x00001c5c   Section        0  rtx_thread.o(.text.svcRtxThreadNew)
    svcRtxThreadNew                          0x00001c5d   Thumb Code   492  rtx_thread.o(.text.svcRtxThreadNew)
    __arm_cp.16_0                            0x00001e30   Number         4  rtx_thread.o(.text.svcRtxThreadNew)
    __arm_cp.16_1                            0x00001e34   Number         4  rtx_thread.o(.text.svcRtxThreadNew)
    __arm_cp.16_2                            0x00001e38   Number         4  rtx_thread.o(.text.svcRtxThreadNew)
    __arm_cp.16_3                            0x00001e3c   Number         4  rtx_thread.o(.text.svcRtxThreadNew)
    __arm_cp.16_4                            0x00001e40   Number         4  rtx_thread.o(.text.svcRtxThreadNew)
    __arm_cp.16_5                            0x00001e44   Number         4  rtx_thread.o(.text.svcRtxThreadNew)
    i.InitLED                                0x00001e48   Section        0  led.o(i.InitLED)
    i.SystemCoreClockUpdate                  0x00001edc   Section        0  system_mkl25z4.o(i.SystemCoreClockUpdate)
    i.SystemInit                             0x0000206c   Section        0  system_mkl25z4.o(i.SystemInit)
    i.UART2_IRQHandler                       0x00002078   Section        0  project.o(i.UART2_IRQHandler)
    i.__ARM_common_switch8                   0x000020bc   Section        0  motors.o(i.__ARM_common_switch8)
    i.__NVIC_SetPriority                     0x000020d8   Section        0  project.o(i.__NVIC_SetPriority)
    __NVIC_SetPriority                       0x000020d9   Thumb Code   110  project.o(i.__NVIC_SetPriority)
    i.__NVIC_SetPriority                     0x00002150   Section        0  uart.o(i.__NVIC_SetPriority)
    __NVIC_SetPriority                       0x00002151   Thumb Code   110  uart.o(i.__NVIC_SetPriority)
    i._mutex_acquire                         0x000021c8   Section        0  rtx_lib.o(i._mutex_acquire)
    __tagsym$$used                           0x000021c9   Number         0  rtx_lib.o(i._mutex_acquire)
    i._mutex_free                            0x000021e0   Section        0  rtx_lib.o(i._mutex_free)
    __tagsym$$used                           0x000021e1   Number         0  rtx_lib.o(i._mutex_free)
    i._mutex_initialize                      0x000021ec   Section        0  rtx_lib.o(i._mutex_initialize)
    __tagsym$$used                           0x000021ed   Number         0  rtx_lib.o(i._mutex_initialize)
    i._mutex_release                         0x00002210   Section        0  rtx_lib.o(i._mutex_release)
    __tagsym$$used                           0x00002211   Number         0  rtx_lib.o(i._mutex_release)
    i._platform_post_stackheap_init          0x00002224   Section        0  rtx_lib.o(i._platform_post_stackheap_init)
    i.backward                               0x0000222c   Section        0  motors.o(i.backward)
    i.buzzerThread                           0x00002240   Section        0  project.o(i.buzzerThread)
    i.controlThread                          0x0000228c   Section        0  project.o(i.controlThread)
    i.forward                                0x000022dc   Section        0  motors.o(i.forward)
    i.freq_to_mod                            0x000022f0   Section        0  buzzer.o(i.freq_to_mod)
    i.frontBackward                          0x00002330   Section        0  motors.o(i.frontBackward)
    i.frontForward                           0x00002342   Section        0  motors.o(i.frontForward)
    i.greenLedThread                         0x00002354   Section        0  project.o(i.greenLedThread)
    i.initMotorPWM                           0x000023a4   Section        0  motors.o(i.initMotorPWM)
    i.initPWM                                0x000025b8   Section        0  buzzer.o(i.initPWM)
    i.initUART2                              0x00002674   Section        0  uart.o(i.initUART2)
    i.left                                   0x00002740   Section        0  motors.o(i.left)
    i.m1_backward                            0x00002754   Section        0  motors.o(i.m1_backward)
    i.m1_forward                             0x0000277c   Section        0  motors.o(i.m1_forward)
    i.m2_backward                            0x000027a4   Section        0  motors.o(i.m2_backward)
    i.m2_forward                             0x000027cc   Section        0  motors.o(i.m2_forward)
    i.main                                   0x000027f4   Section        0  project.o(i.main)
    i.motorThread                            0x000028f4   Section        0  project.o(i.motorThread)
    i.move                                   0x00002920   Section        0  motors.o(i.move)
    i.osRtxErrorNotify                       0x0000295c   Section        0  rtx_config.o(i.osRtxErrorNotify)
    i.osRtxIdleThread                        0x0000297c   Section        0  rtx_config.o(i.osRtxIdleThread)
    i.os_kernel_is_active                    0x00002980   Section        0  rtx_lib.o(i.os_kernel_is_active)
    os_kernel_is_active                      0x00002981   Thumb Code    30  rtx_lib.o(i.os_kernel_is_active)
    i.play_song                              0x000029a4   Section        0  buzzer.o(i.play_song)
    i.rearBackward                           0x00002a2c   Section        0  motors.o(i.rearBackward)
    i.rearForward                            0x00002a54   Section        0  motors.o(i.rearForward)
    i.redLedThread                           0x00002a7c   Section        0  project.o(i.redLedThread)
    i.right                                  0x00002ad0   Section        0  motors.o(i.right)
    i.setGreenLED                            0x00002ae4   Section        0  led.o(i.setGreenLED)
    i.shiftGreenLED                          0x00002b0c   Section        0  led.o(i.shiftGreenLED)
    i.stop                                   0x00002b6c   Section        0  motors.o(i.stop)
    i.toggleRedLED                           0x00002b88   Section        0  led.o(i.toggleRedLED)
    x$fpl$fmul                               0x00002b9c   Section      176  fmul.o(x$fpl$fmul)
    .constdata                               0x00002c4c   Section      100  rtx_lib.o(.constdata)
    x$fpl$usenofp                            0x00002c4c   Section        0  usenofp.o(x$fpl$usenofp)
    os_idle_thread_attr                      0x00002c4c   Data          36  rtx_lib.o(.constdata)
    os_timer_thread_attr                     0x00002c70   Data          36  rtx_lib.o(.constdata)
    os_timer_mq_attr                         0x00002c94   Data          24  rtx_lib.o(.constdata)
    .constdata                               0x00002cb0   Section        1  irq_cm0.o(.constdata)
    .constdata                               0x00002cb1   Section       64  fdiv.o(.constdata)
    fdiv_tab                                 0x00002cb1   Data          64  fdiv.o(.constdata)
    .rodata                                  0x00002cf4   Section      160  rtx_lib.o(.rodata)
    __tagsym$$used                           0x00002cf4   Number         0  rtx_lib.o(.rodata)
    __tagsym$$used                           0x00002d5c   Number         0  rtx_lib.o(.rodata)
    [Anonymous Symbol]                       0x00002d94   Section        0  rtx_kernel.o(.rodata.str1.4)
    .L.str                                   0x00002d94   Data          11  rtx_kernel.o(.rodata.str1.4)
    .bss.os                                  0x1ffff000   Section     4160  rtx_lib.o(.bss.os)
    os_mem                                   0x1ffff000   Data        4096  rtx_lib.o(.bss.os)
    os_isr_queue                             0x20000000   Data          64  rtx_lib.o(.bss.os)
    .bss.os.msgqueue.cb                      0x20000040   Section       52  rtx_lib.o(.bss.os.msgqueue.cb)
    os_timer_mq_cb                           0x20000040   Data          52  rtx_lib.o(.bss.os.msgqueue.cb)
    .bss.os.msgqueue.mem                     0x20000074   Section       80  rtx_lib.o(.bss.os.msgqueue.mem)
    os_timer_mq_data                         0x20000074   Data          80  rtx_lib.o(.bss.os.msgqueue.mem)
    .bss.os.thread.cb                        0x200000c4   Section      136  rtx_lib.o(.bss.os.thread.cb)
    os_idle_thread_cb                        0x200000c4   Data          68  rtx_lib.o(.bss.os.thread.cb)
    os_timer_thread_cb                       0x20000108   Data          68  rtx_lib.o(.bss.os.thread.cb)
    .bss.os.thread.stack                     0x20000150   Section      512  rtx_lib.o(.bss.os.thread.stack)
    os_idle_thread_stack                     0x20000150   Data         256  rtx_lib.o(.bss.os.thread.stack)
    os_timer_thread_stack                    0x20000250   Data         256  rtx_lib.o(.bss.os.thread.stack)
    .data                                    0x20000350   Section        4  motors.o(.data)
    .data                                    0x20000354   Section      948  project.o(.data)
    .data                                    0x20000708   Section       52  led.o(.data)
    .data                                    0x2000073c   Section        5  rtx_lib.o(.data)
    os_kernel_active                         0x20000740   Data           1  rtx_lib.o(.data)
    .data                                    0x20000744   Section        4  system_mkl25z4.o(.data)
    .bss                                     0x200007ec   Section       96  libspace.o(.bss)
    [Anonymous Symbol]                       0x2000084c   Section        0  os_systick.o(.bss.PendST)
    PendST                                   0x2000084c   Data           1  os_systick.o(.bss.PendST)
    HEAP                                     0x20000850   Section        0  startup_mkl25z4.o(HEAP)
    STACK                                    0x20000850   Section      256  startup_mkl25z4.o(STACK)
    Heap_Mem                                 0x20000850   Data           0  startup_mkl25z4.o(HEAP)
    Stack_Mem                                0x20000850   Data         256  startup_mkl25z4.o(STACK)
    __initial_sp                             0x20000950   Data           0  startup_mkl25z4.o(STACK)

    Global Symbols

    Symbol Name                              Value     Ov Type        Size  Object(Section)

    BuildAttributes$$THM_ISAv3M$S$PE$A:L22$X:L11$S22$IEEE1$IW$~IW$USESV6$~STKCKD$USESV7$~SHL$OSPACE$ROPI$EBA8$UX$STANDARDLIB$REQ8$PRES8$EABIv2 0x00000000   Number         0  anon$$obj.o ABSOLUTE
    __ARM_use_no_argv                        0x00000000   Number         0  project.o ABSOLUTE
    __Vectors                                0x00000000   Data           4  startup_mkl25z4.o(RESET)
    .bss.os.evflags.cb$$Base                  - Undefined Weak Reference
    .bss.os.evflags.cb$$Limit                 - Undefined Weak Reference
    .bss.os.mempool.cb$$Base                  - Undefined Weak Reference
    .bss.os.mempool.cb$$Limit                 - Undefined Weak Reference
    .bss.os.mutex.cb$$Base                    - Undefined Weak Reference
    .bss.os.mutex.cb$$Limit                   - Undefined Weak Reference
    .bss.os.semaphore.cb$$Base                - Undefined Weak Reference
    .bss.os.semaphore.cb$$Limit               - Undefined Weak Reference
    .bss.os.timer.cb$$Base                    - Undefined Weak Reference
    .bss.os.timer.cb$$Limit                   - Undefined Weak Reference
    __ARM_exceptions_init                     - Undefined Weak Reference
    __alloca_initialize                       - Undefined Weak Reference
    __arm_preinit_                            - Undefined Weak Reference
    __cpp_initialize__aeabi_                  - Undefined Weak Reference
    __cxa_finalize                            - Undefined Weak Reference
    __rt_locale                               - Undefined Weak Reference
    __sigvec_lookup                           - Undefined Weak Reference
    _atexit_init                              - Undefined Weak Reference
    _call_atexit_fns                          - Undefined Weak Reference
    _clock_init                               - Undefined Weak Reference
    _fp_trap_init                             - Undefined Weak Reference
    _fp_trap_shutdown                         - Undefined Weak Reference
    _get_lc_collate                           - Undefined Weak Reference
    _get_lc_ctype                             - Undefined Weak Reference
    _get_lc_monetary                          - Undefined Weak Reference
    _get_lc_numeric                           - Undefined Weak Reference
    _get_lc_time                              - Undefined Weak Reference
    _getenv_init                              - Undefined Weak Reference
    _handle_redirection                       - Undefined Weak Reference
    _init_alloc                               - Undefined Weak Reference
    _init_user_alloc                          - Undefined Weak Reference
    _initio                                   - Undefined Weak Reference
    _rand_init                                - Undefined Weak Reference
    _signal_finish                            - Undefined Weak Reference
    _signal_init                              - Undefined Weak Reference
    _terminate_alloc                          - Undefined Weak Reference
    _terminate_user_alloc                     - Undefined Weak Reference
    _terminateio                              - Undefined Weak Reference
    __Vectors_End                            0x000000c0   Data           0  startup_mkl25z4.o(RESET)
    __Vectors_Size                           0x000000c0   Number         0  startup_mkl25z4.o ABSOLUTE
    __main                                   0x000000c1   Thumb Code     8  __main.o(!!!main)
    __scatterload                            0x000000c9   Thumb Code     0  __scatter.o(!!!scatter)
    __scatterload_rt2                        0x000000c9   Thumb Code    52  __scatter.o(!!!scatter)
    __scatterload_rt2_thumb_only             0x000000c9   Thumb Code     0  __scatter.o(!!!scatter)
    __scatterload_null                       0x000000d9   Thumb Code     0  __scatter.o(!!!scatter)
    __scatterload_zeroinit                   0x00000105   Thumb Code    28  __scatter_zi.o(!!handler_zi)
    __rt_lib_init                            0x00000121   Thumb Code     0  libinit.o(.ARM.Collect$$libinit$$00000000)
    __rt_lib_init_alloca_1                   0x00000123   Thumb Code     0  libinit2.o(.ARM.Collect$$libinit$$0000002E)
    __rt_lib_init_argv_1                     0x00000123   Thumb Code     0  libinit2.o(.ARM.Collect$$libinit$$0000002C)
    __rt_lib_init_atexit_1                   0x00000123   Thumb Code     0  libinit2.o(.ARM.Collect$$libinit$$0000001B)
    __rt_lib_init_clock_1                    0x00000123   Thumb Code     0  libinit2.o(.ARM.Collect$$libinit$$00000021)
    __rt_lib_init_cpp_1                      0x00000123   Thumb Code     0  libinit2.o(.ARM.Collect$$libinit$$00000032)
    __rt_lib_init_exceptions_1               0x00000123   Thumb Code     0  libinit2.o(.ARM.Collect$$libinit$$00000030)
    __rt_lib_init_fp_1                       0x00000123   Thumb Code     0  libinit2.o(.ARM.Collect$$libinit$$00000002)
    __rt_lib_init_fp_trap_1                  0x00000123   Thumb Code     0  libinit2.o(.ARM.Collect$$libinit$$0000001F)
    __rt_lib_init_getenv_1                   0x00000123   Thumb Code     0  libinit2.o(.ARM.Collect$$libinit$$00000023)
    __rt_lib_init_heap_1                     0x00000123   Thumb Code     0  libinit2.o(.ARM.Collect$$libinit$$0000000A)
    __rt_lib_init_lc_collate_1               0x00000123   Thumb Code     0  libinit2.o(.ARM.Collect$$libinit$$00000011)
    __rt_lib_init_lc_ctype_1                 0x00000123   Thumb Code     0  libinit2.o(.ARM.Collect$$libinit$$00000013)
    __rt_lib_init_lc_monetary_1              0x00000123   Thumb Code     0  libinit2.o(.ARM.Collect$$libinit$$00000015)
    __rt_lib_init_lc_numeric_1               0x00000123   Thumb Code     0  libinit2.o(.ARM.Collect$$libinit$$00000017)
    __rt_lib_init_lc_time_1                  0x00000123   Thumb Code     0  libinit2.o(.ARM.Collect$$libinit$$00000019)
    __rt_lib_init_preinit_1                  0x00000123   Thumb Code     0  libinit2.o(.ARM.Collect$$libinit$$00000004)
    __rt_lib_init_rand_1                     0x00000123   Thumb Code     0  libinit2.o(.ARM.Collect$$libinit$$0000000E)
    __rt_lib_init_return                     0x00000123   Thumb Code     0  libinit2.o(.ARM.Collect$$libinit$$00000033)
    __rt_lib_init_signal_1                   0x00000123   Thumb Code     0  libinit2.o(.ARM.Collect$$libinit$$0000001D)
    __rt_lib_init_stdio_1                    0x00000123   Thumb Code     0  libinit2.o(.ARM.Collect$$libinit$$00000025)
    __rt_lib_init_user_alloc_1               0x00000123   Thumb Code     0  libinit2.o(.ARM.Collect$$libinit$$0000000C)
    __rt_lib_shutdown                        0x00000125   Thumb Code     0  libshutdown.o(.ARM.Collect$$libshutdown$$00000000)
    __rt_lib_shutdown_cpp_1                  0x00000127   Thumb Code     0  libshutdown2.o(.ARM.Collect$$libshutdown$$00000002)
    __rt_lib_shutdown_fp_trap_1              0x00000127   Thumb Code     0  libshutdown2.o(.ARM.Collect$$libshutdown$$00000007)
    __rt_lib_shutdown_heap_1                 0x00000127   Thumb Code     0  libshutdown2.o(.ARM.Collect$$libshutdown$$0000000F)
    __rt_lib_shutdown_return                 0x00000127   Thumb Code     0  libshutdown2.o(.ARM.Collect$$libshutdown$$00000010)
    __rt_lib_shutdown_signal_1               0x00000127   Thumb Code     0  libshutdown2.o(.ARM.Collect$$libshutdown$$0000000A)
    __rt_lib_shutdown_stdio_1                0x00000127   Thumb Code     0  libshutdown2.o(.ARM.Collect$$libshutdown$$00000004)
    __rt_lib_shutdown_user_alloc_1           0x00000127   Thumb Code     0  libshutdown2.o(.ARM.Collect$$libshutdown$$0000000C)
    __rt_entry                               0x00000129   Thumb Code     0  __rtentry.o(.ARM.Collect$$rtentry$$00000000)
    __rt_entry_presh_1                       0x00000129   Thumb Code     0  __rtentry2.o(.ARM.Collect$$rtentry$$00000002)
    __rt_entry_sh                            0x00000129   Thumb Code     0  __rtentry4.o(.ARM.Collect$$rtentry$$00000004)
    __rt_entry_postsh_1                      0x0000012f   Thumb Code     0  __rtentry2.o(.ARM.Collect$$rtentry$$00000008)
    __rt_entry_li                            0x00000137   Thumb Code     0  __rtentry2.o(.ARM.Collect$$rtentry$$0000000A)
    __rt_entry_main                          0x0000013b   Thumb Code     0  __rtentry2.o(.ARM.Collect$$rtentry$$0000000D)
    __rt_entry_postli_1                      0x0000013b   Thumb Code     0  __rtentry2.o(.ARM.Collect$$rtentry$$0000000C)
    __rt_exit                                0x00000143   Thumb Code     0  rtexit.o(.ARM.Collect$$rtexit$$00000000)
    __rt_exit_ls                             0x00000145   Thumb Code     0  rtexit2.o(.ARM.Collect$$rtexit$$00000003)
    __rt_exit_prels_1                        0x00000145   Thumb Code     0  rtexit2.o(.ARM.Collect$$rtexit$$00000002)
    __rt_exit_exit                           0x00000149   Thumb Code     0  rtexit2.o(.ARM.Collect$$rtexit$$00000004)
    __aeabi_memcpy4                          0x00000151   Thumb Code    56  rt_memcpy.o(.emb_text)
    __aeabi_memcpy8                          0x00000151   Thumb Code     0  rt_memcpy.o(.emb_text)
    Reset_Handler                            0x00000189   Thumb Code    12  startup_mkl25z4.o(.text)
    NMI_Handler                              0x00000195   Thumb Code     2  startup_mkl25z4.o(.text)
    HardFault_Handler                        0x00000197   Thumb Code     2  startup_mkl25z4.o(.text)
    ADC0_IRQHandler                          0x0000019f   Thumb Code     0  startup_mkl25z4.o(.text)
    CMP0_IRQHandler                          0x0000019f   Thumb Code     0  startup_mkl25z4.o(.text)
    DAC0_IRQHandler                          0x0000019f   Thumb Code     0  startup_mkl25z4.o(.text)
    DMA0_IRQHandler                          0x0000019f   Thumb Code     0  startup_mkl25z4.o(.text)
    DMA1_IRQHandler                          0x0000019f   Thumb Code     0  startup_mkl25z4.o(.text)
    DMA2_IRQHandler                          0x0000019f   Thumb Code     0  startup_mkl25z4.o(.text)
    DMA3_IRQHandler                          0x0000019f   Thumb Code     0  startup_mkl25z4.o(.text)
    DefaultISR                               0x0000019f   Thumb Code     0  startup_mkl25z4.o(.text)
    FTFA_IRQHandler                          0x0000019f   Thumb Code     0  startup_mkl25z4.o(.text)
    I2C0_IRQHandler                          0x0000019f   Thumb Code     0  startup_mkl25z4.o(.text)
    I2C1_IRQHandler                          0x0000019f   Thumb Code     0  startup_mkl25z4.o(.text)
    LLWU_IRQHandler                          0x0000019f   Thumb Code     0  startup_mkl25z4.o(.text)
    LPTMR0_IRQHandler                        0x0000019f   Thumb Code     0  startup_mkl25z4.o(.text)
    LVD_LVW_IRQHandler                       0x0000019f   Thumb Code     0  startup_mkl25z4.o(.text)
    MCG_IRQHandler                           0x0000019f   Thumb Code     0  startup_mkl25z4.o(.text)
    PIT_IRQHandler                           0x0000019f   Thumb Code     0  startup_mkl25z4.o(.text)
    PORTA_IRQHandler                         0x0000019f   Thumb Code     0  startup_mkl25z4.o(.text)
    PORTD_IRQHandler                         0x0000019f   Thumb Code     0  startup_mkl25z4.o(.text)
    RTC_IRQHandler                           0x0000019f   Thumb Code     0  startup_mkl25z4.o(.text)
    RTC_Seconds_IRQHandler                   0x0000019f   Thumb Code     0  startup_mkl25z4.o(.text)
    Reserved20_IRQHandler                    0x0000019f   Thumb Code     0  startup_mkl25z4.o(.text)
    Reserved39_IRQHandler                    0x0000019f   Thumb Code     0  startup_mkl25z4.o(.text)
    Reserved45_IRQHandler                    0x0000019f   Thumb Code     0  startup_mkl25z4.o(.text)
    SPI0_IRQHandler                          0x0000019f   Thumb Code     0  startup_mkl25z4.o(.text)
    SPI1_IRQHandler                          0x0000019f   Thumb Code     0  startup_mkl25z4.o(.text)
    TPM0_IRQHandler                          0x0000019f   Thumb Code     0  startup_mkl25z4.o(.text)
    TPM1_IRQHandler                          0x0000019f   Thumb Code     0  startup_mkl25z4.o(.text)
    TPM2_IRQHandler                          0x0000019f   Thumb Code     0  startup_mkl25z4.o(.text)
    TSI0_IRQHandler                          0x0000019f   Thumb Code     0  startup_mkl25z4.o(.text)
    UART0_IRQHandler                         0x0000019f   Thumb Code     0  startup_mkl25z4.o(.text)
    UART1_IRQHandler                         0x0000019f   Thumb Code     0  startup_mkl25z4.o(.text)
    USB0_IRQHandler                          0x0000019f   Thumb Code     0  startup_mkl25z4.o(.text)
    __user_initial_stackheap                 0x000001a5   Thumb Code     0  startup_mkl25z4.o(.text)
    SVC_Handler                              0x000001c9   Thumb Code   132  irq_cm0.o(.text)
    PendSV_Handler                           0x0000024d   Thumb Code    12  irq_cm0.o(.text)
    SysTick_Handler                          0x00000259   Thumb Code    12  irq_cm0.o(.text)
    __aeabi_memcpy                           0x0000026d   Thumb Code   130  rt_memcpy.o(.text)
    __rt_memcpy                              0x0000026d   Thumb Code     0  rt_memcpy.o(.text)
    _memset_w                                0x000002ef   Thumb Code    26  rt_memclr.o(.text)
    _memset                                  0x00000309   Thumb Code    30  rt_memclr.o(.text)
    __aeabi_memclr                           0x00000327   Thumb Code     4  rt_memclr.o(.text)
    __rt_memclr                              0x00000327   Thumb Code     0  rt_memclr.o(.text)
    __aeabi_memclr4                          0x0000032b   Thumb Code     0  rt_memclr.o(.text)
    __aeabi_memclr8                          0x0000032b   Thumb Code     0  rt_memclr.o(.text)
    __rt_memclr_w                            0x0000032b   Thumb Code     4  rt_memclr.o(.text)
    __use_two_region_memory                  0x0000032f   Thumb Code     2  heapauxi.o(.text)
    __rt_heap_escrow$2region                 0x00000331   Thumb Code     2  heapauxi.o(.text)
    __rt_heap_expand$2region                 0x00000333   Thumb Code     2  heapauxi.o(.text)
    __aeabi_f2iz                             0x00000335   Thumb Code     0  ffixi.o(.text)
    _ffix                                    0x00000335   Thumb Code    76  ffixi.o(.text)
    __aeabi_i2f_normalise                    0x00000381   Thumb Code    72  fflti.o(.text)
    __aeabi_i2f                              0x000003c9   Thumb Code    16  fflti.o(.text)
    _fflt                                    0x000003c9   Thumb Code     0  fflti.o(.text)
    __aeabi_ui2f                             0x000003d9   Thumb Code     6  fflti.o(.text)
    _ffltu                                   0x000003d9   Thumb Code     0  fflti.o(.text)
    exit                                     0x000003df   Thumb Code    16  exit.o(.text)
    __user_libspace                          0x000003f1   Thumb Code     8  libspace.o(.text)
    __user_perproc_libspace                  0x000003f1   Thumb Code     0  libspace.o(.text)
    __I$use$semihosting                      0x000003f9   Thumb Code     0  use_no_semi.o(.text)
    __use_no_semihosting_swi                 0x000003f9   Thumb Code     2  use_no_semi.o(.text)
    OS_Tick_GetIRQn                          0x000003fb   Thumb Code     6  os_systick.o(.text.OS_Tick_GetIRQn)
    __semihosting_library_function           0x000003fb   Thumb Code     0  indicate_semi.o(.text)
    __aeabi_uidiv                            0x00000411   Thumb Code     0  aeabi_sdiv.o(.text)
    __aeabi_uidivmod                         0x00000411   Thumb Code    20  aeabi_sdiv.o(.text)
    __aeabi_idiv                             0x00000425   Thumb Code     0  aeabi_sdiv.o(.text)
    __aeabi_idivmod                          0x00000425   Thumb Code   326  aeabi_sdiv.o(.text)
    __aeabi_fdiv                             0x0000056d   Thumb Code     0  fdiv.o(.text)
    _fdiv                                    0x0000056d   Thumb Code   334  fdiv.o(.text)
    _frdiv                                   0x000006bb   Thumb Code     8  fdiv.o(.text)
    __user_setup_stackheap                   0x000006cd   Thumb Code    62  sys_stackheap_outer.o(.text)
    _sys_exit                                0x0000070d   Thumb Code     8  sys_exit.o(.text)
    __decompress                             0x00000719   Thumb Code     0  __dczerorl2.o(.text)
    __decompress1                            0x00000719   Thumb Code    86  __dczerorl2.o(.text)
    OS_Tick_AcknowledgeIRQ                   0x0000083d   Thumb Code    12  os_systick.o(.text.OS_Tick_AcknowledgeIRQ)
    OS_Tick_Enable                           0x00000849   Thumb Code    44  os_systick.o(.text.OS_Tick_Enable)
    OS_Tick_Setup                            0x00000875   Thumb Code    76  os_systick.o(.text.OS_Tick_Setup)
    osDelay                                  0x0000095d   Thumb Code    40  rtx_delay.o(.text.osDelay)
    osKernelGetState                         0x00000985   Thumb Code    48  rtx_kernel.o(.text.osKernelGetState)
    osKernelInitialize                       0x000009b5   Thumb Code    40  rtx_kernel.o(.text.osKernelInitialize)
    osKernelStart                            0x000009dd   Thumb Code    36  rtx_kernel.o(.text.osKernelStart)
    osMessageQueueGet                        0x00000a01   Thumb Code   116  rtx_msgqueue.o(.text.osMessageQueueGet)
    osMessageQueueNew                        0x00000a75   Thumb Code    36  rtx_msgqueue.o(.text.osMessageQueueNew)
    osMessageQueuePut                        0x00000a99   Thumb Code   120  rtx_msgqueue.o(.text.osMessageQueuePut)
    osMutexAcquire                           0x00000b11   Thumb Code    40  rtx_mutex.o(.text.osMutexAcquire)
    osMutexDelete                            0x00000b39   Thumb Code    40  rtx_mutex.o(.text.osMutexDelete)
    osMutexNew                               0x00000b61   Thumb Code    36  rtx_mutex.o(.text.osMutexNew)
    osMutexRelease                           0x00000b85   Thumb Code    40  rtx_mutex.o(.text.osMutexRelease)
    osRtxKernelPreInit                       0x00000bad   Thumb Code     2  rtx_kernel.o(.text.osRtxKernelPreInit)
    osRtxMemoryAlloc                         0x00000baf   Thumb Code   124  rtx_memory.o(.text.osRtxMemoryAlloc)
    osRtxMemoryFree                          0x00000c2b   Thumb Code    78  rtx_memory.o(.text.osRtxMemoryFree)
    osRtxMemoryInit                          0x00000c79   Thumb Code    50  rtx_memory.o(.text.osRtxMemoryInit)
    osRtxMemoryPoolAlloc                     0x00000cab   Thumb Code    46  rtx_mempool.o(.text.osRtxMemoryPoolAlloc)
    osRtxMemoryPoolFree                      0x00000cd9   Thumb Code    58  rtx_mempool.o(.text.osRtxMemoryPoolFree)
    osRtxMemoryPoolInit                      0x00000d13   Thumb Code    62  rtx_mempool.o(.text.osRtxMemoryPoolInit)
    osRtxMutexOwnerRelease                   0x00000e0d   Thumb Code    68  rtx_mutex.o(.text.osRtxMutexOwnerRelease)
    osRtxPendSV_Handler                      0x00000e51   Thumb Code   128  rtx_system.o(.text.osRtxPendSV_Handler)
    osRtxPostProcess                         0x00000ed1   Thumb Code   108  rtx_system.o(.text.osRtxPostProcess)
    osRtxThreadDelayTick                     0x00001039   Thumb Code    56  rtx_thread.o(.text.osRtxThreadDelayTick)
    osRtxThreadDispatch                      0x00001071   Thumb Code    80  rtx_thread.o(.text.osRtxThreadDispatch)
    osRtxThreadListGet                       0x00001115   Thumb Code    20  rtx_thread.o(.text.osRtxThreadListGet)
    osRtxThreadListPut                       0x00001129   Thumb Code    44  rtx_thread.o(.text.osRtxThreadListPut)
    osRtxThreadListRemove                    0x00001155   Thumb Code    24  rtx_thread.o(.text.osRtxThreadListRemove)
    osRtxThreadListSort                      0x0000116d   Thumb Code    38  rtx_thread.o(.text.osRtxThreadListSort)
    osRtxThreadReadyPut                      0x000011b9   Thumb Code    24  rtx_thread.o(.text.osRtxThreadReadyPut)
    osRtxThreadRegPtr                        0x000011d1   Thumb Code     6  rtx_thread.o(.text.osRtxThreadRegPtr)
    osRtxThreadStackCheck                    0x000011d9   Thumb Code    44  rtx_thread.o(.text.osRtxThreadStackCheck)
    osRtxThreadStartup                       0x00001205   Thumb Code    64  rtx_thread.o(.text.osRtxThreadStartup)
    osRtxThreadSwitch                        0x00001245   Thumb Code    20  rtx_thread.o(.text.osRtxThreadSwitch)
    osRtxThreadWaitEnter                     0x00001259   Thumb Code    60  rtx_thread.o(.text.osRtxThreadWaitEnter)
    osRtxThreadWaitExit                      0x00001295   Thumb Code    34  rtx_thread.o(.text.osRtxThreadWaitExit)
    osRtxTick_Handler                        0x000012b9   Thumb Code   116  rtx_system.o(.text.osRtxTick_Handler)
    osRtxTimerThread                         0x0000132d   Thumb Code    60  rtx_timer.o(.text.osRtxTimerThread)
    osThreadExit                             0x000013c9   Thumb Code    12  rtx_thread.o(.text.osThreadExit)
    osThreadNew                              0x000013d5   Thumb Code    36  rtx_thread.o(.text.osThreadNew)
    InitLED                                  0x00001e49   Thumb Code   132  led.o(i.InitLED)
    SystemCoreClockUpdate                    0x00001edd   Thumb Code   372  system_mkl25z4.o(i.SystemCoreClockUpdate)
    SystemInit                               0x0000206d   Thumb Code     8  system_mkl25z4.o(i.SystemInit)
    UART2_IRQHandler                         0x00002079   Thumb Code    50  project.o(i.UART2_IRQHandler)
    __ARM_common_switch8                     0x000020bd   Thumb Code    28  motors.o(i.__ARM_common_switch8)
    _mutex_acquire                           0x000021c9   Thumb Code    24  rtx_lib.o(i._mutex_acquire)
    _mutex_free                              0x000021e1   Thumb Code    12  rtx_lib.o(i._mutex_free)
    _mutex_initialize                        0x000021ed   Thumb Code    36  rtx_lib.o(i._mutex_initialize)
    _mutex_release                           0x00002211   Thumb Code    20  rtx_lib.o(i._mutex_release)
    _platform_post_stackheap_init            0x00002225   Thumb Code     8  rtx_lib.o(i._platform_post_stackheap_init)
    backward                                 0x0000222d   Thumb Code    18  motors.o(i.backward)
    buzzerThread                             0x00002241   Thumb Code    60  project.o(i.buzzerThread)
    controlThread                            0x0000228d   Thumb Code    60  project.o(i.controlThread)
    forward                                  0x000022dd   Thumb Code    18  motors.o(i.forward)
    freq_to_mod                              0x000022f1   Thumb Code    58  buzzer.o(i.freq_to_mod)
    frontBackward                            0x00002331   Thumb Code    18  motors.o(i.frontBackward)
    frontForward                             0x00002343   Thumb Code    18  motors.o(i.frontForward)
    greenLedThread                           0x00002355   Thumb Code    74  project.o(i.greenLedThread)
    initMotorPWM                             0x000023a5   Thumb Code   502  motors.o(i.initMotorPWM)
    initPWM                                  0x000025b9   Thumb Code   174  buzzer.o(i.initPWM)
    initUART2                                0x00002675   Thumb Code   184  uart.o(i.initUART2)
    left                                     0x00002741   Thumb Code    18  motors.o(i.left)
    m1_backward                              0x00002755   Thumb Code    32  motors.o(i.m1_backward)
    m1_forward                               0x0000277d   Thumb Code    30  motors.o(i.m1_forward)
    m2_backward                              0x000027a5   Thumb Code    32  motors.o(i.m2_backward)
    m2_forward                               0x000027cd   Thumb Code    30  motors.o(i.m2_forward)
    main                                     0x000027f5   Thumb Code   202  project.o(i.main)
    motorThread                              0x000028f5   Thumb Code    38  project.o(i.motorThread)
    move                                     0x00002921   Thumb Code    60  motors.o(i.move)
    osRtxErrorNotify                         0x0000295d   Thumb Code    32  rtx_config.o(i.osRtxErrorNotify)
    osRtxIdleThread                          0x0000297d   Thumb Code     4  rtx_config.o(i.osRtxIdleThread)
    play_song                                0x000029a5   Thumb Code   132  buzzer.o(i.play_song)
    rearBackward                             0x00002a2d   Thumb Code    30  motors.o(i.rearBackward)
    rearForward                              0x00002a55   Thumb Code    30  motors.o(i.rearForward)
    redLedThread                             0x00002a7d   Thumb Code    78  project.o(i.redLedThread)
    right                                    0x00002ad1   Thumb Code    18  motors.o(i.right)
    setGreenLED                              0x00002ae5   Thumb Code    30  led.o(i.setGreenLED)
    shiftGreenLED                            0x00002b0d   Thumb Code    80  led.o(i.shiftGreenLED)
    stop                                     0x00002b6d   Thumb Code    20  motors.o(i.stop)
    toggleRedLED                             0x00002b89   Thumb Code    16  led.o(i.toggleRedLED)
    __aeabi_fmul                             0x00002b9d   Thumb Code     0  fmul.o(x$fpl$fmul)
    _fmul                                    0x00002b9d   Thumb Code   172  fmul.o(x$fpl$fmul)
    __I$use$fp                               0x00002c4c   Number         0  usenofp.o(x$fpl$usenofp)
    osRtxUserSVC                             0x00002cac   Data           4  rtx_lib.o(.constdata)
    irqRtxLib                                0x00002cb0   Data           1  irq_cm0.o(.constdata)
    osRtxConfig                              0x00002cf4   Data         104  rtx_lib.o(.rodata)
    os_cb_sections                           0x00002d5c   Data          56  rtx_lib.o(.rodata)
    Region$$Table$$Base                      0x00002da0   Number         0  anon$$obj.o(Region$$Table)
    Region$$Table$$Limit                     0x00002dc0   Number         0  anon$$obj.o(Region$$Table)
    .bss.os.msgqueue.cb$$Base                0x20000040   Number         0  rtx_lib.o(.bss.os.msgqueue.cb)
    .bss.os.msgqueue.cb$$Limit               0x20000074   Number         0  rtx_lib.o(.bss.os.msgqueue.cb)
    .bss.os.thread.cb$$Base                  0x200000c4   Number         0  rtx_lib.o(.bss.os.thread.cb)
    .bss.os.thread.cb$$Limit                 0x2000014c   Number         0  rtx_lib.o(.bss.os.thread.cb)
    mod_val                                  0x20000350   Data           4  motors.o(.data)
    notes                                    0x20000354   Data          32  project.o(.data)
    score                                    0x20000374   Data         384  project.o(.data)
    score_2                                  0x200004f4   Data         504  project.o(.data)
    rx_interruptData                         0x200006ec   Data           1  project.o(.data)
    uartData                                 0x200006ed   Data           2  project.o(.data)
    redMessage                               0x200006f0   Data           4  project.o(.data)
    greenMessage                             0x200006f4   Data           4  project.o(.data)
    motorMessage                             0x200006f8   Data           4  project.o(.data)
    buzzerMessage                            0x200006fc   Data           4  project.o(.data)
    controlMessage                           0x20000700   Data           4  project.o(.data)
    counter                                  0x20000704   Data           4  project.o(.data)
    led                                      0x20000708   Data          36  led.o(.data)
    curr                                     0x2000072c   Data           4  led.o(.data)
    prev                                     0x20000730   Data           4  led.o(.data)
    running                                  0x20000734   Data           4  led.o(.data)
    toggle                                   0x20000738   Data           4  led.o(.data)
    irqRtxLibRef                             0x2000073c   Data           4  rtx_lib.o(.data)
    SystemCoreClock                          0x20000744   Data           4  system_mkl25z4.o(.data)
    osRtxInfo                                0x20000748   Data         164  rtx_kernel.o(.data.os)
    __libspace_start                         0x200007ec   Data          96  libspace.o(.bss)
    __temporary_stack_top$libspace           0x2000084c   Data           0  libspace.o(.bss)



==============================================================================

Memory Map of the image

  Image Entry point : 0x00000189

  Load Region LR_1 (Base: 0x00000000, Size: 0x000045ac, Max: 0xffffffff, ABSOLUTE, COMPRESSED[0x00002e9c])

    Execution Region ER_RO (Exec base: 0x00000000, Load base: 0x00000000, Size: 0x00002dc0, Max: 0xffffffff, ABSOLUTE)

    Exec Addr    Load Addr    Size         Type   Attr      Idx    E Section Name        Object

    0x00000000   0x00000000   0x000000c0   Data   RO          481    RESET               startup_mkl25z4.o
    0x000000c0   0x000000c0   0x00000008   Code   RO          999  * !!!main             c_p.l(__main.o)
    0x000000c8   0x000000c8   0x0000003c   Code   RO         1178    !!!scatter          c_p.l(__scatter.o)
    0x00000104   0x00000104   0x0000001c   Code   RO         1180    !!handler_zi        c_p.l(__scatter_zi.o)
    0x00000120   0x00000120   0x00000002   Code   RO         1045    .ARM.Collect$$libinit$$00000000  c_p.l(libinit.o)
    0x00000122   0x00000122   0x00000000   Code   RO         1059    .ARM.Collect$$libinit$$00000002  c_p.l(libinit2.o)
    0x00000122   0x00000122   0x00000000   Code   RO         1061    .ARM.Collect$$libinit$$00000004  c_p.l(libinit2.o)
    0x00000122   0x00000122   0x00000000   Code   RO         1064    .ARM.Collect$$libinit$$0000000A  c_p.l(libinit2.o)
    0x00000122   0x00000122   0x00000000   Code   RO         1066    .ARM.Collect$$libinit$$0000000C  c_p.l(libinit2.o)
    0x00000122   0x00000122   0x00000000   Code   RO         1068    .ARM.Collect$$libinit$$0000000E  c_p.l(libinit2.o)
    0x00000122   0x00000122   0x00000000   Code   RO         1071    .ARM.Collect$$libinit$$00000011  c_p.l(libinit2.o)
    0x00000122   0x00000122   0x00000000   Code   RO         1073    .ARM.Collect$$libinit$$00000013  c_p.l(libinit2.o)
    0x00000122   0x00000122   0x00000000   Code   RO         1075    .ARM.Collect$$libinit$$00000015  c_p.l(libinit2.o)
    0x00000122   0x00000122   0x00000000   Code   RO         1077    .ARM.Collect$$libinit$$00000017  c_p.l(libinit2.o)
    0x00000122   0x00000122   0x00000000   Code   RO         1079    .ARM.Collect$$libinit$$00000019  c_p.l(libinit2.o)
    0x00000122   0x00000122   0x00000000   Code   RO         1081    .ARM.Collect$$libinit$$0000001B  c_p.l(libinit2.o)
    0x00000122   0x00000122   0x00000000   Code   RO         1083    .ARM.Collect$$libinit$$0000001D  c_p.l(libinit2.o)
    0x00000122   0x00000122   0x00000000   Code   RO         1085    .ARM.Collect$$libinit$$0000001F  c_p.l(libinit2.o)
    0x00000122   0x00000122   0x00000000   Code   RO         1087    .ARM.Collect$$libinit$$00000021  c_p.l(libinit2.o)
    0x00000122   0x00000122   0x00000000   Code   RO         1089    .ARM.Collect$$libinit$$00000023  c_p.l(libinit2.o)
    0x00000122   0x00000122   0x00000000   Code   RO         1091    .ARM.Collect$$libinit$$00000025  c_p.l(libinit2.o)
    0x00000122   0x00000122   0x00000000   Code   RO         1095    .ARM.Collect$$libinit$$0000002C  c_p.l(libinit2.o)
    0x00000122   0x00000122   0x00000000   Code   RO         1097    .ARM.Collect$$libinit$$0000002E  c_p.l(libinit2.o)
    0x00000122   0x00000122   0x00000000   Code   RO         1099    .ARM.Collect$$libinit$$00000030  c_p.l(libinit2.o)
    0x00000122   0x00000122   0x00000000   Code   RO         1101    .ARM.Collect$$libinit$$00000032  c_p.l(libinit2.o)
    0x00000122   0x00000122   0x00000002   Code   RO         1102    .ARM.Collect$$libinit$$00000033  c_p.l(libinit2.o)
    0x00000124   0x00000124   0x00000002   Code   RO         1133    .ARM.Collect$$libshutdown$$00000000  c_p.l(libshutdown.o)
    0x00000126   0x00000126   0x00000000   Code   RO         1159    .ARM.Collect$$libshutdown$$00000002  c_p.l(libshutdown2.o)
    0x00000126   0x00000126   0x00000000   Code   RO         1161    .ARM.Collect$$libshutdown$$00000004  c_p.l(libshutdown2.o)
    0x00000126   0x00000126   0x00000000   Code   RO         1164    .ARM.Collect$$libshutdown$$00000007  c_p.l(libshutdown2.o)
    0x00000126   0x00000126   0x00000000   Code   RO         1167    .ARM.Collect$$libshutdown$$0000000A  c_p.l(libshutdown2.o)
    0x00000126   0x00000126   0x00000000   Code   RO         1169    .ARM.Collect$$libshutdown$$0000000C  c_p.l(libshutdown2.o)
    0x00000126   0x00000126   0x00000000   Code   RO         1172    .ARM.Collect$$libshutdown$$0000000F  c_p.l(libshutdown2.o)
    0x00000126   0x00000126   0x00000002   Code   RO         1173    .ARM.Collect$$libshutdown$$00000010  c_p.l(libshutdown2.o)
    0x00000128   0x00000128   0x00000000   Code   RO         1010    .ARM.Collect$$rtentry$$00000000  c_p.l(__rtentry.o)
    0x00000128   0x00000128   0x00000000   Code   RO         1017    .ARM.Collect$$rtentry$$00000002  c_p.l(__rtentry2.o)
    0x00000128   0x00000128   0x00000006   Code   RO         1029    .ARM.Collect$$rtentry$$00000004  c_p.l(__rtentry4.o)
    0x0000012e   0x0000012e   0x00000008   Code   RO         1018    .ARM.Collect$$rtentry$$00000008  c_p.l(__rtentry2.o)
    0x00000136   0x00000136   0x00000004   Code   RO         1020    .ARM.Collect$$rtentry$$0000000A  c_p.l(__rtentry2.o)
    0x0000013a   0x0000013a   0x00000000   Code   RO         1022    .ARM.Collect$$rtentry$$0000000C  c_p.l(__rtentry2.o)
    0x0000013a   0x0000013a   0x00000008   Code   RO         1023    .ARM.Collect$$rtentry$$0000000D  c_p.l(__rtentry2.o)
    0x00000142   0x00000142   0x00000002   Code   RO         1050    .ARM.Collect$$rtexit$$00000000  c_p.l(rtexit.o)
    0x00000144   0x00000144   0x00000000   Code   RO         1106    .ARM.Collect$$rtexit$$00000002  c_p.l(rtexit2.o)
    0x00000144   0x00000144   0x00000004   Code   RO         1107    .ARM.Collect$$rtexit$$00000003  c_p.l(rtexit2.o)
    0x00000148   0x00000148   0x00000006   Code   RO         1108    .ARM.Collect$$rtexit$$00000004  c_p.l(rtexit2.o)
    0x0000014e   0x0000014e   0x00000002   PAD
    0x00000150   0x00000150   0x00000038   Code   RO          987    .emb_text           c_p.l(rt_memcpy.o)
    0x00000188   0x00000188   0x00000040   Code   RO          483  * .text               startup_mkl25z4.o
    0x000001c8   0x000001c8   0x000000a4   Code   RO          829    .text               RTX_CM0.lib(irq_cm0.o)
    0x0000026c   0x0000026c   0x00000082   Code   RO          988    .text               c_p.l(rt_memcpy.o)
    0x000002ee   0x000002ee   0x00000040   Code   RO          991    .text               c_p.l(rt_memclr.o)
    0x0000032e   0x0000032e   0x00000006   Code   RO          997    .text               c_p.l(heapauxi.o)
    0x00000334   0x00000334   0x0000004c   Code   RO         1004    .text               fz_ps.l(ffixi.o)
    0x00000380   0x00000380   0x0000005e   Code   RO         1006    .text               fz_ps.l(fflti.o)
    0x000003de   0x000003de   0x00000010   Code   RO         1036    .text               c_p.l(exit.o)
    0x000003ee   0x000003ee   0x00000002   PAD
    0x000003f0   0x000003f0   0x00000008   Code   RO         1046    .text               c_p.l(libspace.o)
    0x000003f8   0x000003f8   0x00000002   Code   RO         1122    .text               c_p.l(use_no_semi.o)
    0x000003fa   0x000003fa   0x00000000   Code   RO         1124    .text               c_p.l(indicate_semi.o)
    0x000003fa   0x000003fa   0x00000006   Code   RO          966    .text.OS_Tick_GetIRQn  RTX_CM0.lib(os_systick.o)
    0x00000400   0x00000400   0x00000010   Code   RO          482    .ARM.__at_0x400     startup_mkl25z4.o
    0x00000410   0x00000410   0x0000015a   Code   RO          993    .text               c_p.l(aeabi_sdiv.o)
    0x0000056a   0x0000056a   0x00000002   PAD
    0x0000056c   0x0000056c   0x00000160   Code   RO         1001    .text               fz_ps.l(fdiv.o)
    0x000006cc   0x000006cc   0x0000003e   Code   RO         1033    .text               c_p.l(sys_stackheap_outer.o)
    0x0000070a   0x0000070a   0x00000002   PAD
    0x0000070c   0x0000070c   0x0000000c   Code   RO         1103    .text               c_p.l(sys_exit.o)
    0x00000718   0x00000718   0x00000056   Code   RO         1176    .text               c_p.l(__dczerorl2.o)
    0x0000076e   0x0000076e   0x0000004c   Code   RO          812    .text.MessageQueueGet  RTX_CM0.lib(rtx_msgqueue.o)
    0x000007ba   0x000007ba   0x00000062   Code   RO          806    .text.MessageQueuePut  RTX_CM0.lib(rtx_msgqueue.o)
    0x0000081c   0x0000081c   0x0000001e   Code   RO          804    .text.MessageQueueRemove  RTX_CM0.lib(rtx_msgqueue.o)
    0x0000083a   0x0000083a   0x00000002   PAD
    0x0000083c   0x0000083c   0x0000000c   Code   RO          964    .text.OS_Tick_AcknowledgeIRQ  RTX_CM0.lib(os_systick.o)
    0x00000848   0x00000848   0x0000002c   Code   RO          960    .text.OS_Tick_Enable  RTX_CM0.lib(os_systick.o)
    0x00000874   0x00000874   0x0000004c   Code   RO          958    .text.OS_Tick_Setup  RTX_CM0.lib(os_systick.o)
    0x000008c0   0x000008c0   0x0000004e   Code   RO          667    .text.ThreadFlagsCheck  RTX_CM0.lib(rtx_thread.o)
    0x0000090e   0x0000090e   0x00000002   PAD
    0x00000910   0x00000910   0x0000004c   Code   RO          850    .text.TimerInsert   RTX_CM0.lib(rtx_timer.o)
    0x0000095c   0x0000095c   0x00000028   Code   RO          720    .text.osDelay       RTX_CM0.lib(rtx_delay.o)
    0x00000984   0x00000984   0x00000030   Code   RO          530    .text.osKernelGetState  RTX_CM0.lib(rtx_kernel.o)
    0x000009b4   0x000009b4   0x00000028   Code   RO          524    .text.osKernelInitialize  RTX_CM0.lib(rtx_kernel.o)
    0x000009dc   0x000009dc   0x00000024   Code   RO          534    .text.osKernelStart  RTX_CM0.lib(rtx_kernel.o)
    0x00000a00   0x00000a00   0x00000074   Code   RO          778    .text.osMessageQueueGet  RTX_CM0.lib(rtx_msgqueue.o)
    0x00000a74   0x00000a74   0x00000024   Code   RO          772    .text.osMessageQueueNew  RTX_CM0.lib(rtx_msgqueue.o)
    0x00000a98   0x00000a98   0x00000078   Code   RO          776    .text.osMessageQueuePut  RTX_CM0.lib(rtx_msgqueue.o)
    0x00000b10   0x00000b10   0x00000028   Code   RO          743    .text.osMutexAcquire  RTX_CM0.lib(rtx_mutex.o)
    0x00000b38   0x00000b38   0x00000028   Code   RO          749    .text.osMutexDelete  RTX_CM0.lib(rtx_mutex.o)
    0x00000b60   0x00000b60   0x00000024   Code   RO          739    .text.osMutexNew    RTX_CM0.lib(rtx_mutex.o)
    0x00000b84   0x00000b84   0x00000028   Code   RO          745    .text.osMutexRelease  RTX_CM0.lib(rtx_mutex.o)
    0x00000bac   0x00000bac   0x00000002   Code   RO          522    .text.osRtxKernelPreInit  RTX_CM0.lib(rtx_kernel.o)
    0x00000bae   0x00000bae   0x0000007c   Code   RO          877    .text.osRtxMemoryAlloc  RTX_CM0.lib(rtx_memory.o)
    0x00000c2a   0x00000c2a   0x0000004e   Code   RO          879    .text.osRtxMemoryFree  RTX_CM0.lib(rtx_memory.o)
    0x00000c78   0x00000c78   0x00000032   Code   RO          875    .text.osRtxMemoryInit  RTX_CM0.lib(rtx_memory.o)
    0x00000caa   0x00000caa   0x0000002e   Code   RO          892    .text.osRtxMemoryPoolAlloc  RTX_CM0.lib(rtx_mempool.o)
    0x00000cd8   0x00000cd8   0x0000003a   Code   RO          894    .text.osRtxMemoryPoolFree  RTX_CM0.lib(rtx_mempool.o)
    0x00000d12   0x00000d12   0x0000003e   Code   RO          890    .text.osRtxMemoryPoolInit  RTX_CM0.lib(rtx_mempool.o)
    0x00000d50   0x00000d50   0x000000bc   Code   RO          802    .text.osRtxMessageQueuePostProcess  RTX_CM0.lib(rtx_msgqueue.o)
    0x00000e0c   0x00000e0c   0x00000044   Code   RO          737    .text.osRtxMutexOwnerRelease  RTX_CM0.lib(rtx_mutex.o)
    0x00000e50   0x00000e50   0x00000080   Code   RO          945    .text.osRtxPendSV_Handler  RTX_CM0.lib(rtx_system.o)
    0x00000ed0   0x00000ed0   0x0000006c   Code   RO          947    .text.osRtxPostProcess  RTX_CM0.lib(rtx_system.o)
    0x00000f3c   0x00000f3c   0x00000038   Code   RO          607    .text.osRtxThreadBlock  RTX_CM0.lib(rtx_thread.o)
    0x00000f74   0x00000f74   0x00000080   Code   RO          615    .text.osRtxThreadDelayInsert  RTX_CM0.lib(rtx_thread.o)
    0x00000ff4   0x00000ff4   0x00000044   Code   RO          611    .text.osRtxThreadDelayRemove  RTX_CM0.lib(rtx_thread.o)
    0x00001038   0x00001038   0x00000038   Code   RO          597    .text.osRtxThreadDelayTick  RTX_CM0.lib(rtx_thread.o)
    0x00001070   0x00001070   0x00000050   Code   RO          605    .text.osRtxThreadDispatch  RTX_CM0.lib(rtx_thread.o)
    0x000010c0   0x000010c0   0x00000054   Code   RO          691    .text.osRtxThreadFree  RTX_CM0.lib(rtx_thread.o)
    0x00001114   0x00001114   0x00000014   Code   RO          589    .text.osRtxThreadListGet  RTX_CM0.lib(rtx_thread.o)
    0x00001128   0x00001128   0x0000002c   Code   RO          587    .text.osRtxThreadListPut  RTX_CM0.lib(rtx_thread.o)
    0x00001154   0x00001154   0x00000018   Code   RO          593    .text.osRtxThreadListRemove  RTX_CM0.lib(rtx_thread.o)
    0x0000116c   0x0000116c   0x00000026   Code   RO          591    .text.osRtxThreadListSort  RTX_CM0.lib(rtx_thread.o)
    0x00001192   0x00001192   0x00000026   Code   RO          665    .text.osRtxThreadPostProcess  RTX_CM0.lib(rtx_thread.o)
    0x000011b8   0x000011b8   0x00000018   Code   RO          595    .text.osRtxThreadReadyPut  RTX_CM0.lib(rtx_thread.o)
    0x000011d0   0x000011d0   0x00000006   Code   RO          599    .text.osRtxThreadRegPtr  RTX_CM0.lib(rtx_thread.o)
    0x000011d6   0x000011d6   0x00000002   PAD
    0x000011d8   0x000011d8   0x0000002c   Code   RO          603    .text.osRtxThreadStackCheck  RTX_CM0.lib(rtx_thread.o)
    0x00001204   0x00001204   0x00000040   Code   RO          617    .text.osRtxThreadStartup  RTX_CM0.lib(rtx_thread.o)
    0x00001244   0x00001244   0x00000014   Code   RO          601    .text.osRtxThreadSwitch  RTX_CM0.lib(rtx_thread.o)
    0x00001258   0x00001258   0x0000003c   Code   RO          613    .text.osRtxThreadWaitEnter  RTX_CM0.lib(rtx_thread.o)
    0x00001294   0x00001294   0x00000022   Code   RO          609    .text.osRtxThreadWaitExit  RTX_CM0.lib(rtx_thread.o)
    0x000012b6   0x000012b6   0x00000002   PAD
    0x000012b8   0x000012b8   0x00000074   Code   RO          943    .text.osRtxTick_Handler  RTX_CM0.lib(rtx_system.o)
    0x0000132c   0x0000132c   0x0000003c   Code   RO          834    .text.osRtxTimerThread  RTX_CM0.lib(rtx_timer.o)
    0x00001368   0x00001368   0x00000060   Code   RO          836    .text.osRtxTimerTick  RTX_CM0.lib(rtx_timer.o)
    0x000013c8   0x000013c8   0x0000000c   Code   RO          649    .text.osThreadExit  RTX_CM0.lib(rtx_thread.o)
    0x000013d4   0x000013d4   0x00000024   Code   RO          621    .text.osThreadNew   RTX_CM0.lib(rtx_thread.o)
    0x000013f8   0x000013f8   0x00000012   Code   RO          724    .text.svcRtxDelay   RTX_CM0.lib(rtx_delay.o)
    0x0000140a   0x0000140a   0x00000002   PAD
    0x0000140c   0x0000140c   0x0000000c   Code   RO          532    .text.svcRtxKernelGetState  RTX_CM0.lib(rtx_kernel.o)
    0x00001418   0x00001418   0x00000148   Code   RO          562    .text.svcRtxKernelInitialize  RTX_CM0.lib(rtx_kernel.o)
    0x00001560   0x00001560   0x00000084   Code   RO          564    .text.svcRtxKernelStart  RTX_CM0.lib(rtx_kernel.o)
    0x000015e4   0x000015e4   0x000000e8   Code   RO          814    .text.svcRtxMessageQueueGet  RTX_CM0.lib(rtx_msgqueue.o)
    0x000016cc   0x000016cc   0x000001e4   Code   RO          800    .text.svcRtxMessageQueueNew  RTX_CM0.lib(rtx_msgqueue.o)
    0x000018b0   0x000018b0   0x000000bc   Code   RO          810    .text.svcRtxMessageQueuePut  RTX_CM0.lib(rtx_msgqueue.o)
    0x0000196c   0x0000196c   0x00000098   Code   RO          755    .text.svcRtxMutexAcquire  RTX_CM0.lib(rtx_mutex.o)
    0x00001a04   0x00001a04   0x000000bc   Code   RO          761    .text.svcRtxMutexDelete  RTX_CM0.lib(rtx_mutex.o)
    0x00001ac0   0x00001ac0   0x00000070   Code   RO          751    .text.svcRtxMutexNew  RTX_CM0.lib(rtx_mutex.o)
    0x00001b30   0x00001b30   0x000000c0   Code   RO          757    .text.svcRtxMutexRelease  RTX_CM0.lib(rtx_mutex.o)
    0x00001bf0   0x00001bf0   0x0000006c   Code   RO          695    .text.svcRtxThreadExit  RTX_CM0.lib(rtx_thread.o)
    0x00001c5c   0x00001c5c   0x000001ec   Code   RO          619    .text.svcRtxThreadNew  RTX_CM0.lib(rtx_thread.o)
    0x00001e48   0x00001e48   0x00000094   Code   RO          321    i.InitLED           led.o
    0x00001edc   0x00001edc   0x00000190   Code   RO          491    i.SystemCoreClockUpdate  system_mkl25z4.o
    0x0000206c   0x0000206c   0x0000000c   Code   RO          492    i.SystemInit        system_mkl25z4.o
    0x00002078   0x00002078   0x00000044   Code   RO          148    i.UART2_IRQHandler  project.o
    0x000020bc   0x000020bc   0x0000001c   Code   RO          111    i.__ARM_common_switch8  motors.o
    0x000020d8   0x000020d8   0x00000078   Code   RO          149    i.__NVIC_SetPriority  project.o
    0x00002150   0x00002150   0x00000078   Code   RO          246    i.__NVIC_SetPriority  uart.o
    0x000021c8   0x000021c8   0x00000018   Code   RO          375    i._mutex_acquire    rtx_lib.o
    0x000021e0   0x000021e0   0x0000000c   Code   RO          376    i._mutex_free       rtx_lib.o
    0x000021ec   0x000021ec   0x00000024   Code   RO          377    i._mutex_initialize  rtx_lib.o
    0x00002210   0x00002210   0x00000014   Code   RO          378    i._mutex_release    rtx_lib.o
    0x00002224   0x00002224   0x00000008   Code   RO          379    i._platform_post_stackheap_init  rtx_lib.o
    0x0000222c   0x0000222c   0x00000012   Code   RO            3    i.backward          motors.o
    0x0000223e   0x0000223e   0x00000002   PAD
    0x00002240   0x00002240   0x0000004c   Code   RO          150    i.buzzerThread      project.o
    0x0000228c   0x0000228c   0x00000050   Code   RO          151    i.controlThread     project.o
    0x000022dc   0x000022dc   0x00000012   Code   RO            5    i.forward           motors.o
    0x000022ee   0x000022ee   0x00000002   PAD
    0x000022f0   0x000022f0   0x00000040   Code   RO          285    i.freq_to_mod       buzzer.o
    0x00002330   0x00002330   0x00000012   Code   RO            6    i.frontBackward     motors.o
    0x00002342   0x00002342   0x00000012   Code   RO            7    i.frontForward      motors.o
    0x00002354   0x00002354   0x00000050   Code   RO          153    i.greenLedThread    project.o
    0x000023a4   0x000023a4   0x00000214   Code   RO            8    i.initMotorPWM      motors.o
    0x000025b8   0x000025b8   0x000000bc   Code   RO          286    i.initPWM           buzzer.o
    0x00002674   0x00002674   0x000000cc   Code   RO          247    i.initUART2         uart.o
    0x00002740   0x00002740   0x00000012   Code   RO            9    i.left              motors.o
    0x00002752   0x00002752   0x00000002   PAD
    0x00002754   0x00002754   0x00000028   Code   RO           10    i.m1_backward       motors.o
    0x0000277c   0x0000277c   0x00000028   Code   RO           11    i.m1_forward        motors.o
    0x000027a4   0x000027a4   0x00000028   Code   RO           12    i.m2_backward       motors.o
    0x000027cc   0x000027cc   0x00000028   Code   RO           13    i.m2_forward        motors.o
    0x000027f4   0x000027f4   0x00000100   Code   RO          154    i.main              project.o
    0x000028f4   0x000028f4   0x0000002c   Code   RO          155    i.motorThread       project.o
    0x00002920   0x00002920   0x0000003c   Code   RO           14    i.move              motors.o
    0x0000295c   0x0000295c   0x00000020   Code   RO          451    i.osRtxErrorNotify  rtx_config.o
    0x0000297c   0x0000297c   0x00000004   Code   RO          452    i.osRtxIdleThread   rtx_config.o
    0x00002980   0x00002980   0x00000024   Code   RO          380    i.os_kernel_is_active  rtx_lib.o
    0x000029a4   0x000029a4   0x00000088   Code   RO          287    i.play_song         buzzer.o
    0x00002a2c   0x00002a2c   0x00000028   Code   RO           15    i.rearBackward      motors.o
    0x00002a54   0x00002a54   0x00000028   Code   RO           16    i.rearForward       motors.o
    0x00002a7c   0x00002a7c   0x00000054   Code   RO          156    i.redLedThread      project.o
    0x00002ad0   0x00002ad0   0x00000012   Code   RO           17    i.right             motors.o
    0x00002ae2   0x00002ae2   0x00000002   PAD
    0x00002ae4   0x00002ae4   0x00000028   Code   RO          323    i.setGreenLED       led.o
    0x00002b0c   0x00002b0c   0x00000060   Code   RO          324    i.shiftGreenLED     led.o
    0x00002b6c   0x00002b6c   0x0000001c   Code   RO           18    i.stop              motors.o
    0x00002b88   0x00002b88   0x00000014   Code   RO          326    i.toggleRedLED      led.o
    0x00002b9c   0x00002b9c   0x000000b0   Code   RO         1008    x$fpl$fmul          fz_ps.l(fmul.o)
    0x00002c4c   0x00002c4c   0x00000000   Code   RO         1015    x$fpl$usenofp       fz_ps.l(usenofp.o)
    0x00002c4c   0x00002c4c   0x00000064   Data   RO          387    .constdata          rtx_lib.o
    0x00002cb0   0x00002cb0   0x00000001   Data   RO          828    .constdata          RTX_CM0.lib(irq_cm0.o)
    0x00002cb1   0x00002cb1   0x00000040   Data   RO         1002    .constdata          fz_ps.l(fdiv.o)
    0x00002cf1   0x00002cf1   0x00000003   PAD
    0x00002cf4   0x00002cf4   0x000000a0   Data   RO          389    .rodata             rtx_lib.o
    0x00002d94   0x00002d94   0x0000000b   Data   RO          576    .rodata.str1.4      RTX_CM0.lib(rtx_kernel.o)
    0x00002d9f   0x00002d9f   0x00000001   PAD
    0x00002da0   0x00002da0   0x00000020   Data   RO         1174    Region$$Table       anon$$obj.o


    Execution Region ER_RW (Exec base: 0x1ffff000, Load base: 0x00002dc0, Size: 0x000017ec, Max: 0xffffffff, ABSOLUTE, COMPRESSED[0x000000dc])

    Exec Addr    Load Addr    Size         Type   Attr      Idx    E Section Name        Object

    0x1ffff000   COMPRESSED   0x00001040   Data   RW          381    .bss.os             rtx_lib.o
    0x20000040   COMPRESSED   0x00000034   Data   RW          383    .bss.os.msgqueue.cb  rtx_lib.o
    0x20000074   COMPRESSED   0x00000050   Data   RW          384    .bss.os.msgqueue.mem  rtx_lib.o
    0x200000c4   COMPRESSED   0x00000088   Data   RW          385    .bss.os.thread.cb   rtx_lib.o
    0x2000014c   COMPRESSED   0x00000004   PAD
    0x20000150   COMPRESSED   0x00000200   Data   RW          386    .bss.os.thread.stack  rtx_lib.o
    0x20000350   COMPRESSED   0x00000004   Data   RW           19    .data               motors.o
    0x20000354   COMPRESSED   0x000003b4   Data   RW          157    .data               project.o
    0x20000708   COMPRESSED   0x00000034   Data   RW          327    .data               led.o
    0x2000073c   COMPRESSED   0x00000005   Data   RW          388    .data               rtx_lib.o
    0x20000741   COMPRESSED   0x00000003   PAD
    0x20000744   COMPRESSED   0x00000004   Data   RW          493    .data               system_mkl25z4.o
    0x20000748   COMPRESSED   0x000000a4   Data   RW          577    .data.os            RTX_CM0.lib(rtx_kernel.o)


    Execution Region ER_ZI (Exec base: 0x200007ec, Load base: 0x00002e9c, Size: 0x00000164, Max: 0xffffffff, ABSOLUTE)

    Exec Addr    Load Addr    Size         Type   Attr      Idx    E Section Name        Object

    0x200007ec        -       0x00000060   Zero   RW         1047    .bss                c_p.l(libspace.o)
    0x2000084c        -       0x00000001   Zero   RW          976    .bss.PendST         RTX_CM0.lib(os_systick.o)
    0x2000084d   0x00002e9c   0x00000003   PAD
    0x20000850        -       0x00000000   Zero   RW          480    HEAP                startup_mkl25z4.o
    0x20000850        -       0x00000100   Zero   RW          479    STACK               startup_mkl25z4.o


==============================================================================

Image component sizes


      Code (inc. data)   RO Data    RW Data    ZI Data      Debug   Object Name

       388         24          0          0          0       1592   buzzer.o
       304         46          0         52          0       2234   led.o
       996        102          0          4          0     222961   motors.o
       808        136          0        948          0      17789   project.o
        36          8          0          0          0        933   rtx_config.o
       136          6        260       4945          0      12706   rtx_lib.o
        80         44        192          0        256        856   startup_mkl25z4.o
       412         42          0          4          0       1467   system_mkl25z4.o
       324         30          0          0          0       9240   uart.o

    ----------------------------------------------------------------------
      3492        438        484       5960        256     269778   Object Totals
         0          0         32          0          0          0   (incl. Generated)
         8          0          0          7          0          0   (incl. Padding)

    ----------------------------------------------------------------------

      Code (inc. data)   RO Data    RW Data    ZI Data      Debug   Library Member Name

       164          8          1          0          0        496   irq_cm0.o
       138         32          0          0          1       2766   os_systick.o
        58          4          0          0          0       2753   rtx_delay.o
       598         48         11        164          0      16105   rtx_kernel.o
       252          0          0          0          0       2564   rtx_memory.o
       166          0          0          0          0      14282   rtx_mempool.o
      1568         44          0          0          0      17889   rtx_msgqueue.o
       868         32          0          0          0       9201   rtx_mutex.o
       352         26          0          0          0       4635   rtx_system.o
      1614         96          0          0          0      30867   rtx_thread.o
       232         20          0          0          0      10018   rtx_timer.o
        86          0          0          0          0          0   __dczerorl2.o
         8          0          0          0          0         68   __main.o
         0          0          0          0          0          0   __rtentry.o
        20          0          0          0          0          0   __rtentry2.o
         6          0          0          0          0          0   __rtentry4.o
        60          8          0          0          0          0   __scatter.o
        28          0          0          0          0          0   __scatter_zi.o
       346          0          0          0          0         92   aeabi_sdiv.o
        16          0          0          0          0         68   exit.o
         6          0          0          0          0        136   heapauxi.o
         0          0          0          0          0          0   indicate_semi.o
         2          0          0          0          0          0   libinit.o
         2          0          0          0          0          0   libinit2.o
         2          0          0          0          0          0   libshutdown.o
         2          0          0          0          0          0   libshutdown2.o
         8          4          0          0         96         68   libspace.o
        64          0          0          0          0        108   rt_memclr.o
       186          0          0          0          0        144   rt_memcpy.o
         2          0          0          0          0          0   rtexit.o
        10          0          0          0          0          0   rtexit2.o
        12          4          0          0          0         60   sys_exit.o
        62          0          0          0          0         80   sys_stackheap_outer.o
         2          0          0          0          0         68   use_no_semi.o
       352         10         64          0          0         92   fdiv.o
        76          0          0          0          0         68   ffixi.o
        94          0          0          0          0         92   fflti.o
       176          4          0          0          0         80   fmul.o
         0          0          0          0          0          0   usenofp.o

    ----------------------------------------------------------------------
      7656        340         80        164        100     112800   Library Totals
        18          0          4          0          3          0   (incl. Padding)

    ----------------------------------------------------------------------

      Code (inc. data)   RO Data    RW Data    ZI Data      Debug   Library Name

      6010        310         12        164          1     111576   RTX_CM0.lib
       930         16          0          0         96        892   c_p.l
       698         14         64          0          0        332   fz_ps.l

    ----------------------------------------------------------------------
      7656        340         80        164        100     112800   Library Totals

    ----------------------------------------------------------------------

==============================================================================


      Code (inc. data)   RO Data    RW Data    ZI Data      Debug   

     11148        778        564       6124        356     380114   Grand Totals
     11148        778        564        220        356     380114   ELF Image Totals (compressed)
     11148        778        564        220          0          0   ROM Totals

==============================================================================

    Total RO  Size (Code + RO Data)                11712 (  11.44kB)
    Total RW  Size (RW Data + ZI Data)              6480 (   6.33kB)
    Total ROM Size (Code + RO Data + RW Data)      11932 (  11.65kB)

==============================================================================

