Component: ARM Compiler 5.06 update 6 (build 750) Tool: armlink [4d35ed]

==============================================================================

Section Cross References

    motors.o(i.backward) refers to motors.o(i.frontBackward) for frontBackward
    motors.o(i.backward) refers to motors.o(i.rearBackward) for rearBackward
    motors.o(i.forward) refers to motors.o(i.frontForward) for frontForward
    motors.o(i.forward) refers to motors.o(i.rearForward) for rearForward
    motors.o(i.frontBackward) refers to motors.o(i.m1_backward) for m1_backward
    motors.o(i.frontBackward) refers to motors.o(i.m2_backward) for m2_backward
    motors.o(i.frontForward) refers to motors.o(i.m1_forward) for m1_forward
    motors.o(i.frontForward) refers to motors.o(i.m2_forward) for m2_forward
    motors.o(i.initMotorPWM) refers to motors.o(.data) for mod_val
    motors.o(i.left) refers to motors.o(i.m1_backward) for m1_backward
    motors.o(i.left) refers to motors.o(i.m2_forward) for m2_forward
    motors.o(i.lt) refers to motors.o(i.left) for left
    motors.o(i.lt) refers to rtx_delay.o(.text.osDelay) for osDelay
    motors.o(i.lt) refers to motors.o(i.stop) for stop
    motors.o(i.lt) refers to motors.o(i.forward) for forward
    motors.o(i.m1_backward) refers to aeabi_sdiv.o(.text) for __aeabi_idivmod
    motors.o(i.m1_backward) refers to motors.o(.data) for mod_val
    motors.o(i.m1_forward) refers to aeabi_sdiv.o(.text) for __aeabi_idivmod
    motors.o(i.m1_forward) refers to motors.o(.data) for mod_val
    motors.o(i.m2_backward) refers to aeabi_sdiv.o(.text) for __aeabi_idivmod
    motors.o(i.m2_backward) refers to motors.o(.data) for mod_val
    motors.o(i.m2_forward) refers to aeabi_sdiv.o(.text) for __aeabi_idivmod
    motors.o(i.m2_forward) refers to motors.o(.data) for mod_val
    motors.o(i.move) refers to motors.o(i.__ARM_common_switch8) for __ARM_common_switch8
    motors.o(i.move) refers to motors.o(i.stop) for stop
    motors.o(i.move) refers to motors.o(i.right) for right
    motors.o(i.move) refers to motors.o(i.left) for left
    motors.o(i.move) refers to motors.o(i.forward) for forward
    motors.o(i.move) refers to motors.o(i.backward) for backward
    motors.o(i.move) refers to motors.o(i.rearForward) for rearForward
    motors.o(i.move) refers to rtx_delay.o(.text.osDelay) for osDelay
    motors.o(i.move) refers to motors.o(i.triangle) for triangle
    motors.o(i.onetwenty) refers to motors.o(i.rearForward) for rearForward
    motors.o(i.onetwenty) refers to motors.o(i.right) for right
    motors.o(i.onetwenty) refers to rtx_delay.o(.text.osDelay) for osDelay
    motors.o(i.onetwenty) refers to motors.o(i.stop) for stop
    motors.o(i.onetwenty) refers to motors.o(i.forward) for forward
    motors.o(i.onetwenty2) refers to motors.o(i.rearForward) for rearForward
    motors.o(i.onetwenty2) refers to motors.o(i.right) for right
    motors.o(i.onetwenty2) refers to rtx_delay.o(.text.osDelay) for osDelay
    motors.o(i.onetwenty2) refers to motors.o(i.stop) for stop
    motors.o(i.onetwenty2) refers to motors.o(i.forward) for forward
    motors.o(i.rearBackward) refers to aeabi_sdiv.o(.text) for __aeabi_idivmod
    motors.o(i.rearBackward) refers to motors.o(.data) for mod_val
    motors.o(i.rearForward) refers to aeabi_sdiv.o(.text) for __aeabi_idivmod
    motors.o(i.rearForward) refers to motors.o(.data) for mod_val
    motors.o(i.right) refers to motors.o(i.m2_backward) for m2_backward
    motors.o(i.right) refers to motors.o(i.m1_forward) for m1_forward
    motors.o(i.rt) refers to motors.o(i.right) for right
    motors.o(i.rt) refers to rtx_delay.o(.text.osDelay) for osDelay
    motors.o(i.rt) refers to motors.o(i.stop) for stop
    motors.o(i.rt) refers to motors.o(i.forward) for forward
    motors.o(i.sixty) refers to motors.o(i.rearForward) for rearForward
    motors.o(i.sixty) refers to motors.o(i.left) for left
    motors.o(i.sixty) refers to rtx_delay.o(.text.osDelay) for osDelay
    motors.o(i.sixty) refers to motors.o(i.stop) for stop
    motors.o(i.sixty) refers to motors.o(i.forward) for forward
    motors.o(i.step) refers to motors.o(i.right) for right
    motors.o(i.step) refers to rtx_delay.o(.text.osDelay) for osDelay
    motors.o(i.step) refers to motors.o(i.stop) for stop
    motors.o(i.step) refers to motors.o(i.forward) for forward
    motors.o(i.temp) refers to motors.o(i.stop) for stop
    motors.o(i.temp) refers to rtx_delay.o(.text.osDelay) for osDelay
    motors.o(i.temp) refers to motors.o(i.lt) for lt
    motors.o(i.temp) refers to motors.o(i.step) for step
    motors.o(i.temp) refers to motors.o(i.rt) for rt
    motors.o(i.triangle) refers to motors.o(i.sixty) for sixty
    motors.o(i.triangle) refers to motors.o(i.onetwenty) for onetwenty
    motors.o(i.triangle) refers to motors.o(i.onetwenty2) for onetwenty2
    motors.o(i.triangle) refers to motors.o(i.forward) for forward
[...]
    __arm_cp.0_0                             0x00000ac8   Number         4  rtx_delay.o(.text.osDelay)
    [Anonymous Symbol]                       0x00000acc   Section        0  rtx_kernel.o(.text.osKernelGetState)
    __arm_cp.4_0                             0x00000af4   Number         4  rtx_kernel.o(.text.osKernelGetState)
    __arm_cp.4_1                             0x00000af8   Number         4  rtx_kernel.o(.text.osKernelGetState)
    [Anonymous Symbol]                       0x00000afc   Section        0  rtx_kernel.o(.text.osKernelInitialize)
    __arm_cp.1_0                             0x00000b20   Number         4  rtx_kernel.o(.text.osKernelInitialize)
    [Anonymous Symbol]                       0x00000b24   Section        0  rtx_kernel.o(.text.osKernelStart)
    __arm_cp.6_0                             0x00000b44   Number         4  rtx_kernel.o(.text.osKernelStart)
    [Anonymous Symbol]                       0x00000b48   Section        0  rtx_msgqueue.o(.text.osMessageQueueGet)
    __arm_cp.3_0                             0x00000bb8   Number         4  rtx_msgqueue.o(.text.osMessageQueueGet)
    [Anonymous Symbol]                       0x00000bbc   Section        0  rtx_msgqueue.o(.text.osMessageQueueNew)
    __arm_cp.0_0                             0x00000bdc   Number         4  rtx_msgqueue.o(.text.osMessageQueueNew)
    [Anonymous Symbol]                       0x00000be0   Section        0  rtx_msgqueue.o(.text.osMessageQueuePut)
    __arm_cp.2_0                             0x00000c54   Number         4  rtx_msgqueue.o(.text.osMessageQueuePut)
    [Anonymous Symbol]                       0x00000c58   Section        0  rtx_mutex.o(.text.osMutexAcquire)
    __arm_cp.3_0                             0x00000c7c   Number         4  rtx_mutex.o(.text.osMutexAcquire)
    [Anonymous Symbol]                       0x00000c80   Section        0  rtx_mutex.o(.text.osMutexDelete)
    __arm_cp.6_0                             0x00000ca4   Number         4  rtx_mutex.o(.text.osMutexDelete)
    [Anonymous Symbol]                       0x00000ca8   Section        0  rtx_mutex.o(.text.osMutexNew)
    __arm_cp.1_0                             0x00000cc8   Number         4  rtx_mutex.o(.text.osMutexNew)
    [Anonymous Symbol]                       0x00000ccc   Section        0  rtx_mutex.o(.text.osMutexRelease)
    __arm_cp.4_0                             0x00000cf0   Number         4  rtx_mutex.o(.text.osMutexRelease)
    [Anonymous Symbol]                       0x00000cf4   Section        0  rtx_kernel.o(.text.osRtxKernelPreInit)
    [Anonymous Symbol]                       0x00000cf6   Section        0  rtx_memory.o(.text.osRtxMemoryAlloc)
    [Anonymous Symbol]                       0x00000d72   Section        0  rtx_memory.o(.text.osRtxMemoryFree)
    [Anonymous Symbol]                       0x00000dc0   Section        0  rtx_memory.o(.text.osRtxMemoryInit)
    [Anonymous Symbol]                       0x00000df2   Section        0  rtx_mempool.o(.text.osRtxMemoryPoolAlloc)
    [Anonymous Symbol]                       0x00000e20   Section        0  rtx_mempool.o(.text.osRtxMemoryPoolFree)
    [Anonymous Symbol]                       0x00000e5a   Section        0  rtx_mempool.o(.text.osRtxMemoryPoolInit)
    [Anonymous Symbol]                       0x00000e98   Section        0  rtx_msgqueue.o(.text.osRtxMessageQueuePostProcess)
    osRtxMessageQueuePostProcess             0x00000e99   Thumb Code   188  rtx_msgqueue.o(.text.osRtxMessageQueuePostProcess)
    [Anonymous Symbol]                       0x00000f54   Section        0  rtx_mutex.o(.text.osRtxMutexOwnerRelease)
    [Anonymous Symbol]                       0x00000f98   Section        0  rtx_system.o(.text.osRtxPendSV_Handler)
    __arm_cp.1_0                             0x00001014   Number         4  rtx_system.o(.text.osRtxPendSV_Handler)
    [Anonymous Symbol]                       0x00001018   Section        0  rtx_system.o(.text.osRtxPostProcess)
    __arm_cp.2_0                             0x0000107c   Number         4  rtx_system.o(.text.osRtxPostProcess)
    __arm_cp.2_1                             0x00001080   Number         4  rtx_system.o(.text.osRtxPostProcess)
    [Anonymous Symbol]                       0x00001084   Section        0  rtx_semaphore.o(.text.osRtxSemaphorePostProcess)
    osRtxSemaphorePostProcess                0x00001085   Thumb Code    36  rtx_semaphore.o(.text.osRtxSemaphorePostProcess)
    [Anonymous Symbol]                       0x000010a8   Section        0  rtx_thread.o(.text.osRtxThreadBlock)
    osRtxThreadBlock                         0x000010a9   Thumb Code    56  rtx_thread.o(.text.osRtxThreadBlock)
    __arm_cp.10_0                            0x000010dc   Number         4  rtx_thread.o(.text.osRtxThreadBlock)
    [Anonymous Symbol]                       0x000010e0   Section        0  rtx_thread.o(.text.osRtxThreadDelayInsert)
    osRtxThreadDelayInsert                   0x000010e1   Thumb Code   128  rtx_thread.o(.text.osRtxThreadDelayInsert)
    __arm_cp.14_0                            0x0000115c   Number         4  rtx_thread.o(.text.osRtxThreadDelayInsert)
    [Anonymous Symbol]                       0x00001160   Section        0  rtx_thread.o(.text.osRtxThreadDelayRemove)
    osRtxThreadDelayRemove                   0x00001161   Thumb Code    68  rtx_thread.o(.text.osRtxThreadDelayRemove)
    __arm_cp.12_0                            0x000011a0   Number         4  rtx_thread.o(.text.osRtxThreadDelayRemove)
    [Anonymous Symbol]                       0x000011a4   Section        0  rtx_thread.o(.text.osRtxThreadDelayTick)
    __arm_cp.5_0                             0x000011d8   Number         4  rtx_thread.o(.text.osRtxThreadDelayTick)
    [Anonymous Symbol]                       0x000011dc   Section        0  rtx_thread.o(.text.osRtxThreadDispatch)
    __arm_cp.9_0                             0x00001228   Number         4  rtx_thread.o(.text.osRtxThreadDispatch)
    [Anonymous Symbol]                       0x0000122c   Section        0  rtx_thread.o(.text.osRtxThreadFree)
    osRtxThreadFree                          0x0000122d   Thumb Code    84  rtx_thread.o(.text.osRtxThreadFree)
    __arm_cp.52_0                            0x0000127c   Number         4  rtx_thread.o(.text.osRtxThreadFree)
    [Anonymous Symbol]                       0x00001280   Section        0  rtx_thread.o(.text.osRtxThreadListGet)
    [Anonymous Symbol]                       0x00001294   Section        0  rtx_thread.o(.text.osRtxThreadListPut)
    [Anonymous Symbol]                       0x000012c0   Section        0  rtx_thread.o(.text.osRtxThreadListRemove)
    [Anonymous Symbol]                       0x000012d8   Section        0  rtx_thread.o(.text.osRtxThreadListSort)
    [Anonymous Symbol]                       0x000012fe   Section        0  rtx_thread.o(.text.osRtxThreadPostProcess)
    osRtxThreadPostProcess                   0x000012ff   Thumb Code    38  rtx_thread.o(.text.osRtxThreadPostProcess)
    [Anonymous Symbol]                       0x00001324   Section        0  rtx_thread.o(.text.osRtxThreadReadyPut)
    __arm_cp.4_0                             0x00001338   Number         4  rtx_thread.o(.text.osRtxThreadReadyPut)
    [Anonymous Symbol]                       0x0000133c   Section        0  rtx_thread.o(.text.osRtxThreadRegPtr)
    [Anonymous Symbol]                       0x00001344   Section        0  rtx_thread.o(.text.osRtxThreadStackCheck)
    __arm_cp.8_0                             0x00001368   Number         4  rtx_thread.o(.text.osRtxThreadStackCheck)
    __arm_cp.8_1                             0x0000136c   Number         4  rtx_thread.o(.text.osRtxThreadStackCheck)
    [Anonymous Symbol]                       0x00001370   Section        0  rtx_thread.o(.text.osRtxThreadStartup)
    __arm_cp.15_0                            0x000013a0   Number         4  rtx_thread.o(.text.osRtxThreadStartup)
    __arm_cp.15_1                            0x000013a4   Number         4  rtx_thread.o(.text.osRtxThreadStartup)
    __arm_cp.15_2                            0x000013a8   Number         4  rtx_thread.o(.text.osRtxThreadStartup)
    __arm_cp.15_3                            0x000013ac   Number         4  rtx_thread.o(.text.osRtxThreadStartup)
    [Anonymous Symbol]                       0x000013b0   Section        0  rtx_thread.o(.text.osRtxThreadSwitch)
    __arm_cp.7_0                             0x000013c0   Number         4  rtx_thread.o(.text.osRtxThreadSwitch)
    [Anonymous Symbol]                       0x000013c4   Section        0  rtx_thread.o(.text.osRtxThreadWaitEnter)
    __arm_cp.13_0                            0x000013fc   Number         4  rtx_thread.o(.text.osRtxThreadWaitEnter)
    [Anonymous Symbol]                       0x00001400   Section        0  rtx_thread.o(.text.osRtxThreadWaitExit)
    [Anonymous Symbol]                       0x00001424   Section        0  rtx_system.o(.text.osRtxTick_Handler)
    __arm_cp.0_0                             0x00001494   Number         4  rtx_system.o(.text.osRtxTick_Handler)
    [Anonymous Symbol]                       0x00001498   Section        0  rtx_timer.o(.text.osRtxTimerThread)
    __arm_cp.0_0                             0x000014c8   Number         4  rtx_timer.o(.text.osRtxTimerThread)
    __arm_cp.0_1                             0x000014cc   Number         4  rtx_timer.o(.text.osRtxTimerThread)
    __arm_cp.0_2                             0x000014d0   Number         4  rtx_timer.o(.text.osRtxTimerThread)
    [Anonymous Symbol]                       0x000014d4   Section        0  rtx_timer.o(.text.osRtxTimerTick)
    osRtxTimerTick                           0x000014d5   Thumb Code    96  rtx_timer.o(.text.osRtxTimerTick)
    __arm_cp.1_0                             0x00001530   Number         4  rtx_timer.o(.text.osRtxTimerTick)
    [Anonymous Symbol]                       0x00001534   Section        0  rtx_semaphore.o(.text.osSemaphoreAcquire)
    __arm_cp.2_0                             0x00001574   Number         4  rtx_semaphore.o(.text.osSemaphoreAcquire)
    [Anonymous Symbol]                       0x00001578   Section        0  rtx_semaphore.o(.text.osSemaphoreNew)
    __arm_cp.0_0                             0x00001598   Number         4  rtx_semaphore.o(.text.osSemaphoreNew)
    [Anonymous Symbol]                       0x0000159c   Section        0  rtx_semaphore.o(.text.osSemaphoreRelease)
    __arm_cp.3_0                             0x000015e4   Number         4  rtx_semaphore.o(.text.osSemaphoreRelease)
    [Anonymous Symbol]                       0x000015e8   Section        0  rtx_thread.o(.text.osThreadExit)
    __arm_cp.31_0                            0x000015f0   Number         4  rtx_thread.o(.text.osThreadExit)
    [Anonymous Symbol]                       0x000015f4   Section        0  rtx_thread.o(.text.osThreadNew)
    __arm_cp.17_0                            0x00001614   Number         4  rtx_thread.o(.text.osThreadNew)
    [Anonymous Symbol]                       0x00001618   Section        0  rtx_delay.o(.text.svcRtxDelay)
    svcRtxDelay                              0x00001619   Thumb Code    18  rtx_delay.o(.text.svcRtxDelay)
    [Anonymous Symbol]                       0x0000162c   Section        0  rtx_kernel.o(.text.svcRtxKernelGetState)
    svcRtxKernelGetState                     0x0000162d   Thumb Code    12  rtx_kernel.o(.text.svcRtxKernelGetState)
    __arm_cp.5_0                             0x00001634   Number         4  rtx_kernel.o(.text.svcRtxKernelGetState)
    [Anonymous Symbol]                       0x00001638   Section        0  rtx_kernel.o(.text.svcRtxKernelInitialize)
    svcRtxKernelInitialize                   0x00001639   Thumb Code   328  rtx_kernel.o(.text.svcRtxKernelInitialize)
    __arm_cp.20_0                            0x00001774   Number         4  rtx_kernel.o(.text.svcRtxKernelInitialize)
    __arm_cp.20_1                            0x00001778   Number         4  rtx_kernel.o(.text.svcRtxKernelInitialize)
    __arm_cp.20_2                            0x0000177c   Number         4  rtx_kernel.o(.text.svcRtxKernelInitialize)
    [Anonymous Symbol]                       0x00001780   Section        0  rtx_kernel.o(.text.svcRtxKernelStart)
    svcRtxKernelStart                        0x00001781   Thumb Code   132  rtx_kernel.o(.text.svcRtxKernelStart)
    __arm_cp.21_0                            0x000017f4   Number         4  rtx_kernel.o(.text.svcRtxKernelStart)
    __arm_cp.21_1                            0x000017f8   Number         4  rtx_kernel.o(.text.svcRtxKernelStart)
    __arm_cp.21_2                            0x000017fc   Number         4  rtx_kernel.o(.text.svcRtxKernelStart)
    __arm_cp.21_3                            0x00001800   Number         4  rtx_kernel.o(.text.svcRtxKernelStart)
    [Anonymous Symbol]                       0x00001804   Section        0  rtx_msgqueue.o(.text.svcRtxMessageQueueGet)
    svcRtxMessageQueueGet                    0x00001805   Thumb Code   232  rtx_msgqueue.o(.text.svcRtxMessageQueueGet)
    __arm_cp.21_0                            0x000018e8   Number         4  rtx_msgqueue.o(.text.svcRtxMessageQueueGet)
    [Anonymous Symbol]                       0x000018ec   Section        0  rtx_msgqueue.o(.text.svcRtxMessageQueueNew)
    svcRtxMessageQueueNew                    0x000018ed   Thumb Code   484  rtx_msgqueue.o(.text.svcRtxMessageQueueNew)
    __arm_cp.14_0                            0x00001ab8   Number         4  rtx_msgqueue.o(.text.svcRtxMessageQueueNew)
    __arm_cp.14_1                            0x00001abc   Number         4  rtx_msgqueue.o(.text.svcRtxMessageQueueNew)
    __arm_cp.14_2                            0x00001ac0   Number         4  rtx_msgqueue.o(.text.svcRtxMessageQueueNew)
    __arm_cp.14_3                            0x00001ac4   Number         4  rtx_msgqueue.o(.text.svcRtxMessageQueueNew)
    __arm_cp.14_4                            0x00001ac8   Number         4  rtx_msgqueue.o(.text.svcRtxMessageQueueNew)
    __arm_cp.14_5                            0x00001acc   Number         4  rtx_msgqueue.o(.text.svcRtxMessageQueueNew)
    [Anonymous Symbol]                       0x00001ad0   Section        0  rtx_msgqueue.o(.text.svcRtxMessageQueuePut)
    svcRtxMessageQueuePut                    0x00001ad1   Thumb Code   188  rtx_msgqueue.o(.text.svcRtxMessageQueuePut)
    __arm_cp.19_0                            0x00001b88   Number         4  rtx_msgqueue.o(.text.svcRtxMessageQueuePut)
    [Anonymous Symbol]                       0x00001b8c   Section        0  rtx_mutex.o(.text.svcRtxMutexAcquire)
    svcRtxMutexAcquire                       0x00001b8d   Thumb Code   152  rtx_mutex.o(.text.svcRtxMutexAcquire)
    __arm_cp.9_0                             0x00001c20   Number         4  rtx_mutex.o(.text.svcRtxMutexAcquire)
    [Anonymous Symbol]                       0x00001c24   Section        0  rtx_mutex.o(.text.svcRtxMutexDelete)
    svcRtxMutexDelete                        0x00001c25   Thumb Code   188  rtx_mutex.o(.text.svcRtxMutexDelete)
    __arm_cp.12_0                            0x00001cdc   Number         4  rtx_mutex.o(.text.svcRtxMutexDelete)
    [Anonymous Symbol]                       0x00001ce0   Section        0  rtx_mutex.o(.text.svcRtxMutexNew)
    svcRtxMutexNew                           0x00001ce1   Thumb Code   112  rtx_mutex.o(.text.svcRtxMutexNew)
    __arm_cp.7_0                             0x00001d4c   Number         4  rtx_mutex.o(.text.svcRtxMutexNew)
    [Anonymous Symbol]                       0x00001d50   Section        0  rtx_mutex.o(.text.svcRtxMutexRelease)
    svcRtxMutexRelease                       0x00001d51   Thumb Code   192  rtx_mutex.o(.text.svcRtxMutexRelease)
    __arm_cp.10_0                            0x00001e0c   Number         4  rtx_mutex.o(.text.svcRtxMutexRelease)
    [Anonymous Symbol]                       0x00001e10   Section        0  rtx_semaphore.o(.text.svcRtxSemaphoreAcquire)
    svcRtxSemaphoreAcquire                   0x00001e11   Thumb Code    76  rtx_semaphore.o(.text.svcRtxSemaphoreAcquire)
    __arm_cp.11_0                            0x00001e58   Number         4  rtx_semaphore.o(.text.svcRtxSemaphoreAcquire)
    [Anonymous Symbol]                       0x00001e5c   Section        0  rtx_semaphore.o(.text.svcRtxSemaphoreNew)
    svcRtxSemaphoreNew                       0x00001e5d   Thumb Code   136  rtx_semaphore.o(.text.svcRtxSemaphoreNew)
    __arm_cp.7_0                             0x00001ed8   Number         4  rtx_semaphore.o(.text.svcRtxSemaphoreNew)
    __arm_cp.7_1                             0x00001edc   Number         4  rtx_semaphore.o(.text.svcRtxSemaphoreNew)
    __arm_cp.7_2                             0x00001ee0   Number         4  rtx_semaphore.o(.text.svcRtxSemaphoreNew)
    [Anonymous Symbol]                       0x00001ee4   Section        0  rtx_semaphore.o(.text.svcRtxSemaphoreRelease)
    svcRtxSemaphoreRelease                   0x00001ee5   Thumb Code    56  rtx_semaphore.o(.text.svcRtxSemaphoreRelease)
    [Anonymous Symbol]                       0x00001f1c   Section        0  rtx_thread.o(.text.svcRtxThreadExit)
    svcRtxThreadExit                         0x00001f1d   Thumb Code   108  rtx_thread.o(.text.svcRtxThreadExit)
    __arm_cp.54_0                            0x00001f84   Number         4  rtx_thread.o(.text.svcRtxThreadExit)
    [Anonymous Symbol]                       0x00001f88   Section        0  rtx_thread.o(.text.svcRtxThreadNew)
    svcRtxThreadNew                          0x00001f89   Thumb Code   492  rtx_thread.o(.text.svcRtxThreadNew)
    __arm_cp.16_0                            0x0000215c   Number         4  rtx_thread.o(.text.svcRtxThreadNew)
    __arm_cp.16_1                            0x00002160   Number         4  rtx_thread.o(.text.svcRtxThreadNew)
    __arm_cp.16_2                            0x00002164   Number         4  rtx_thread.o(.text.svcRtxThreadNew)
    __arm_cp.16_3                            0x00002168   Number         4  rtx_thread.o(.text.svcRtxThreadNew)
    __arm_cp.16_4                            0x0000216c   Number         4  rtx_thread.o(.text.svcRtxThreadNew)
    __arm_cp.16_5                            0x00002170   Number         4  rtx_thread.o(.text.svcRtxThreadNew)
    i.InitLED                                0x00002174   Section        0  led.o(i.InitLED)
    i.SystemCoreClockUpdate                  0x00002208   Section        0  system_mkl25z4.o(i.SystemCoreClockUpdate)
    i.SystemInit                             0x00002398   Section        0  system_mkl25z4.o(i.SystemInit)
    i.TPM2_IRQHandler                        0x000023a4   Section        0  project.o(i.TPM2_IRQHandler)
    i.UART2_IRQHandler                       0x00002448   Section        0  project.o(i.UART2_IRQHandler)
    i.__ARM_common_switch8                   0x0000247c   Section        0  motors.o(i.__ARM_common_switch8)
    i.__NVIC_ClearPendingIRQ                 0x00002498   Section        0  project.o(i.__NVIC_ClearPendingIRQ)
    __NVIC_ClearPendingIRQ                   0x00002499   Thumb Code    18  project.o(i.__NVIC_ClearPendingIRQ)
    i.__NVIC_SetPriority                     0x000024b0   Section        0  project.o(i.__NVIC_SetPriority)
    __NVIC_SetPriority                       0x000024b1   Thumb Code   110  project.o(i.__NVIC_SetPriority)
    i.__NVIC_SetPriority                     0x00002528   Section        0  uart.o(i.__NVIC_SetPriority)
    __NVIC_SetPriority                       0x00002529   Thumb Code   110  uart.o(i.__NVIC_SetPriority)
    i._mutex_acquire                         0x000025a0   Section        0  rtx_lib.o(i._mutex_acquire)
    __tagsym$$used                           0x000025a1   Number         0  rtx_lib.o(i._mutex_acquire)
    i._mutex_free                            0x000025b8   Section        0  rtx_lib.o(i._mutex_free)
    __tagsym$$used                           0x000025b9   Number         0  rtx_lib.o(i._mutex_free)
    i._mutex_initialize                      0x000025c4   Section        0  rtx_lib.o(i._mutex_initialize)
    __tagsym$$used                           0x000025c5   Number         0  rtx_lib.o(i._mutex_initialize)
    i._mutex_release                         0x000025e8   Section        0  rtx_lib.o(i._mutex_release)
    __tagsym$$used                           0x000025e9   Number         0  rtx_lib.o(i._mutex_release)
    i._platform_post_stackheap_init          0x000025fc   Section        0  rtx_lib.o(i._platform_post_stackheap_init)
    i.backward                               0x00002604   Section        0  motors.o(i.backward)
    i.buzzerThread                           0x00002618   Section        0  project.o(i.buzzerThread)
    i.controlThread                          0x00002660   Section        0  project.o(i.controlThread)
    i.delay                                  0x000026ac   Section        0  ultrasonic.o(i.delay)
    i.forward                                0x000026c0   Section        0  motors.o(i.forward)
    i.freq_to_mod                            0x000026d4   Section        0  buzzer.o(i.freq_to_mod)
    i.frontBackward                          0x00002714   Section        0  motors.o(i.frontBackward)
    i.frontForward                           0x00002726   Section        0  motors.o(i.frontForward)
    i.greenLedThread                         0x00002738   Section        0  project.o(i.greenLedThread)
    i.initMotorPWM                           0x0000275c   Section        0  motors.o(i.initMotorPWM)
    i.initPWM                                0x00002904   Section        0  buzzer.o(i.initPWM)
    i.initTimer                              0x000029a4   Section        0  ultrasonic.o(i.initTimer)
    i.initUART2                              0x00002a74   Section        0  uart.o(i.initUART2)
    i.initUltrasonic                         0x00002b40   Section        0  ultrasonic.o(i.initUltrasonic)
    i.left                                   0x00002bc0   Section        0  motors.o(i.left)
    i.m1_backward                            0x00002bd4   Section        0  motors.o(i.m1_backward)
    i.m1_forward                             0x00002bfc   Section        0  motors.o(i.m1_forward)
    i.m2_backward                            0x00002c24   Section        0  motors.o(i.m2_backward)
    i.m2_forward                             0x00002c4c   Section        0  motors.o(i.m2_forward)
    i.main                                   0x00002c74   Section        0  project.o(i.main)
    i.motorThread                            0x00002d74   Section        0  project.o(i.motorThread)
    i.move                                   0x00002dcc   Section        0  motors.o(i.move)
    i.onetwenty                              0x00002e54   Section        0  motors.o(i.onetwenty)
    i.onetwenty2                             0x00002e94   Section        0  motors.o(i.onetwenty2)
    i.osRtxErrorNotify                       0x00002ed4   Section        0  rtx_config.o(i.osRtxErrorNotify)
    i.osRtxIdleThread                        0x00002ef4   Section        0  rtx_config.o(i.osRtxIdleThread)
    i.os_kernel_is_active                    0x00002ef8   Section        0  rtx_lib.o(i.os_kernel_is_active)
    os_kernel_is_active                      0x00002ef9   Thumb Code    30  rtx_lib.o(i.os_kernel_is_active)
    i.play_note                              0x00002f1c   Section        0  buzzer.o(i.play_note)
    i.pulse                                  0x00002f90   Section        0  ultrasonic.o(i.pulse)
    i.rearBackward                           0x00002fb8   Section        0  motors.o(i.rearBackward)
    i.rearForward                            0x00002fe0   Section        0  motors.o(i.rearForward)
    i.redLedThread                           0x00003008   Section        0  project.o(i.redLedThread)
    i.resetTimer                             0x00003030   Section        0  ultrasonic.o(i.resetTimer)
    i.right                                  0x0000303c   Section        0  motors.o(i.right)
    i.setGreenLED                            0x00003050   Section        0  led.o(i.setGreenLED)
    i.shiftGreenLED                          0x00003078   Section        0  led.o(i.shiftGreenLED)
    i.sixty                                  0x000030d8   Section        0  motors.o(i.sixty)
    i.stop                                   0x00003118   Section        0  motors.o(i.stop)
    i.toggleRedLED                           0x00003130   Section        0  led.o(i.toggleRedLED)
    i.triangle                               0x00003144   Section        0  motors.o(i.triangle)
    i.ultrasonicThread                       0x0000316c   Section        0  project.o(i.ultrasonicThread)
    x$fpl$fleqf                              0x000031f8   Section       84  flef.o(x$fpl$fleqf)
    x$fpl$fmul                               0x0000324c   Section      176  fmul.o(x$fpl$fmul)
    x$fpl$frleqf                             0x000032fc   Section       88  frlef.o(x$fpl$frleqf)
    .constdata                               0x00003354   Section      100  rtx_lib.o(.constdata)
    x$fpl$usenofp                            0x00003354   Section        0  usenofp.o(x$fpl$usenofp)
    os_idle_thread_attr                      0x00003354   Data          36  rtx_lib.o(.constdata)
    os_timer_thread_attr                     0x00003378   Data          36  rtx_lib.o(.constdata)
    os_timer_mq_attr                         0x0000339c   Data          24  rtx_lib.o(.constdata)
    .constdata                               0x000033b8   Section        1  irq_cm0.o(.constdata)
    .constdata                               0x000033b9   Section       64  fdiv.o(.constdata)
    fdiv_tab                                 0x000033b9   Data          64  fdiv.o(.constdata)
    .rodata                                  0x000033fc   Section      160  rtx_lib.o(.rodata)
    __tagsym$$used                           0x000033fc   Number         0  rtx_lib.o(.rodata)
    __tagsym$$used                           0x00003464   Number         0  rtx_lib.o(.rodata)
    [Anonymous Symbol]                       0x0000349c   Section        0  rtx_kernel.o(.rodata.str1.4)
    .L.str                                   0x0000349c   Data          11  rtx_kernel.o(.rodata.str1.4)
    .bss.os                                  0x1ffff000   Section     4160  rtx_lib.o(.bss.os)
    os_mem                                   0x1ffff000   Data        4096  rtx_lib.o(.bss.os)
    os_isr_queue                             0x20000000   Data          64  rtx_lib.o(.bss.os)
    .bss.os.msgqueue.cb                      0x20000040   Section       52  rtx_lib.o(.bss.os.msgqueue.cb)
    os_timer_mq_cb                           0x20000040   Data          52  rtx_lib.o(.bss.os.msgqueue.cb)
    .bss.os.msgqueue.mem                     0x20000074   Section       80  rtx_lib.o(.bss.os.msgqueue.mem)
    os_timer_mq_data                         0x20000074   Data          80  rtx_lib.o(.bss.os.msgqueue.mem)
    .bss.os.thread.cb                        0x200000c4   Section      136  rtx_lib.o(.bss.os.thread.cb)
    os_idle_thread_cb                        0x200000c4   Data          68  rtx_lib.o(.bss.os.thread.cb)
    os_timer_thread_cb                       0x20000108   Data          68  rtx_lib.o(.bss.os.thread.cb)
    .bss.os.thread.stack                     0x20000150   Section      512  rtx_lib.o(.bss.os.thread.stack)
    os_idle_thread_stack                     0x20000150   Data         256  rtx_lib.o(.bss.os.thread.stack)
    os_timer_thread_stack                    0x20000250   Data         256  rtx_lib.o(.bss.os.thread.stack)
    .data                                    0x20000350   Section        4  motors.o(.data)
    .data                                    0x20000354   Section      968  project.o(.data)
    .data                                    0x2000071c   Section       52  led.o(.data)
    .data                                    0x20000750   Section        5  rtx_lib.o(.data)
    os_kernel_active                         0x20000754   Data           1  rtx_lib.o(.data)
    .data                                    0x20000758   Section        4  system_mkl25z4.o(.data)
    .bss                                     0x20000800   Section       96  libspace.o(.bss)
    [Anonymous Symbol]                       0x20000860   Section        0  os_systick.o(.bss.PendST)
    PendST                                   0x20000860   Data           1  os_systick.o(.bss.PendST)
    HEAP                                     0x20000868   Section        0  startup_mkl25z4.o(HEAP)
    STACK                                    0x20000868   Section      256  startup_mkl25z4.o(STACK)
    Heap_Mem                                 0x20000868   Data           0  startup_mkl25z4.o(HEAP)
    Stack_Mem                                0x20000868   Data         256  startup_mkl25z4.o(STACK)
    __initial_sp                             0x20000968   Data           0  startup_mkl25z4.o(STACK)

    Global Symbols

    Symbol Name                              Value     Ov Type        Size  Object(Section)

    BuildAttributes$$THM_ISAv3M$S$PE$A:L22$X:L11$S22$IEEE1$IW$~IW$USESV6$~STKCKD$USESV7$~SHL$OSPACE$ROPI$EBA8$UX$STANDARDLIB$REQ8$PRES8$EABIv2 0x00000000   Number         0  anon$$obj.o ABSOLUTE
    __ARM_use_no_argv                        0x00000000   Number         0  project.o ABSOLUTE
    __Vectors                                0x00000000   Data           4  startup_mkl25z4.o(RESET)
    .bss.os.evflags.cb$$Base                  - Undefined Weak Reference
    .bss.os.evflags.cb$$Limit                 - Undefined Weak Reference
    .bss.os.mempool.cb$$Base                  - Undefined Weak Reference
    .bss.os.mempool.cb$$Limit                 - Undefined Weak Reference
    .bss.os.mutex.cb$$Base                    - Undefined Weak Reference
    .bss.os.mutex.cb$$Limit                   - Undefined Weak Reference
    .bss.os.semaphore.cb$$Base                - Undefined Weak Reference
    .bss.os.semaphore.cb$$Limit               - Undefined Weak Reference
    .bss.os.timer.cb$$Base                    - Undefined Weak Reference
    .bss.os.timer.cb$$Limit                   - Undefined Weak Reference
    __ARM_exceptions_init                     - Undefined Weak Reference
    __alloca_initialize                       - Undefined Weak Reference
    __arm_preinit_                            - Undefined Weak Reference
    __cpp_initialize__aeabi_                  - Undefined Weak Reference
    __cxa_finalize                            - Undefined Weak Reference
    __rt_locale                               - Undefined Weak Reference
    __sigvec_lookup                           - Undefined Weak Reference
    _atexit_init                              - Undefined Weak Reference
    _call_atexit_fns                          - Undefined Weak Reference
    _clock_init                               - Undefined Weak Reference
    _fp_trap_init                             - Undefined Weak Reference
    _fp_trap_shutdown                         - Undefined Weak Reference
    _get_lc_collate                           - Undefined Weak Reference
    _get_lc_ctype                             - Undefined Weak Reference
    _get_lc_monetary                          - Undefined Weak Reference
    _get_lc_numeric                           - Undefined Weak Reference
    _get_lc_time                              - Undefined Weak Reference
    _getenv_init                              - Undefined Weak Reference
    _handle_redirection                       - Undefined Weak Reference
    _init_alloc                               - Undefined Weak Reference
    _init_user_alloc                          - Undefined Weak Reference
    _initio                                   - Undefined Weak Reference
    _rand_init                                - Undefined Weak Reference
    _signal_finish                            - Undefined Weak Reference
    _signal_init                              - Undefined Weak Reference
    _terminate_alloc                          - Undefined Weak Reference
    _terminate_user_alloc                     - Undefined Weak Reference
    _terminateio                              - Undefined Weak Reference
    __Vectors_End                            0x000000c0   Data           0  startup_mkl25z4.o(RESET)
    __Vectors_Size                           0x000000c0   Number         0  startup_mkl25z4.o ABSOLUTE
    __main                                   0x000000c1   Thumb Code     8  __main.o(!!!main)
    __scatterload                            0x000000c9   Thumb Code     0  __scatter.o(!!!scatter)
    __scatterload_rt2                        0x000000c9   Thumb Code    52  __scatter.o(!!!scatter)
    __scatterload_rt2_thumb_only             0x000000c9   Thumb Code     0  __scatter.o(!!!scatter)
    __scatterload_null                       0x000000d9   Thumb Code     0  __scatter.o(!!!scatter)
    __scatterload_zeroinit                   0x00000105   Thumb Code    28  __scatter_zi.o(!!handler_zi)
    __rt_lib_init                            0x00000121   Thumb Code     0  libinit.o(.ARM.Collect$$libinit$$00000000)
    __rt_lib_init_alloca_1                   0x00000123   Thumb Code     0  libinit2.o(.ARM.Collect$$libinit$$0000002E)
    __rt_lib_init_argv_1                     0x00000123   Thumb Code     0  libinit2.o(.ARM.Collect$$libinit$$0000002C)
    __rt_lib_init_atexit_1                   0x00000123   Thumb Code     0  libinit2.o(.ARM.Collect$$libinit$$0000001B)
    __rt_lib_init_clock_1                    0x00000123   Thumb Code     0  libinit2.o(.ARM.Collect$$libinit$$00000021)
    __rt_lib_init_cpp_1                      0x00000123   Thumb Code     0  libinit2.o(.ARM.Collect$$libinit$$00000032)
    __rt_lib_init_exceptions_1               0x00000123   Thumb Code     0  libinit2.o(.ARM.Collect$$libinit$$00000030)
    __rt_lib_init_fp_1                       0x00000123   Thumb Code     0  libinit2.o(.ARM.Collect$$libinit$$00000002)
    __rt_lib_init_fp_trap_1                  0x00000123   Thumb Code     0  libinit2.o(.ARM.Collect$$libinit$$0000001F)
    __rt_lib_init_getenv_1                   0x00000123   Thumb Code     0  libinit2.o(.ARM.Collect$$libinit$$00000023)
    __rt_lib_init_heap_1                     0x00000123   Thumb Code     0  libinit2.o(.ARM.Collect$$libinit$$0000000A)
    __rt_lib_init_lc_collate_1               0x00000123   Thumb Code     0  libinit2.o(.ARM.Collect$$libinit$$00000011)
    __rt_lib_init_lc_ctype_1                 0x00000123   Thumb Code     0  libinit2.o(.ARM.Collect$$libinit$$00000013)
    __rt_lib_init_lc_monetary_1              0x00000123   Thumb Code     0  libinit2.o(.ARM.Collect$$libinit$$00000015)
    __rt_lib_init_lc_numeric_1               0x00000123   Thumb Code     0  libinit2.o(.ARM.Collect$$libinit$$00000017)
    __rt_lib_init_lc_time_1                  0x00000123   Thumb Code     0  libinit2.o(.ARM.Collect$$libinit$$00000019)
    __rt_lib_init_preinit_1                  0x00000123   Thumb Code     0  libinit2.o(.ARM.Collect$$libinit$$00000004)
    __rt_lib_init_rand_1                     0x00000123   Thumb Code     0  libinit2.o(.ARM.Collect$$libinit$$0000000E)
    __rt_lib_init_return                     0x00000123   Thumb Code     0  libinit2.o(.ARM.Collect$$libinit$$00000033)
    __rt_lib_init_signal_1                   0x00000123   Thumb Code     0  libinit2.o(.ARM.Collect$$libinit$$0000001D)
    __rt_lib_init_stdio_1                    0x00000123   Thumb Code     0  libinit2.o(.ARM.Collect$$libinit$$00000025)
    __rt_lib_init_user_alloc_1               0x00000123   Thumb Code     0  libinit2.o(.ARM.Collect$$libinit$$0000000C)
    __rt_lib_shutdown                        0x00000125   Thumb Code     0  libshutdown.o(.ARM.Collect$$libshutdown$$00000000)
    __rt_lib_shutdown_cpp_1                  0x00000127   Thumb Code     0  libshutdown2.o(.ARM.Collect$$libshutdown$$00000002)
    __rt_lib_shutdown_fp_trap_1              0x00000127   Thumb Code     0  libshutdown2.o(.ARM.Collect$$libshutdown$$00000007)
    __rt_lib_shutdown_heap_1                 0x00000127   Thumb Code     0  libshutdown2.o(.ARM.Collect$$libshutdown$$0000000F)
    __rt_lib_shutdown_return                 0x00000127   Thumb Code     0  libshutdown2.o(.ARM.Collect$$libshutdown$$00000010)
    __rt_lib_shutdown_signal_1               0x00000127   Thumb Code     0  libshutdown2.o(.ARM.Collect$$libshutdown$$0000000A)
    __rt_lib_shutdown_stdio_1                0x00000127   Thumb Code     0  libshutdown2.o(.ARM.Collect$$libshutdown$$00000004)
    __rt_lib_shutdown_user_alloc_1           0x00000127   Thumb Code     0  libshutdown2.o(.ARM.Collect$$libshutdown$$0000000C)
    __rt_entry                               0x00000129   Thumb Code     0  __rtentry.o(.ARM.Collect$$rtentry$$00000000)
    __rt_entry_presh_1                       0x00000129   Thumb Code     0  __rtentry2.o(.ARM.Collect$$rtentry$$00000002)
    __rt_entry_sh                            0x00000129   Thumb Code     0  __rtentry4.o(.ARM.Collect$$rtentry$$00000004)
    __rt_entry_postsh_1                      0x0000012f   Thumb Code     0  __rtentry2.o(.ARM.Collect$$rtentry$$00000008)
    __rt_entry_li                            0x00000137   Thumb Code     0  __rtentry2.o(.ARM.Collect$$rtentry$$0000000A)
    __rt_entry_main                          0x0000013b   Thumb Code     0  __rtentry2.o(.ARM.Collect$$rtentry$$0000000D)
    __rt_entry_postli_1                      0x0000013b   Thumb Code     0  __rtentry2.o(.ARM.Collect$$rtentry$$0000000C)
    __rt_exit                                0x00000143   Thumb Code     0  rtexit.o(.ARM.Collect$$rtexit$$00000000)
    __rt_exit_ls                             0x00000145   Thumb Code     0  rtexit2.o(.ARM.Collect$$rtexit$$00000003)
    __rt_exit_prels_1                        0x00000145   Thumb Code     0  rtexit2.o(.ARM.Collect$$rtexit$$00000002)
    __rt_exit_exit                           0x00000149   Thumb Code     0  rtexit2.o(.ARM.Collect$$rtexit$$00000004)
    __aeabi_memcpy4                          0x00000151   Thumb Code    56  rt_memcpy.o(.emb_text)
    __aeabi_memcpy8                          0x00000151   Thumb Code     0  rt_memcpy.o(.emb_text)
    Reset_Handler                            0x00000189   Thumb Code    12  startup_mkl25z4.o(.text)
    NMI_Handler                              0x00000195   Thumb Code     2  startup_mkl25z4.o(.text)
    HardFault_Handler                        0x00000197   Thumb Code     2  startup_mkl25z4.o(.text)
    ADC0_IRQHandler                          0x0000019f   Thumb Code     0  startup_mkl25z4.o(.text)
    CMP0_IRQHandler                          0x0000019f   Thumb Code     0  startup_mkl25z4.o(.text)
    DAC0_IRQHandler                          0x0000019f   Thumb Code     0  startup_mkl25z4.o(.text)
    DMA0_IRQHandler                          0x0000019f   Thumb Code     0  startup_mkl25z4.o(.text)
    DMA1_IRQHandler                          0x0000019f   Thumb Code     0  startup_mkl25z4.o(.text)
    DMA2_IRQHandler                          0x0000019f   Thumb Code     0  startup_mkl25z4.o(.text)
    DMA3_IRQHandler                          0x0000019f   Thumb Code     0  startup_mkl25z4.o(.text)
    DefaultISR                               0x0000019f   Thumb Code     0  startup_mkl25z4.o(.text)
    FTFA_IRQHandler                          0x0000019f   Thumb Code     0  startup_mkl25z4.o(.text)
    I2C0_IRQHandler                          0x0000019f   Thumb Code     0  startup_mkl25z4.o(.text)
    I2C1_IRQHandler                          0x0000019f   Thumb Code     0  startup_mkl25z4.o(.text)
    LLWU_IRQHandler                          0x0000019f   Thumb Code     0  startup_mkl25z4.o(.text)
    LPTMR0_IRQHandler                        0x0000019f   Thumb Code     0  startup_mkl25z4.o(.text)
    LVD_LVW_IRQHandler                       0x0000019f   Thumb Code     0  startup_mkl25z4.o(.text)
    MCG_IRQHandler                           0x0000019f   Thumb Code     0  startup_mkl25z4.o(.text)
    PIT_IRQHandler                           0x0000019f   Thumb Code     0  startup_mkl25z4.o(.text)
    PORTA_IRQHandler                         0x0000019f   Thumb Code     0  startup_mkl25z4.o(.text)
    PORTD_IRQHandler                         0x0000019f   Thumb Code     0  startup_mkl25z4.o(.text)
    RTC_IRQHandler                           0x0000019f   Thumb Code     0  startup_mkl25z4.o(.text)
    RTC_Seconds_IRQHandler                   0x0000019f   Thumb Code     0  startup_mkl25z4.o(.text)
    Reserved20_IRQHandler                    0x0000019f   Thumb Code     0  startup_mkl25z4.o(.text)
    Reserved39_IRQHandler                    0x0000019f   Thumb Code     0  startup_mkl25z4.o(.text)
    Reserved45_IRQHandler                    0x0000019f   Thumb Code     0  startup_mkl25z4.o(.text)
    SPI0_IRQHandler                          0x0000019f   Thumb Code     0  startup_mkl25z4.o(.text)
    SPI1_IRQHandler                          0x0000019f   Thumb Code     0  startup_mkl25z4.o(.text)
    TPM0_IRQHandler                          0x0000019f   Thumb Code     0  startup_mkl25z4.o(.text)
    TPM1_IRQHandler                          0x0000019f   Thumb Code     0  startup_mkl25z4.o(.text)
    TSI0_IRQHandler                          0x0000019f   Thumb Code     0  startup_mkl25z4.o(.text)
    UART0_IRQHandler                         0x0000019f   Thumb Code     0  startup_mkl25z4.o(.text)
    UART1_IRQHandler                         0x0000019f   Thumb Code     0  startup_mkl25z4.o(.text)
    USB0_IRQHandler                          0x0000019f   Thumb Code     0  startup_mkl25z4.o(.text)
    __user_initial_stackheap                 0x000001a5   Thumb Code     0  startup_mkl25z4.o(.text)
    SVC_Handler                              0x000001c9   Thumb Code   132  irq_cm0.o(.text)
    PendSV_Handler                           0x0000024d   Thumb Code    12  irq_cm0.o(.text)
    SysTick_Handler                          0x00000259   Thumb Code    12  irq_cm0.o(.text)
    __aeabi_memcpy                           0x0000026d   Thumb Code   130  rt_memcpy.o(.text)
    __rt_memcpy                              0x0000026d   Thumb Code     0  rt_memcpy.o(.text)
    _memset_w                                0x000002ef   Thumb Code    26  rt_memclr.o(.text)
    _memset                                  0x00000309   Thumb Code    30  rt_memclr.o(.text)
    __aeabi_memclr                           0x00000327   Thumb Code     4  rt_memclr.o(.text)
    __rt_memclr                              0x00000327   Thumb Code     0  rt_memclr.o(.text)
    __aeabi_memclr4                          0x0000032b   Thumb Code     0  rt_memclr.o(.text)
    __aeabi_memclr8                          0x0000032b   Thumb Code     0  rt_memclr.o(.text)
    __rt_memclr_w                            0x0000032b   Thumb Code     4  rt_memclr.o(.text)
    __use_two_region_memory                  0x0000032f   Thumb Code     2  heapauxi.o(.text)
    __rt_heap_escrow$2region                 0x00000331   Thumb Code     2  heapauxi.o(.text)
    __rt_heap_expand$2region                 0x00000333   Thumb Code     2  heapauxi.o(.text)
    __aeabi_f2iz                             0x00000335   Thumb Code     0  ffixi.o(.text)
    _ffix                                    0x00000335   Thumb Code    76  ffixi.o(.text)
    __aeabi_i2f_normalise                    0x00000381   Thumb Code    72  fflti.o(.text)
    __aeabi_i2f                              0x000003c9   Thumb Code    16  fflti.o(.text)
    _fflt                                    0x000003c9   Thumb Code     0  fflti.o(.text)
    __aeabi_ui2f                             0x000003d9   Thumb Code     6  fflti.o(.text)
    _ffltu                                   0x000003d9   Thumb Code     0  fflti.o(.text)
    __fpl_fcheck_NaN2                        0x000003e1   Thumb Code    10  fnan2.o(.text)
    exit                                     0x000003f1   Thumb Code    16  exit.o(.text)
    __aeabi_uidiv                            0x00000411   Thumb Code     0  aeabi_sdiv.o(.text)
    __aeabi_uidivmod                         0x00000411   Thumb Code    20  aeabi_sdiv.o(.text)
    __aeabi_idiv                             0x00000425   Thumb Code     0  aeabi_sdiv.o(.text)
    __aeabi_idivmod                          0x00000425   Thumb Code   326  aeabi_sdiv.o(.text)
    __aeabi_fdiv                             0x0000056d   Thumb Code     0  fdiv.o(.text)
    _fdiv                                    0x0000056d   Thumb Code   334  fdiv.o(.text)
    _frdiv                                   0x000006bb   Thumb Code     8  fdiv.o(.text)
    __fpl_fcmp_InfNaN                        0x000006cd   Thumb Code    96  fcmpin.o(.text)
    __fpl_cmpreturn                          0x00000731   Thumb Code    46  cmpret.o(.text)
    __user_setup_stackheap                   0x0000075f   Thumb Code    62  sys_stackheap_outer.o(.text)
    __fpl_return_NaN                         0x0000079d   Thumb Code    94  retnan.o(.text)
    __user_libspace                          0x000007fd   Thumb Code     8  libspace.o(.text)
    __user_perproc_libspace                  0x000007fd   Thumb Code     0  libspace.o(.text)
    _sys_exit                                0x00000805   Thumb Code     8  sys_exit.o(.text)
    __I$use$semihosting                      0x00000811   Thumb Code     0  use_no_semi.o(.text)
    __use_no_semihosting_swi                 0x00000811   Thumb Code     2  use_no_semi.o(.text)
    __decompress                             0x00000813   Thumb Code     0  __dczerorl2.o(.text)
    __decompress1                            0x00000813   Thumb Code    86  __dczerorl2.o(.text)
    __semihosting_library_function           0x00000813   Thumb Code     0  indicate_semi.o(.text)
    OS_Tick_AcknowledgeIRQ                   0x00000935   Thumb Code    12  os_systick.o(.text.OS_Tick_AcknowledgeIRQ)
    OS_Tick_Enable                           0x00000941   Thumb Code    44  os_systick.o(.text.OS_Tick_Enable)
    OS_Tick_GetIRQn                          0x0000096d   Thumb Code     6  os_systick.o(.text.OS_Tick_GetIRQn)
    OS_Tick_Setup                            0x00000975   Thumb Code    76  os_systick.o(.text.OS_Tick_Setup)
    osDelay                                  0x00000aa5   Thumb Code    40  rtx_delay.o(.text.osDelay)
    osKernelGetState                         0x00000acd   Thumb Code    48  rtx_kernel.o(.text.osKernelGetState)
    osKernelInitialize                       0x00000afd   Thumb Code    40  rtx_kernel.o(.text.osKernelInitialize)
    osKernelStart                            0x00000b25   Thumb Code    36  rtx_kernel.o(.text.osKernelStart)
    osMessageQueueGet                        0x00000b49   Thumb Code   116  rtx_msgqueue.o(.text.osMessageQueueGet)
    osMessageQueueNew                        0x00000bbd   Thumb Code    36  rtx_msgqueue.o(.text.osMessageQueueNew)
    osMessageQueuePut                        0x00000be1   Thumb Code   120  rtx_msgqueue.o(.text.osMessageQueuePut)
    osMutexAcquire                           0x00000c59   Thumb Code    40  rtx_mutex.o(.text.osMutexAcquire)
    osMutexDelete                            0x00000c81   Thumb Code    40  rtx_mutex.o(.text.osMutexDelete)
    osMutexNew                               0x00000ca9   Thumb Code    36  rtx_mutex.o(.text.osMutexNew)
    osMutexRelease                           0x00000ccd   Thumb Code    40  rtx_mutex.o(.text.osMutexRelease)
    osRtxKernelPreInit                       0x00000cf5   Thumb Code     2  rtx_kernel.o(.text.osRtxKernelPreInit)
    osRtxMemoryAlloc                         0x00000cf7   Thumb Code   124  rtx_memory.o(.text.osRtxMemoryAlloc)
    osRtxMemoryFree                          0x00000d73   Thumb Code    78  rtx_memory.o(.text.osRtxMemoryFree)
    osRtxMemoryInit                          0x00000dc1   Thumb Code    50  rtx_memory.o(.text.osRtxMemoryInit)
    osRtxMemoryPoolAlloc                     0x00000df3   Thumb Code    46  rtx_mempool.o(.text.osRtxMemoryPoolAlloc)
    osRtxMemoryPoolFree                      0x00000e21   Thumb Code    58  rtx_mempool.o(.text.osRtxMemoryPoolFree)
    osRtxMemoryPoolInit                      0x00000e5b   Thumb Code    62  rtx_mempool.o(.text.osRtxMemoryPoolInit)
    osRtxMutexOwnerRelease                   0x00000f55   Thumb Code    68  rtx_mutex.o(.text.osRtxMutexOwnerRelease)
    osRtxPendSV_Handler                      0x00000f99   Thumb Code   128  rtx_system.o(.text.osRtxPendSV_Handler)
    osRtxPostProcess                         0x00001019   Thumb Code   108  rtx_system.o(.text.osRtxPostProcess)
    osRtxThreadDelayTick                     0x000011a5   Thumb Code    56  rtx_thread.o(.text.osRtxThreadDelayTick)
    osRtxThreadDispatch                      0x000011dd   Thumb Code    80  rtx_thread.o(.text.osRtxThreadDispatch)
    osRtxThreadListGet                       0x00001281   Thumb Code    20  rtx_thread.o(.text.osRtxThreadListGet)
    osRtxThreadListPut                       0x00001295   Thumb Code    44  rtx_thread.o(.text.osRtxThreadListPut)
    osRtxThreadListRemove                    0x000012c1   Thumb Code    24  rtx_thread.o(.text.osRtxThreadListRemove)
    osRtxThreadListSort                      0x000012d9   Thumb Code    38  rtx_thread.o(.text.osRtxThreadListSort)
    osRtxThreadReadyPut                      0x00001325   Thumb Code    24  rtx_thread.o(.text.osRtxThreadReadyPut)
    osRtxThreadRegPtr                        0x0000133d   Thumb Code     6  rtx_thread.o(.text.osRtxThreadRegPtr)
    osRtxThreadStackCheck                    0x00001345   Thumb Code    44  rtx_thread.o(.text.osRtxThreadStackCheck)
    osRtxThreadStartup                       0x00001371   Thumb Code    64  rtx_thread.o(.text.osRtxThreadStartup)
    osRtxThreadSwitch                        0x000013b1   Thumb Code    20  rtx_thread.o(.text.osRtxThreadSwitch)
    osRtxThreadWaitEnter                     0x000013c5   Thumb Code    60  rtx_thread.o(.text.osRtxThreadWaitEnter)
    osRtxThreadWaitExit                      0x00001401   Thumb Code    34  rtx_thread.o(.text.osRtxThreadWaitExit)
    osRtxTick_Handler                        0x00001425   Thumb Code   116  rtx_system.o(.text.osRtxTick_Handler)
    osRtxTimerThread                         0x00001499   Thumb Code    60  rtx_timer.o(.text.osRtxTimerThread)
    osSemaphoreAcquire                       0x00001535   Thumb Code    68  rtx_semaphore.o(.text.osSemaphoreAcquire)
    osSemaphoreNew                           0x00001579   Thumb Code    36  rtx_semaphore.o(.text.osSemaphoreNew)
    osSemaphoreRelease                       0x0000159d   Thumb Code    76  rtx_semaphore.o(.text.osSemaphoreRelease)
    osThreadExit                             0x000015e9   Thumb Code    12  rtx_thread.o(.text.osThreadExit)
    osThreadNew                              0x000015f5   Thumb Code    36  rtx_thread.o(.text.osThreadNew)
    InitLED                                  0x00002175   Thumb Code   132  led.o(i.InitLED)
    SystemCoreClockUpdate                    0x00002209   Thumb Code   372  system_mkl25z4.o(i.SystemCoreClockUpdate)
    SystemInit                               0x00002399   Thumb Code     8  system_mkl25z4.o(i.SystemInit)
    TPM2_IRQHandler                          0x000023a5   Thumb Code   142  project.o(i.TPM2_IRQHandler)
    UART2_IRQHandler                         0x00002449   Thumb Code    38  project.o(i.UART2_IRQHandler)
    __ARM_common_switch8                     0x0000247d   Thumb Code    28  motors.o(i.__ARM_common_switch8)
    _mutex_acquire                           0x000025a1   Thumb Code    24  rtx_lib.o(i._mutex_acquire)
    _mutex_free                              0x000025b9   Thumb Code    12  rtx_lib.o(i._mutex_free)
    _mutex_initialize                        0x000025c5   Thumb Code    36  rtx_lib.o(i._mutex_initialize)
    _mutex_release                           0x000025e9   Thumb Code    20  rtx_lib.o(i._mutex_release)
    _platform_post_stackheap_init            0x000025fd   Thumb Code     8  rtx_lib.o(i._platform_post_stackheap_init)
    backward                                 0x00002605   Thumb Code    18  motors.o(i.backward)
    buzzerThread                             0x00002619   Thumb Code    54  project.o(i.buzzerThread)
    controlThread                            0x00002661   Thumb Code    56  project.o(i.controlThread)
    delay                                    0x000026ad   Thumb Code    20  ultrasonic.o(i.delay)
    forward                                  0x000026c1   Thumb Code    18  motors.o(i.forward)
    freq_to_mod                              0x000026d5   Thumb Code    58  buzzer.o(i.freq_to_mod)
    frontBackward                            0x00002715   Thumb Code    18  motors.o(i.frontBackward)
    frontForward                             0x00002727   Thumb Code    18  motors.o(i.frontForward)
    greenLedThread                           0x00002739   Thumb Code    32  project.o(i.greenLedThread)
    initMotorPWM                             0x0000275d   Thumb Code   404  motors.o(i.initMotorPWM)
    initPWM                                  0x00002905   Thumb Code   146  buzzer.o(i.initPWM)
    initTimer                                0x000029a5   Thumb Code   190  ultrasonic.o(i.initTimer)
    initUART2                                0x00002a75   Thumb Code   184  uart.o(i.initUART2)
    initUltrasonic                           0x00002b41   Thumb Code   112  ultrasonic.o(i.initUltrasonic)
    left                                     0x00002bc1   Thumb Code    18  motors.o(i.left)
    m1_backward                              0x00002bd5   Thumb Code    32  motors.o(i.m1_backward)
    m1_forward                               0x00002bfd   Thumb Code    30  motors.o(i.m1_forward)
    m2_backward                              0x00002c25   Thumb Code    32  motors.o(i.m2_backward)
    m2_forward                               0x00002c4d   Thumb Code    30  motors.o(i.m2_forward)
    main                                     0x00002c75   Thumb Code   202  project.o(i.main)
    motorThread                              0x00002d75   Thumb Code    78  project.o(i.motorThread)
    move                                     0x00002dcd   Thumb Code   132  motors.o(i.move)
    onetwenty                                0x00002e55   Thumb Code    60  motors.o(i.onetwenty)
    onetwenty2                               0x00002e95   Thumb Code    60  motors.o(i.onetwenty2)
    osRtxErrorNotify                         0x00002ed5   Thumb Code    32  rtx_config.o(i.osRtxErrorNotify)
    osRtxIdleThread                          0x00002ef5   Thumb Code     4  rtx_config.o(i.osRtxIdleThread)
    play_note                                0x00002f1d   Thumb Code   112  buzzer.o(i.play_note)
    pulse                                    0x00002f91   Thumb Code    36  ultrasonic.o(i.pulse)
    rearBackward                             0x00002fb9   Thumb Code    30  motors.o(i.rearBackward)
    rearForward                              0x00002fe1   Thumb Code    30  motors.o(i.rearForward)
    redLedThread                             0x00003009   Thumb Code    36  project.o(i.redLedThread)
    resetTimer                               0x00003031   Thumb Code     8  ultrasonic.o(i.resetTimer)
    right                                    0x0000303d   Thumb Code    18  motors.o(i.right)
    setGreenLED                              0x00003051   Thumb Code    30  led.o(i.setGreenLED)
    shiftGreenLED                            0x00003079   Thumb Code    80  led.o(i.shiftGreenLED)
    sixty                                    0x000030d9   Thumb Code    60  motors.o(i.sixty)
    stop                                     0x00003119   Thumb Code    18  motors.o(i.stop)
    toggleRedLED                             0x00003131   Thumb Code    16  led.o(i.toggleRedLED)
    triangle                                 0x00003145   Thumb Code    38  motors.o(i.triangle)
    ultrasonicThread                         0x0000316d   Thumb Code   114  project.o(i.ultrasonicThread)
    __aeabi_cfcmple                          0x000031f9   Thumb Code     0  flef.o(x$fpl$fleqf)
    _fcmple                                  0x000031f9   Thumb Code    78  flef.o(x$fpl$fleqf)
    __aeabi_fmul                             0x0000324d   Thumb Code     0  fmul.o(x$fpl$fmul)
    _fmul                                    0x0000324d   Thumb Code   172  fmul.o(x$fpl$fmul)
    __aeabi_cfrcmple                         0x000032fd   Thumb Code     0  frlef.o(x$fpl$frleqf)
    _frcmple                                 0x000032fd   Thumb Code    84  frlef.o(x$fpl$frleqf)
    __I$use$fp                               0x00003354   Number         0  usenofp.o(x$fpl$usenofp)
    osRtxUserSVC                             0x000033b4   Data           4  rtx_lib.o(.constdata)
    irqRtxLib                                0x000033b8   Data           1  irq_cm0.o(.constdata)
    osRtxConfig                              0x000033fc   Data         104  rtx_lib.o(.rodata)
    os_cb_sections                           0x00003464   Data          56  rtx_lib.o(.rodata)
    Region$$Table$$Base                      0x000034a8   Number         0  anon$$obj.o(Region$$Table)
    Region$$Table$$Limit                     0x000034c8   Number         0  anon$$obj.o(Region$$Table)
    .bss.os.msgqueue.cb$$Base                0x20000040   Number         0  rtx_lib.o(.bss.os.msgqueue.cb)
    .bss.os.msgqueue.cb$$Limit               0x20000074   Number         0  rtx_lib.o(.bss.os.msgqueue.cb)
    .bss.os.thread.cb$$Base                  0x200000c4   Number         0  rtx_lib.o(.bss.os.thread.cb)
    .bss.os.thread.cb$$Limit                 0x2000014c   Number         0  rtx_lib.o(.bss.os.thread.cb)
    mod_val                                  0x20000350   Data           4  motors.o(.data)
    notes                                    0x20000354   Data          32  project.o(.data)
    score                                    0x20000374   Data         384  project.o(.data)
    score_2                                  0x200004f4   Data         504  project.o(.data)
    selfDriveSem                             0x200006ec   Data           4  project.o(.data)
    selfDriveSquare                          0x200006f0   Data           4  project.o(.data)
    motorSem                                 0x200006f4   Data           4  project.o(.data)
    rx_interruptData                         0x200006f8   Data           1  project.o(.data)
    uartData                                 0x200006f9   Data           2  project.o(.data)
    isMoving                                 0x200006fc   Data           4  project.o(.data)
    isEnd                                    0x20000700   Data           4  project.o(.data)
    isSelfDrive                              0x20000704   Data           4  project.o(.data)
    motorMessage                             0x20000708   Data           4  project.o(.data)
    distance                                 0x2000070c   Data           4  project.o(.data)
    active                                   0x20000710   Data           4  project.o(.data)
    stop_flag                                0x20000714   Data           4  project.o(.data)
    counter                                  0x20000718   Data           4  project.o(.data)
    led                                      0x2000071c   Data          36  led.o(.data)
    curr                                     0x20000740   Data           4  led.o(.data)
    prev                                     0x20000744   Data           4  led.o(.data)
    running                                  0x20000748   Data           4  led.o(.data)
    toggle                                   0x2000074c   Data           4  led.o(.data)
    irqRtxLibRef                             0x20000750   Data           4  rtx_lib.o(.data)
    SystemCoreClock                          0x20000758   Data           4  system_mkl25z4.o(.data)
    osRtxInfo                                0x2000075c   Data         164  rtx_kernel.o(.data.os)
    __libspace_start                         0x20000800   Data          96  libspace.o(.bss)
    __temporary_stack_top$libspace           0x20000860   Data           0  libspace.o(.bss)



==============================================================================

Memory Map of the image

  Image Entry point : 0x00000189

  Load Region LR_1 (Base: 0x00000000, Size: 0x00004cc8, Max: 0xffffffff, ABSOLUTE, COMPRESSED[0x000035a4])

    Execution Region ER_RO (Exec base: 0x00000000, Load base: 0x00000000, Size: 0x000034c8, Max: 0xffffffff, ABSOLUTE)

    Exec Addr    Load Addr    Size         Type   Attr      Idx    E Section Name        Object

    0x00000000   0x00000000   0x000000c0   Data   RO          612    RESET               startup_mkl25z4.o
    0x000000c0   0x000000c0   0x00000008   Code   RO         1169  * !!!main             c_p.l(__main.o)
    0x000000c8   0x000000c8   0x0000003c   Code   RO         1360    !!!scatter          c_p.l(__scatter.o)
    0x00000104   0x00000104   0x0000001c   Code   RO         1362    !!handler_zi        c_p.l(__scatter_zi.o)
    0x00000120   0x00000120   0x00000002   Code   RO         1225    .ARM.Collect$$libinit$$00000000  c_p.l(libinit.o)
    0x00000122   0x00000122   0x00000000   Code   RO         1241    .ARM.Collect$$libinit$$00000002  c_p.l(libinit2.o)
    0x00000122   0x00000122   0x00000000   Code   RO         1243    .ARM.Collect$$libinit$$00000004  c_p.l(libinit2.o)
    0x00000122   0x00000122   0x00000000   Code   RO         1246    .ARM.Collect$$libinit$$0000000A  c_p.l(libinit2.o)
    0x00000122   0x00000122   0x00000000   Code   RO         1248    .ARM.Collect$$libinit$$0000000C  c_p.l(libinit2.o)
    0x00000122   0x00000122   0x00000000   Code   RO         1250    .ARM.Collect$$libinit$$0000000E  c_p.l(libinit2.o)
    0x00000122   0x00000122   0x00000000   Code   RO         1253    .ARM.Collect$$libinit$$00000011  c_p.l(libinit2.o)
    0x00000122   0x00000122   0x00000000   Code   RO         1255    .ARM.Collect$$libinit$$00000013  c_p.l(libinit2.o)
    0x00000122   0x00000122   0x00000000   Code   RO         1257    .ARM.Collect$$libinit$$00000015  c_p.l(libinit2.o)
    0x00000122   0x00000122   0x00000000   Code   RO         1259    .ARM.Collect$$libinit$$00000017  c_p.l(libinit2.o)
    0x00000122   0x00000122   0x00000000   Code   RO         1261    .ARM.Collect$$libinit$$00000019  c_p.l(libinit2.o)
    0x00000122   0x00000122   0x00000000   Code   RO         1263    .ARM.Collect$$libinit$$0000001B  c_p.l(libinit2.o)
    0x00000122   0x00000122   0x00000000   Code   RO         1265    .ARM.Collect$$libinit$$0000001D  c_p.l(libinit2.o)
    0x00000122   0x00000122   0x00000000   Code   RO         1267    .ARM.Collect$$libinit$$0000001F  c_p.l(libinit2.o)
    0x00000122   0x00000122   0x00000000   Code   RO         1269    .ARM.Collect$$libinit$$00000021  c_p.l(libinit2.o)
    0x00000122   0x00000122   0x00000000   Code   RO         1271    .ARM.Collect$$libinit$$00000023  c_p.l(libinit2.o)
    0x00000122   0x00000122   0x00000000   Code   RO         1273    .ARM.Collect$$libinit$$00000025  c_p.l(libinit2.o)
    0x00000122   0x00000122   0x00000000   Code   RO         1277    .ARM.Collect$$libinit$$0000002C  c_p.l(libinit2.o)
    0x00000122   0x00000122   0x00000000   Code   RO         1279    .ARM.Collect$$libinit$$0000002E  c_p.l(libinit2.o)
    0x00000122   0x00000122   0x00000000   Code   RO         1281    .ARM.Collect$$libinit$$00000030  c_p.l(libinit2.o)
    0x00000122   0x00000122   0x00000000   Code   RO         1283    .ARM.Collect$$libinit$$00000032  c_p.l(libinit2.o)
    0x00000122   0x00000122   0x00000002   Code   RO         1284    .ARM.Collect$$libinit$$00000033  c_p.l(libinit2.o)
    0x00000124   0x00000124   0x00000002   Code   RO         1315    .ARM.Collect$$libshutdown$$00000000  c_p.l(libshutdown.o)
    0x00000126   0x00000126   0x00000000   Code   RO         1341    .ARM.Collect$$libshutdown$$00000002  c_p.l(libshutdown2.o)
    0x00000126   0x00000126   0x00000000   Code   RO         1343    .ARM.Collect$$libshutdown$$00000004  c_p.l(libshutdown2.o)
    0x00000126   0x00000126   0x00000000   Code   RO         1346    .ARM.Collect$$libshutdown$$00000007  c_p.l(libshutdown2.o)
    0x00000126   0x00000126   0x00000000   Code   RO         1349    .ARM.Collect$$libshutdown$$0000000A  c_p.l(libshutdown2.o)
    0x00000126   0x00000126   0x00000000   Code   RO         1351    .ARM.Collect$$libshutdown$$0000000C  c_p.l(libshutdown2.o)
    0x00000126   0x00000126   0x00000000   Code   RO         1354    .ARM.Collect$$libshutdown$$0000000F  c_p.l(libshutdown2.o)
    0x00000126   0x00000126   0x00000002   Code   RO         1355    .ARM.Collect$$libshutdown$$00000010  c_p.l(libshutdown2.o)
    0x00000128   0x00000128   0x00000000   Code   RO         1184    .ARM.Collect$$rtentry$$00000000  c_p.l(__rtentry.o)
    0x00000128   0x00000128   0x00000000   Code   RO         1193    .ARM.Collect$$rtentry$$00000002  c_p.l(__rtentry2.o)
    0x00000128   0x00000128   0x00000006   Code   RO         1205    .ARM.Collect$$rtentry$$00000004  c_p.l(__rtentry4.o)
    0x0000012e   0x0000012e   0x00000008   Code   RO         1194    .ARM.Collect$$rtentry$$00000008  c_p.l(__rtentry2.o)
    0x00000136   0x00000136   0x00000004   Code   RO         1196    .ARM.Collect$$rtentry$$0000000A  c_p.l(__rtentry2.o)
    0x0000013a   0x0000013a   0x00000000   Code   RO         1198    .ARM.Collect$$rtentry$$0000000C  c_p.l(__rtentry2.o)
    0x0000013a   0x0000013a   0x00000008   Code   RO         1199    .ARM.Collect$$rtentry$$0000000D  c_p.l(__rtentry2.o)
    0x00000142   0x00000142   0x00000002   Code   RO         1232    .ARM.Collect$$rtexit$$00000000  c_p.l(rtexit.o)
    0x00000144   0x00000144   0x00000000   Code   RO         1288    .ARM.Collect$$rtexit$$00000002  c_p.l(rtexit2.o)
    0x00000144   0x00000144   0x00000004   Code   RO         1289    .ARM.Collect$$rtexit$$00000003  c_p.l(rtexit2.o)
    0x00000148   0x00000148   0x00000006   Code   RO         1290    .ARM.Collect$$rtexit$$00000004  c_p.l(rtexit2.o)
    0x0000014e   0x0000014e   0x00000002   PAD
    0x00000150   0x00000150   0x00000038   Code   RO         1157    .emb_text           c_p.l(rt_memcpy.o)
    0x00000188   0x00000188   0x00000040   Code   RO          614  * .text               startup_mkl25z4.o
    0x000001c8   0x000001c8   0x000000a4   Code   RO          999    .text               RTX_CM0.lib(irq_cm0.o)
    0x0000026c   0x0000026c   0x00000082   Code   RO         1158    .text               c_p.l(rt_memcpy.o)
    0x000002ee   0x000002ee   0x00000040   Code   RO         1161    .text               c_p.l(rt_memclr.o)
    0x0000032e   0x0000032e   0x00000006   Code   RO         1167    .text               c_p.l(heapauxi.o)
    0x00000334   0x00000334   0x0000004c   Code   RO         1174    .text               fz_ps.l(ffixi.o)
    0x00000380   0x00000380   0x0000005e   Code   RO         1176    .text               fz_ps.l(fflti.o)
    0x000003de   0x000003de   0x00000002   PAD
    0x000003e0   0x000003e0   0x00000010   Code   RO         1211    .text               fz_ps.l(fnan2.o)
    0x000003f0   0x000003f0   0x00000010   Code   RO         1216    .text               c_p.l(exit.o)
    0x00000400   0x00000400   0x00000010   Code   RO          613    .ARM.__at_0x400     startup_mkl25z4.o
    0x00000410   0x00000410   0x0000015a   Code   RO         1163    .text               c_p.l(aeabi_sdiv.o)
    0x0000056a   0x0000056a   0x00000002   PAD
    0x0000056c   0x0000056c   0x00000160   Code   RO         1171    .text               fz_ps.l(fdiv.o)
    0x000006cc   0x000006cc   0x00000064   Code   RO         1189    .text               fz_ps.l(fcmpin.o)
    0x00000730   0x00000730   0x0000002e   Code   RO         1209    .text               fz_ps.l(cmpret.o)
    0x0000075e   0x0000075e   0x0000003e   Code   RO         1213    .text               c_p.l(sys_stackheap_outer.o)
    0x0000079c   0x0000079c   0x0000005e   Code   RO         1226    .text               fz_ps.l(retnan.o)
    0x000007fa   0x000007fa   0x00000002   PAD
    0x000007fc   0x000007fc   0x00000008   Code   RO         1228    .text               c_p.l(libspace.o)
    0x00000804   0x00000804   0x0000000c   Code   RO         1285    .text               c_p.l(sys_exit.o)
    0x00000810   0x00000810   0x00000002   Code   RO         1304    .text               c_p.l(use_no_semi.o)
    0x00000812   0x00000812   0x00000000   Code   RO         1306    .text               c_p.l(indicate_semi.o)
    0x00000812   0x00000812   0x00000056   Code   RO         1358    .text               c_p.l(__dczerorl2.o)
    0x00000868   0x00000868   0x0000004c   Code   RO          982    .text.MessageQueueGet  RTX_CM0.lib(rtx_msgqueue.o)
    0x000008b4   0x000008b4   0x00000062   Code   RO          976    .text.MessageQueuePut  RTX_CM0.lib(rtx_msgqueue.o)
    0x00000916   0x00000916   0x0000001e   Code   RO          974    .text.MessageQueueRemove  RTX_CM0.lib(rtx_msgqueue.o)
    0x00000934   0x00000934   0x0000000c   Code   RO         1134    .text.OS_Tick_AcknowledgeIRQ  RTX_CM0.lib(os_systick.o)
    0x00000940   0x00000940   0x0000002c   Code   RO         1130    .text.OS_Tick_Enable  RTX_CM0.lib(os_systick.o)
    0x0000096c   0x0000096c   0x00000006   Code   RO         1136    .text.OS_Tick_GetIRQn  RTX_CM0.lib(os_systick.o)
    0x00000972   0x00000972   0x00000002   PAD
    0x00000974   0x00000974   0x0000004c   Code   RO         1128    .text.OS_Tick_Setup  RTX_CM0.lib(os_systick.o)
    0x000009c0   0x000009c0   0x00000024   Code   RO          921    .text.SemaphoreTokenDecrement  RTX_CM0.lib(rtx_semaphore.o)
    0x000009e4   0x000009e4   0x00000026   Code   RO          927    .text.SemaphoreTokenIncrement  RTX_CM0.lib(rtx_semaphore.o)
    0x00000a0a   0x00000a0a   0x0000004e   Code   RO          798    .text.ThreadFlagsCheck  RTX_CM0.lib(rtx_thread.o)
    0x00000a58   0x00000a58   0x0000004c   Code   RO         1020    .text.TimerInsert   RTX_CM0.lib(rtx_timer.o)
    0x00000aa4   0x00000aa4   0x00000028   Code   RO          851    .text.osDelay       RTX_CM0.lib(rtx_delay.o)
    0x00000acc   0x00000acc   0x00000030   Code   RO          661    .text.osKernelGetState  RTX_CM0.lib(rtx_kernel.o)
    0x00000afc   0x00000afc   0x00000028   Code   RO          655    .text.osKernelInitialize  RTX_CM0.lib(rtx_kernel.o)
    0x00000b24   0x00000b24   0x00000024   Code   RO          665    .text.osKernelStart  RTX_CM0.lib(rtx_kernel.o)
    0x00000b48   0x00000b48   0x00000074   Code   RO          948    .text.osMessageQueueGet  RTX_CM0.lib(rtx_msgqueue.o)
    0x00000bbc   0x00000bbc   0x00000024   Code   RO          942    .text.osMessageQueueNew  RTX_CM0.lib(rtx_msgqueue.o)
    0x00000be0   0x00000be0   0x00000078   Code   RO          946    .text.osMessageQueuePut  RTX_CM0.lib(rtx_msgqueue.o)
    0x00000c58   0x00000c58   0x00000028   Code   RO          874    .text.osMutexAcquire  RTX_CM0.lib(rtx_mutex.o)
    0x00000c80   0x00000c80   0x00000028   Code   RO          880    .text.osMutexDelete  RTX_CM0.lib(rtx_mutex.o)
    0x00000ca8   0x00000ca8   0x00000024   Code   RO          870    .text.osMutexNew    RTX_CM0.lib(rtx_mutex.o)
    0x00000ccc   0x00000ccc   0x00000028   Code   RO          876    .text.osMutexRelease  RTX_CM0.lib(rtx_mutex.o)
    0x00000cf4   0x00000cf4   0x00000002   Code   RO          653    .text.osRtxKernelPreInit  RTX_CM0.lib(rtx_kernel.o)
    0x00000cf6   0x00000cf6   0x0000007c   Code   RO         1047    .text.osRtxMemoryAlloc  RTX_CM0.lib(rtx_memory.o)
    0x00000d72   0x00000d72   0x0000004e   Code   RO         1049    .text.osRtxMemoryFree  RTX_CM0.lib(rtx_memory.o)
    0x00000dc0   0x00000dc0   0x00000032   Code   RO         1045    .text.osRtxMemoryInit  RTX_CM0.lib(rtx_memory.o)
    0x00000df2   0x00000df2   0x0000002e   Code   RO         1062    .text.osRtxMemoryPoolAlloc  RTX_CM0.lib(rtx_mempool.o)
    0x00000e20   0x00000e20   0x0000003a   Code   RO         1064    .text.osRtxMemoryPoolFree  RTX_CM0.lib(rtx_mempool.o)
    0x00000e5a   0x00000e5a   0x0000003e   Code   RO         1060    .text.osRtxMemoryPoolInit  RTX_CM0.lib(rtx_mempool.o)
    0x00000e98   0x00000e98   0x000000bc   Code   RO          972    .text.osRtxMessageQueuePostProcess  RTX_CM0.lib(rtx_msgqueue.o)
    0x00000f54   0x00000f54   0x00000044   Code   RO          868    .text.osRtxMutexOwnerRelease  RTX_CM0.lib(rtx_mutex.o)
    0x00000f98   0x00000f98   0x00000080   Code   RO         1115    .text.osRtxPendSV_Handler  RTX_CM0.lib(rtx_system.o)
    0x00001018   0x00001018   0x0000006c   Code   RO         1117    .text.osRtxPostProcess  RTX_CM0.lib(rtx_system.o)
    0x00001084   0x00001084   0x00000024   Code   RO          919    .text.osRtxSemaphorePostProcess  RTX_CM0.lib(rtx_semaphore.o)
    0x000010a8   0x000010a8   0x00000038   Code   RO          738    .text.osRtxThreadBlock  RTX_CM0.lib(rtx_thread.o)
    0x000010e0   0x000010e0   0x00000080   Code   RO          746    .text.osRtxThreadDelayInsert  RTX_CM0.lib(rtx_thread.o)
    0x00001160   0x00001160   0x00000044   Code   RO          742    .text.osRtxThreadDelayRemove  RTX_CM0.lib(rtx_thread.o)
    0x000011a4   0x000011a4   0x00000038   Code   RO          728    .text.osRtxThreadDelayTick  RTX_CM0.lib(rtx_thread.o)
    0x000011dc   0x000011dc   0x00000050   Code   RO          736    .text.osRtxThreadDispatch  RTX_CM0.lib(rtx_thread.o)
    0x0000122c   0x0000122c   0x00000054   Code   RO          822    .text.osRtxThreadFree  RTX_CM0.lib(rtx_thread.o)
    0x00001280   0x00001280   0x00000014   Code   RO          720    .text.osRtxThreadListGet  RTX_CM0.lib(rtx_thread.o)
    0x00001294   0x00001294   0x0000002c   Code   RO          718    .text.osRtxThreadListPut  RTX_CM0.lib(rtx_thread.o)
    0x000012c0   0x000012c0   0x00000018   Code   RO          724    .text.osRtxThreadListRemove  RTX_CM0.lib(rtx_thread.o)
    0x000012d8   0x000012d8   0x00000026   Code   RO          722    .text.osRtxThreadListSort  RTX_CM0.lib(rtx_thread.o)
    0x000012fe   0x000012fe   0x00000026   Code   RO          796    .text.osRtxThreadPostProcess  RTX_CM0.lib(rtx_thread.o)
    0x00001324   0x00001324   0x00000018   Code   RO          726    .text.osRtxThreadReadyPut  RTX_CM0.lib(rtx_thread.o)
    0x0000133c   0x0000133c   0x00000006   Code   RO          730    .text.osRtxThreadRegPtr  RTX_CM0.lib(rtx_thread.o)
    0x00001342   0x00001342   0x00000002   PAD
    0x00001344   0x00001344   0x0000002c   Code   RO          734    .text.osRtxThreadStackCheck  RTX_CM0.lib(rtx_thread.o)
    0x00001370   0x00001370   0x00000040   Code   RO          748    .text.osRtxThreadStartup  RTX_CM0.lib(rtx_thread.o)
    0x000013b0   0x000013b0   0x00000014   Code   RO          732    .text.osRtxThreadSwitch  RTX_CM0.lib(rtx_thread.o)
    0x000013c4   0x000013c4   0x0000003c   Code   RO          744    .text.osRtxThreadWaitEnter  RTX_CM0.lib(rtx_thread.o)
    0x00001400   0x00001400   0x00000022   Code   RO          740    .text.osRtxThreadWaitExit  RTX_CM0.lib(rtx_thread.o)
    0x00001422   0x00001422   0x00000002   PAD
    0x00001424   0x00001424   0x00000074   Code   RO         1113    .text.osRtxTick_Handler  RTX_CM0.lib(rtx_system.o)
    0x00001498   0x00001498   0x0000003c   Code   RO         1004    .text.osRtxTimerThread  RTX_CM0.lib(rtx_timer.o)
    0x000014d4   0x000014d4   0x00000060   Code   RO         1006    .text.osRtxTimerTick  RTX_CM0.lib(rtx_timer.o)
    0x00001534   0x00001534   0x00000044   Code   RO          907    .text.osSemaphoreAcquire  RTX_CM0.lib(rtx_semaphore.o)
    0x00001578   0x00001578   0x00000024   Code   RO          903    .text.osSemaphoreNew  RTX_CM0.lib(rtx_semaphore.o)
    0x0000159c   0x0000159c   0x0000004c   Code   RO          909    .text.osSemaphoreRelease  RTX_CM0.lib(rtx_semaphore.o)
    0x000015e8   0x000015e8   0x0000000c   Code   RO          780    .text.osThreadExit  RTX_CM0.lib(rtx_thread.o)
    0x000015f4   0x000015f4   0x00000024   Code   RO          752    .text.osThreadNew   RTX_CM0.lib(rtx_thread.o)
    0x00001618   0x00001618   0x00000012   Code   RO          855    .text.svcRtxDelay   RTX_CM0.lib(rtx_delay.o)
    0x0000162a   0x0000162a   0x00000002   PAD
    0x0000162c   0x0000162c   0x0000000c   Code   RO          663    .text.svcRtxKernelGetState  RTX_CM0.lib(rtx_kernel.o)
    0x00001638   0x00001638   0x00000148   Code   RO          693    .text.svcRtxKernelInitialize  RTX_CM0.lib(rtx_kernel.o)
    0x00001780   0x00001780   0x00000084   Code   RO          695    .text.svcRtxKernelStart  RTX_CM0.lib(rtx_kernel.o)
    0x00001804   0x00001804   0x000000e8   Code   RO          984    .text.svcRtxMessageQueueGet  RTX_CM0.lib(rtx_msgqueue.o)
    0x000018ec   0x000018ec   0x000001e4   Code   RO          970    .text.svcRtxMessageQueueNew  RTX_CM0.lib(rtx_msgqueue.o)
    0x00001ad0   0x00001ad0   0x000000bc   Code   RO          980    .text.svcRtxMessageQueuePut  RTX_CM0.lib(rtx_msgqueue.o)
    0x00001b8c   0x00001b8c   0x00000098   Code   RO          886    .text.svcRtxMutexAcquire  RTX_CM0.lib(rtx_mutex.o)
    0x00001c24   0x00001c24   0x000000bc   Code   RO          892    .text.svcRtxMutexDelete  RTX_CM0.lib(rtx_mutex.o)
    0x00001ce0   0x00001ce0   0x00000070   Code   RO          882    .text.svcRtxMutexNew  RTX_CM0.lib(rtx_mutex.o)
    0x00001d50   0x00001d50   0x000000c0   Code   RO          888    .text.svcRtxMutexRelease  RTX_CM0.lib(rtx_mutex.o)
    0x00001e10   0x00001e10   0x0000004c   Code   RO          925    .text.svcRtxSemaphoreAcquire  RTX_CM0.lib(rtx_semaphore.o)
    0x00001e5c   0x00001e5c   0x00000088   Code   RO          917    .text.svcRtxSemaphoreNew  RTX_CM0.lib(rtx_semaphore.o)
    0x00001ee4   0x00001ee4   0x00000038   Code   RO          929    .text.svcRtxSemaphoreRelease  RTX_CM0.lib(rtx_semaphore.o)
    0x00001f1c   0x00001f1c   0x0000006c   Code   RO          826    .text.svcRtxThreadExit  RTX_CM0.lib(rtx_thread.o)
    0x00001f88   0x00001f88   0x000001ec   Code   RO          750    .text.svcRtxThreadNew  RTX_CM0.lib(rtx_thread.o)
    0x00002174   0x00002174   0x00000094   Code   RO          405    i.InitLED           led.o
    0x00002208   0x00002208   0x00000190   Code   RO          622    i.SystemCoreClockUpdate  system_mkl25z4.o
    0x00002398   0x00002398   0x0000000c   Code   RO          623    i.SystemInit        system_mkl25z4.o
    0x000023a4   0x000023a4   0x000000a4   Code   RO          196    i.TPM2_IRQHandler   project.o
    0x00002448   0x00002448   0x00000034   Code   RO          197    i.UART2_IRQHandler  project.o
    0x0000247c   0x0000247c   0x0000001c   Code   RO          159    i.__ARM_common_switch8  motors.o
    0x00002498   0x00002498   0x00000018   Code   RO          198    i.__NVIC_ClearPendingIRQ  project.o
    0x000024b0   0x000024b0   0x00000078   Code   RO          199    i.__NVIC_SetPriority  project.o
    0x00002528   0x00002528   0x00000078   Code   RO          315    i.__NVIC_SetPriority  uart.o
    0x000025a0   0x000025a0   0x00000018   Code   RO          506    i._mutex_acquire    rtx_lib.o
    0x000025b8   0x000025b8   0x0000000c   Code   RO          507    i._mutex_free       rtx_lib.o
    0x000025c4   0x000025c4   0x00000024   Code   RO          508    i._mutex_initialize  rtx_lib.o
    0x000025e8   0x000025e8   0x00000014   Code   RO          509    i._mutex_release    rtx_lib.o
    0x000025fc   0x000025fc   0x00000008   Code   RO          510    i._platform_post_stackheap_init  rtx_lib.o
    0x00002604   0x00002604   0x00000012   Code   RO            3    i.backward          motors.o
    0x00002616   0x00002616   0x00000002   PAD
    0x00002618   0x00002618   0x00000048   Code   RO          200    i.buzzerThread      project.o
    0x00002660   0x00002660   0x0000004c   Code   RO          201    i.controlThread     project.o
    0x000026ac   0x000026ac   0x00000014   Code   RO          458    i.delay             ultrasonic.o
    0x000026c0   0x000026c0   0x00000012   Code   RO            5    i.forward           motors.o
    0x000026d2   0x000026d2   0x00000002   PAD
    0x000026d4   0x000026d4   0x00000040   Code   RO          354    i.freq_to_mod       buzzer.o
    0x00002714   0x00002714   0x00000012   Code   RO            6    i.frontBackward     motors.o
    0x00002726   0x00002726   0x00000012   Code   RO            7    i.frontForward      motors.o
    0x00002738   0x00002738   0x00000024   Code   RO          202    i.greenLedThread    project.o
    0x0000275c   0x0000275c   0x000001a8   Code   RO            8    i.initMotorPWM      motors.o
    0x00002904   0x00002904   0x000000a0   Code   RO          355    i.initPWM           buzzer.o
    0x000029a4   0x000029a4   0x000000d0   Code   RO          459    i.initTimer         ultrasonic.o
    0x00002a74   0x00002a74   0x000000cc   Code   RO          316    i.initUART2         uart.o
    0x00002b40   0x00002b40   0x00000080   Code   RO          460    i.initUltrasonic    ultrasonic.o
    0x00002bc0   0x00002bc0   0x00000012   Code   RO            9    i.left              motors.o
    0x00002bd2   0x00002bd2   0x00000002   PAD
    0x00002bd4   0x00002bd4   0x00000028   Code   RO           11    i.m1_backward       motors.o
    0x00002bfc   0x00002bfc   0x00000028   Code   RO           12    i.m1_forward        motors.o
    0x00002c24   0x00002c24   0x00000028   Code   RO           13    i.m2_backward       motors.o
    0x00002c4c   0x00002c4c   0x00000028   Code   RO           14    i.m2_forward        motors.o
    0x00002c74   0x00002c74   0x00000100   Code   RO          203    i.main              project.o
    0x00002d74   0x00002d74   0x00000058   Code   RO          204    i.motorThread       project.o
    0x00002dcc   0x00002dcc   0x00000088   Code   RO           15    i.move              motors.o
    0x00002e54   0x00002e54   0x00000040   Code   RO           16    i.onetwenty         motors.o
    0x00002e94   0x00002e94   0x00000040   Code   RO           17    i.onetwenty2        motors.o
    0x00002ed4   0x00002ed4   0x00000020   Code   RO          582    i.osRtxErrorNotify  rtx_config.o
    0x00002ef4   0x00002ef4   0x00000004   Code   RO          583    i.osRtxIdleThread   rtx_config.o
    0x00002ef8   0x00002ef8   0x00000024   Code   RO          511    i.os_kernel_is_active  rtx_lib.o
    0x00002f1c   0x00002f1c   0x00000074   Code   RO          356    i.play_note         buzzer.o
    0x00002f90   0x00002f90   0x00000028   Code   RO          461    i.pulse             ultrasonic.o
    0x00002fb8   0x00002fb8   0x00000028   Code   RO           18    i.rearBackward      motors.o
    0x00002fe0   0x00002fe0   0x00000028   Code   RO           19    i.rearForward       motors.o
    0x00003008   0x00003008   0x00000028   Code   RO          206    i.redLedThread      project.o
    0x00003030   0x00003030   0x0000000c   Code   RO          462    i.resetTimer        ultrasonic.o
    0x0000303c   0x0000303c   0x00000012   Code   RO           20    i.right             motors.o
    0x0000304e   0x0000304e   0x00000002   PAD
    0x00003050   0x00003050   0x00000028   Code   RO          407    i.setGreenLED       led.o
    0x00003078   0x00003078   0x00000060   Code   RO          408    i.shiftGreenLED     led.o
    0x000030d8   0x000030d8   0x00000040   Code   RO           22    i.sixty             motors.o
    0x00003118   0x00003118   0x00000018   Code   RO           24    i.stop              motors.o
    0x00003130   0x00003130   0x00000014   Code   RO          410    i.toggleRedLED      led.o
    0x00003144   0x00003144   0x00000026   Code   RO           26    i.triangle          motors.o
    0x0000316a   0x0000316a   0x00000002   PAD
    0x0000316c   0x0000316c   0x0000008c   Code   RO          207    i.ultrasonicThread  project.o
    0x000031f8   0x000031f8   0x00000054   Code   RO         1178    x$fpl$fleqf         fz_ps.l(flef.o)
    0x0000324c   0x0000324c   0x000000b0   Code   RO         1180    x$fpl$fmul          fz_ps.l(fmul.o)
    0x000032fc   0x000032fc   0x00000058   Code   RO         1182    x$fpl$frleqf        fz_ps.l(frlef.o)
    0x00003354   0x00003354   0x00000000   Code   RO         1191    x$fpl$usenofp       fz_ps.l(usenofp.o)
    0x00003354   0x00003354   0x00000064   Data   RO          518    .constdata          rtx_lib.o
    0x000033b8   0x000033b8   0x00000001   Data   RO          998    .constdata          RTX_CM0.lib(irq_cm0.o)
    0x000033b9   0x000033b9   0x00000040   Data   RO         1172    .constdata          fz_ps.l(fdiv.o)
    0x000033f9   0x000033f9   0x00000003   PAD
    0x000033fc   0x000033fc   0x000000a0   Data   RO          520    .rodata             rtx_lib.o
    0x0000349c   0x0000349c   0x0000000b   Data   RO          707    .rodata.str1.4      RTX_CM0.lib(rtx_kernel.o)
    0x000034a7   0x000034a7   0x00000001   PAD
    0x000034a8   0x000034a8   0x00000020   Data   RO         1356    Region$$Table       anon$$obj.o


    Execution Region ER_RW (Exec base: 0x1ffff000, Load base: 0x000034c8, Size: 0x00001800, Max: 0xffffffff, ABSOLUTE, COMPRESSED[0x000000dc])

    Exec Addr    Load Addr    Size         Type   Attr      Idx    E Section Name        Object

    0x1ffff000   COMPRESSED   0x00001040   Data   RW          512    .bss.os             rtx_lib.o
    0x20000040   COMPRESSED   0x00000034   Data   RW          514    .bss.os.msgqueue.cb  rtx_lib.o
    0x20000074   COMPRESSED   0x00000050   Data   RW          515    .bss.os.msgqueue.mem  rtx_lib.o
    0x200000c4   COMPRESSED   0x00000088   Data   RW          516    .bss.os.thread.cb   rtx_lib.o
    0x2000014c   COMPRESSED   0x00000004   PAD
    0x20000150   COMPRESSED   0x00000200   Data   RW          517    .bss.os.thread.stack  rtx_lib.o
    0x20000350   COMPRESSED   0x00000004   Data   RW           27    .data               motors.o
    0x20000354   COMPRESSED   0x000003c8   Data   RW          208    .data               project.o
    0x2000071c   COMPRESSED   0x00000034   Data   RW          411    .data               led.o
    0x20000750   COMPRESSED   0x00000005   Data   RW          519    .data               rtx_lib.o
    0x20000755   COMPRESSED   0x00000003   PAD
    0x20000758   COMPRESSED   0x00000004   Data   RW          624    .data               system_mkl25z4.o
    0x2000075c   COMPRESSED   0x000000a4   Data   RW          708    .data.os            RTX_CM0.lib(rtx_kernel.o)


    Execution Region ER_ZI (Exec base: 0x20000800, Load base: 0x000035a4, Size: 0x00000168, Max: 0xffffffff, ABSOLUTE)

    Exec Addr    Load Addr    Size         Type   Attr      Idx    E Section Name        Object

    0x20000800        -       0x00000060   Zero   RW         1229    .bss                c_p.l(libspace.o)
    0x20000860        -       0x00000001   Zero   RW         1146    .bss.PendST         RTX_CM0.lib(os_systick.o)
    0x20000861   0x000035a4   0x00000007   PAD
    0x20000868        -       0x00000000   Zero   RW          611    HEAP                startup_mkl25z4.o
    0x20000868        -       0x00000100   Zero   RW          610    STACK               startup_mkl25z4.o


==============================================================================

Image component sizes


      Code (inc. data)   RO Data    RW Data    ZI Data      Debug   Object Name

       340         24          0          0          0       1656   buzzer.o
       304         46          0         52          0       2318   led.o
      1190        116          0          4          0     224881   motors.o
      1068        188          0        968          0      19244   project.o
        36          8          0          0          0        957   rtx_config.o
       136          6        260       4945          0      12706   rtx_lib.o
        80         44        192          0        256        880   startup_mkl25z4.o
       412         42          0          4          0       1507   system_mkl25z4.o
       324         30          0          0          0       9264   uart.o
       408         42          0          0          0      10578   ultrasonic.o

    ----------------------------------------------------------------------
      4308        546        484       5980        256     283991   Object Totals
         0          0         32          0          0          0   (incl. Generated)
        10          0          0          7          0          0   (incl. Padding)

    ----------------------------------------------------------------------

      Code (inc. data)   RO Data    RW Data    ZI Data      Debug   Library Member Name

       164          8          1          0          0        496   irq_cm0.o
       138         32          0          0          1       2766   os_systick.o
        58          4          0          0          0       2753   rtx_delay.o
       598         48         11        164          0      16105   rtx_kernel.o
       252          0          0          0          0       2564   rtx_memory.o
       166          0          0          0          0      14282   rtx_mempool.o
      1568         44          0          0          0      17889   rtx_msgqueue.o
       868         32          0          0          0       9201   rtx_mutex.o
       558         28          0          0          0      10054   rtx_semaphore.o
       352         26          0          0          0       4635   rtx_system.o
      1614         96          0          0          0      30867   rtx_thread.o
       232         20          0          0          0      10018   rtx_timer.o
        86          0          0          0          0          0   __dczerorl2.o
         8          0          0          0          0         68   __main.o
         0          0          0          0          0          0   __rtentry.o
        20          0          0          0          0          0   __rtentry2.o
         6          0          0          0          0          0   __rtentry4.o
        60          8          0          0          0          0   __scatter.o
        28          0          0          0          0          0   __scatter_zi.o
       346          0          0          0          0         92   aeabi_sdiv.o
        16          0          0          0          0         68   exit.o
         6          0          0          0          0        136   heapauxi.o
         0          0          0          0          0          0   indicate_semi.o
         2          0          0          0          0          0   libinit.o
         2          0          0          0          0          0   libinit2.o
         2          0          0          0          0          0   libshutdown.o
         2          0          0          0          0          0   libshutdown2.o
         8          4          0          0         96         68   libspace.o
        64          0          0          0          0        108   rt_memclr.o
       186          0          0          0          0        144   rt_memcpy.o
         2          0          0          0          0          0   rtexit.o
        10          0          0          0          0          0   rtexit2.o
        12          4          0          0          0         60   sys_exit.o
        62          0          0          0          0         80   sys_stackheap_outer.o
         2          0          0          0          0         68   use_no_semi.o
        46          0          0          0          0         60   cmpret.o
       100          4          0          0          0         68   fcmpin.o
       352         10         64          0          0         92   fdiv.o
        76          0          0          0          0         68   ffixi.o
        94          0          0          0          0         92   fflti.o
        84          4          0          0          0         76   flef.o
       176          4          0          0          0         80   fmul.o
        16          6          0          0          0         68   fnan2.o
        88          4          0          0          0         76   frlef.o
        94          0          0          0          0         68   retnan.o
         0          0          0          0          0          0   usenofp.o

    ----------------------------------------------------------------------
      8640        386         80        164        104     123270   Library Totals
        16          0          4          0          7          0   (incl. Padding)

    ----------------------------------------------------------------------

      Code (inc. data)   RO Data    RW Data    ZI Data      Debug   Library Name

      6568        338         12        164          1     121630   RTX_CM0.lib
       930         16          0          0         96        892   c_p.l
      1126         32         64          0          0        748   fz_ps.l

    ----------------------------------------------------------------------
      8640        386         80        164        104     123270   Library Totals

    ----------------------------------------------------------------------

==============================================================================


      Code (inc. data)   RO Data    RW Data    ZI Data      Debug   

     12948        932        564       6144        360     404061   Grand Totals
     12948        932        564        220        360     404061   ELF Image Totals (compressed)
     12948        932        564        220          0          0   ROM Totals

==============================================================================

    Total RO  Size (Code + RO Data)                13512 (  13.20kB)
    Total RW  Size (RW Data + ZI Data)              6504 (   6.35kB)
    Total ROM Size (Code + RO Data + RW Data)      13732 (  13.41kB)

==============================================================================

