Component: ARM Compiler 5.06 update 6 (build 750) Tool: armlink [4d35ed]

==============================================================================

Section Cross References

    motors.o(i.backward) refers to motors.o(i.frontBackward) for frontBackward
    motors.o(i.backward) refers to motors.o(i.rearBackward) for rearBackward
    motors.o(i.circular) refers to motors.o(i.rearForward) for rearForward
    motors.o(i.circular) refers to motors.o(i.right) for right
    motors.o(i.circular) refers to rtx_delay.o(.text.osDelay) for osDelay
    motors.o(i.circular) refers to motors.o(i.stop) for stop
    motors.o(i.forward) refers to motors.o(i.frontForward) for frontForward
    motors.o(i.forward) refers to motors.o(i.rearForward) for rearForward
    motors.o(i.frontBackward) refers to motors.o(i.m1_backward) for m1_backward
    motors.o(i.frontBackward) refers to motors.o(i.m2_backward) for m2_backward
    motors.o(i.frontForward) refers to motors.o(i.m1_forward) for m1_forward
    motors.o(i.frontForward) refers to motors.o(i.m2_forward) for m2_forward
    motors.o(i.initMotorPWM) refers to motors.o(.data) for mod_val
    motors.o(i.left) refers to motors.o(i.m1_backward) for m1_backward
    motors.o(i.left) refers to motors.o(i.m2_forward) for m2_forward
    motors.o(i.m1_backward) refers to aeabi_sdiv.o(.text) for __aeabi_idivmod
    motors.o(i.m1_backward) refers to motors.o(.data) for mod_val
    motors.o(i.m1_forward) refers to aeabi_sdiv.o(.text) for __aeabi_idivmod
    motors.o(i.m1_forward) refers to motors.o(.data) for mod_val
    motors.o(i.m2_backward) refers to aeabi_sdiv.o(.text) for __aeabi_idivmod
    motors.o(i.m2_backward) refers to motors.o(.data) for mod_val
    motors.o(i.m2_forward) refers to aeabi_sdiv.o(.text) for __aeabi_idivmod
    motors.o(i.m2_forward) refers to motors.o(.data) for mod_val
    motors.o(i.move) refers to motors.o(i.__ARM_common_switch8) for __ARM_common_switch8
    motors.o(i.move) refers to motors.o(i.stop) for stop
    motors.o(i.move) refers to motors.o(i.right) for right
    motors.o(i.move) refers to motors.o(i.left) for left
    motors.o(i.move) refers to motors.o(i.forward) for forward
    motors.o(i.move) refers to motors.o(i.backward) for backward
    motors.o(i.move) refers to motors.o(i.selfdrive) for selfdrive
    motors.o(i.rearBackward) refers to aeabi_sdiv.o(.text) for __aeabi_idivmod
    motors.o(i.rearBackward) refers to motors.o(.data) for mod_val
    motors.o(i.rearForward) refers to aeabi_sdiv.o(.text) for __aeabi_idivmod
    motors.o(i.rearForward) refers to motors.o(.data) for mod_val
    motors.o(i.right) refers to motors.o(i.m2_backward) for m2_backward
    motors.o(i.right) refers to motors.o(i.m1_forward) for m1_forward
    motors.o(i.selfdrive) refers to motors.o(i.stop) for stop
    motors.o(i.selfdrive) refers to rtx_delay.o(.text.osDelay) for osDelay
    motors.o(i.selfdrive) refers to motors.o(i.left) for left
    motors.o(i.selfdrive) refers to motors.o(i.forward) for forward
    motors.o(i.selfdrive) refers to motors.o(i.right) for right
    project.o(i.TPM2_IRQHandler) refers to project.o(i.__NVIC_ClearPendingIRQ) for __NVIC_ClearPendingIRQ
    project.o(i.TPM2_IRQHandler) refers to fflti.o(.text) for __aeabi_ui2f
    project.o(i.TPM2_IRQHandler) refers to fmul.o(x$fpl$fmul) for __aeabi_fmul
    project.o(i.TPM2_IRQHandler) refers to fdiv.o(.text) for __aeabi_fdiv
    project.o(i.TPM2_IRQHandler) refers to ultrasonic.o(i.resetTimer) for resetTimer
    project.o(i.TPM2_IRQHandler) refers to project.o(.data) for stop_flag
    project.o(i.UART2_IRQHandler) refers to project.o(i.__NVIC_ClearPendingIRQ) for __NVIC_ClearPendingIRQ
    project.o(i.UART2_IRQHandler) refers to project.o(.data) for rx_interruptData
    project.o(i.buzzerThread) refers to rtx_msgqueue.o(.text.osMessageQueueGet) for osMessageQueueGet
    project.o(i.buzzerThread) refers to buzzer.o(i.play_song) for play_song
    project.o(i.buzzerThread) refers to project.o(.data) for buzzerMessage
    project.o(i.controlThread) refers to rtx_msgqueue.o(.text.osMessageQueuePut) for osMessageQueuePut
    project.o(i.controlThread) refers to project.o(.data) for uartData
    project.o(i.greenLedThread) refers to rtx_msgqueue.o(.text.osMessageQueueGet) for osMessageQueueGet
    project.o(i.greenLedThread) refers to led.o(i.setGreenLED) for setGreenLED
    project.o(i.greenLedThread) refers to led.o(i.shiftGreenLED) for shiftGreenLED
    project.o(i.greenLedThread) refers to rtx_delay.o(.text.osDelay) for osDelay
    project.o(i.greenLedThread) refers to project.o(.data) for greenMessage
    project.o(i.main) refers to led.o(i.InitLED) for InitLED
    project.o(i.main) refers to system_mkl25z4.o(i.SystemCoreClockUpdate) for SystemCoreClockUpdate
    project.o(i.main) refers to uart.o(i.initUART2) for initUART2
    project.o(i.main) refers to motors.o(i.initMotorPWM) for initMotorPWM
[...]
    rtx_mutex.c                              0x00000000   Number         0  rtx_mutex.o ABSOLUTE
    rtx_system.c                             0x00000000   Number         0  rtx_system.o ABSOLUTE
    rtx_thread.c                             0x00000000   Number         0  rtx_thread.o ABSOLUTE
    rtx_timer.c                              0x00000000   Number         0  rtx_timer.o ABSOLUTE
    uart.c                                   0x00000000   Number         0  uart.o ABSOLUTE
    uart.c                                   0x00000000   Number         0  uart.o ABSOLUTE
    ultrasonic.c                             0x00000000   Number         0  ultrasonic.o ABSOLUTE
    ultrasonic.c                             0x00000000   Number         0  ultrasonic.o ABSOLUTE
    !!!main                                  0x000000c0   Section        8  __main.o(!!!main)
    !!!scatter                               0x000000c8   Section       60  __scatter.o(!!!scatter)
    !!handler_zi                             0x00000104   Section       28  __scatter_zi.o(!!handler_zi)
    .ARM.Collect$$libinit$$00000000          0x00000120   Section        2  libinit.o(.ARM.Collect$$libinit$$00000000)
    .ARM.Collect$$libinit$$00000002          0x00000122   Section        0  libinit2.o(.ARM.Collect$$libinit$$00000002)
    .ARM.Collect$$libinit$$00000004          0x00000122   Section        0  libinit2.o(.ARM.Collect$$libinit$$00000004)
    .ARM.Collect$$libinit$$0000000A          0x00000122   Section        0  libinit2.o(.ARM.Collect$$libinit$$0000000A)
    .ARM.Collect$$libinit$$0000000C          0x00000122   Section        0  libinit2.o(.ARM.Collect$$libinit$$0000000C)
    .ARM.Collect$$libinit$$0000000E          0x00000122   Section        0  libinit2.o(.ARM.Collect$$libinit$$0000000E)
    .ARM.Collect$$libinit$$00000011          0x00000122   Section        0  libinit2.o(.ARM.Collect$$libinit$$00000011)
    .ARM.Collect$$libinit$$00000013          0x00000122   Section        0  libinit2.o(.ARM.Collect$$libinit$$00000013)
    .ARM.Collect$$libinit$$00000015          0x00000122   Section        0  libinit2.o(.ARM.Collect$$libinit$$00000015)
    .ARM.Collect$$libinit$$00000017          0x00000122   Section        0  libinit2.o(.ARM.Collect$$libinit$$00000017)
    .ARM.Collect$$libinit$$00000019          0x00000122   Section        0  libinit2.o(.ARM.Collect$$libinit$$00000019)
    .ARM.Collect$$libinit$$0000001B          0x00000122   Section        0  libinit2.o(.ARM.Collect$$libinit$$0000001B)
    .ARM.Collect$$libinit$$0000001D          0x00000122   Section        0  libinit2.o(.ARM.Collect$$libinit$$0000001D)
    .ARM.Collect$$libinit$$0000001F          0x00000122   Section        0  libinit2.o(.ARM.Collect$$libinit$$0000001F)
    .ARM.Collect$$libinit$$00000021          0x00000122   Section        0  libinit2.o(.ARM.Collect$$libinit$$00000021)
    .ARM.Collect$$libinit$$00000023          0x00000122   Section        0  libinit2.o(.ARM.Collect$$libinit$$00000023)
    .ARM.Collect$$libinit$$00000025          0x00000122   Section        0  libinit2.o(.ARM.Collect$$libinit$$00000025)
    .ARM.Collect$$libinit$$0000002C          0x00000122   Section        0  libinit2.o(.ARM.Collect$$libinit$$0000002C)
    .ARM.Collect$$libinit$$0000002E          0x00000122   Section        0  libinit2.o(.ARM.Collect$$libinit$$0000002E)
    .ARM.Collect$$libinit$$00000030          0x00000122   Section        0  libinit2.o(.ARM.Collect$$libinit$$00000030)
    .ARM.Collect$$libinit$$00000032          0x00000122   Section        0  libinit2.o(.ARM.Collect$$libinit$$00000032)
    .ARM.Collect$$libinit$$00000033          0x00000122   Section        2  libinit2.o(.ARM.Collect$$libinit$$00000033)
    .ARM.Collect$$libshutdown$$00000000      0x00000124   Section        2  libshutdown.o(.ARM.Collect$$libshutdown$$00000000)
    .ARM.Collect$$libshutdown$$00000002      0x00000126   Section        0  libshutdown2.o(.ARM.Collect$$libshutdown$$00000002)
    .ARM.Collect$$libshutdown$$00000004      0x00000126   Section        0  libshutdown2.o(.ARM.Collect$$libshutdown$$00000004)
    .ARM.Collect$$libshutdown$$00000007      0x00000126   Section        0  libshutdown2.o(.ARM.Collect$$libshutdown$$00000007)
    .ARM.Collect$$libshutdown$$0000000A      0x00000126   Section        0  libshutdown2.o(.ARM.Collect$$libshutdown$$0000000A)
    .ARM.Collect$$libshutdown$$0000000C      0x00000126   Section        0  libshutdown2.o(.ARM.Collect$$libshutdown$$0000000C)
    .ARM.Collect$$libshutdown$$0000000F      0x00000126   Section        0  libshutdown2.o(.ARM.Collect$$libshutdown$$0000000F)
    .ARM.Collect$$libshutdown$$00000010      0x00000126   Section        2  libshutdown2.o(.ARM.Collect$$libshutdown$$00000010)
    .ARM.Collect$$rtentry$$00000000          0x00000128   Section        0  __rtentry.o(.ARM.Collect$$rtentry$$00000000)
    .ARM.Collect$$rtentry$$00000002          0x00000128   Section        0  __rtentry2.o(.ARM.Collect$$rtentry$$00000002)
    .ARM.Collect$$rtentry$$00000004          0x00000128   Section        6  __rtentry4.o(.ARM.Collect$$rtentry$$00000004)
    .ARM.Collect$$rtentry$$00000008          0x0000012e   Section        8  __rtentry2.o(.ARM.Collect$$rtentry$$00000008)
    .ARM.Collect$$rtentry$$0000000A          0x00000136   Section        4  __rtentry2.o(.ARM.Collect$$rtentry$$0000000A)
    .ARM.Collect$$rtentry$$0000000C          0x0000013a   Section        0  __rtentry2.o(.ARM.Collect$$rtentry$$0000000C)
    .ARM.Collect$$rtentry$$0000000D          0x0000013a   Section        8  __rtentry2.o(.ARM.Collect$$rtentry$$0000000D)
    .ARM.Collect$$rtexit$$00000000           0x00000142   Section        2  rtexit.o(.ARM.Collect$$rtexit$$00000000)
    .ARM.Collect$$rtexit$$00000002           0x00000144   Section        0  rtexit2.o(.ARM.Collect$$rtexit$$00000002)
    .ARM.Collect$$rtexit$$00000003           0x00000144   Section        4  rtexit2.o(.ARM.Collect$$rtexit$$00000003)
    .ARM.Collect$$rtexit$$00000004           0x00000148   Section        6  rtexit2.o(.ARM.Collect$$rtexit$$00000004)
    .emb_text                                0x00000150   Section       56  rt_memcpy.o(.emb_text)
    .text                                    0x00000188   Section       64  startup_mkl25z4.o(.text)
    .text                                    0x000001c8   Section      164  irq_cm0.o(.text)
    .text                                    0x0000026c   Section        0  rt_memcpy.o(.text)
    .text                                    0x000002ee   Section        0  rt_memclr.o(.text)
    .text                                    0x0000032e   Section        0  heapauxi.o(.text)
    .text                                    0x00000334   Section        0  fflti.o(.text)
    .text                                    0x00000394   Section        0  fcmpin.o(.text)
    .text                                    0x000003f8   Section        8  libspace.o(.text)
    .ARM.__at_0x400                          0x00000400   Section       16  startup_mkl25z4.o(.ARM.__at_0x400)
    .text                                    0x00000410   Section      346  aeabi_sdiv.o(.text)
    .text                                    0x0000056c   Section        0  fdiv.o(.text)
    .text                                    0x000006cc   Section        0  cmpret.o(.text)
    .text                                    0x000006fc   Section        0  fnan2.o(.text)
    .text                                    0x0000070c   Section       62  sys_stackheap_outer.o(.text)
    .text                                    0x0000074a   Section        0  exit.o(.text)
    .text                                    0x0000075a   Section        0  retnan.o(.text)
    .text                                    0x000007b8   Section        0  sys_exit.o(.text)
    .text                                    0x000007c4   Section        2  use_no_semi.o(.text)
    .text                                    0x000007c6   Section        0  indicate_semi.o(.text)
    .text                                    0x000007c6   Section        0  __dczerorl2.o(.text)
    [Anonymous Symbol]                       0x0000081c   Section        0  rtx_msgqueue.o(.text.MessageQueueGet)
    MessageQueueGet                          0x0000081d   Thumb Code    76  rtx_msgqueue.o(.text.MessageQueueGet)
    [Anonymous Symbol]                       0x00000868   Section        0  rtx_msgqueue.o(.text.MessageQueuePut)
    MessageQueuePut                          0x00000869   Thumb Code    98  rtx_msgqueue.o(.text.MessageQueuePut)
    [Anonymous Symbol]                       0x000008ca   Section        0  rtx_msgqueue.o(.text.MessageQueueRemove)
    MessageQueueRemove                       0x000008cb   Thumb Code    30  rtx_msgqueue.o(.text.MessageQueueRemove)
    [Anonymous Symbol]                       0x000008e8   Section        0  os_systick.o(.text.OS_Tick_AcknowledgeIRQ)
    __arm_cp.3_0                             0x000008f0   Number         4  os_systick.o(.text.OS_Tick_AcknowledgeIRQ)
    [Anonymous Symbol]                       0x000008f4   Section        0  os_systick.o(.text.OS_Tick_Enable)
    __arm_cp.1_0                             0x00000914   Number         4  os_systick.o(.text.OS_Tick_Enable)
    __arm_cp.1_1                             0x00000918   Number         4  os_systick.o(.text.OS_Tick_Enable)
    __arm_cp.1_2                             0x0000091c   Number         4  os_systick.o(.text.OS_Tick_Enable)
    [Anonymous Symbol]                       0x00000920   Section        0  os_systick.o(.text.OS_Tick_GetIRQn)
    [Anonymous Symbol]                       0x00000928   Section        0  os_systick.o(.text.OS_Tick_Setup)
    __arm_cp.0_0                             0x00000964   Number         4  os_systick.o(.text.OS_Tick_Setup)
    __arm_cp.0_1                             0x00000968   Number         4  os_systick.o(.text.OS_Tick_Setup)
    __arm_cp.0_2                             0x0000096c   Number         4  os_systick.o(.text.OS_Tick_Setup)
    __arm_cp.0_3                             0x00000970   Number         4  os_systick.o(.text.OS_Tick_Setup)
    [Anonymous Symbol]                       0x00000974   Section        0  rtx_thread.o(.text.ThreadFlagsCheck)
    ThreadFlagsCheck                         0x00000975   Thumb Code    78  rtx_thread.o(.text.ThreadFlagsCheck)
    [Anonymous Symbol]                       0x000009c4   Section        0  rtx_timer.o(.text.TimerInsert)
    TimerInsert                              0x000009c5   Thumb Code    76  rtx_timer.o(.text.TimerInsert)
    __arm_cp.8_0                             0x00000a0c   Number         4  rtx_timer.o(.text.TimerInsert)
    [Anonymous Symbol]                       0x00000a10   Section        0  rtx_delay.o(.text.osDelay)
    __arm_cp.0_0                             0x00000a34   Number         4  rtx_delay.o(.text.osDelay)
    [Anonymous Symbol]                       0x00000a38   Section        0  rtx_kernel.o(.text.osKernelGetState)
    __arm_cp.4_0                             0x00000a60   Number         4  rtx_kernel.o(.text.osKernelGetState)
    __arm_cp.4_1                             0x00000a64   Number         4  rtx_kernel.o(.text.osKernelGetState)
    [Anonymous Symbol]                       0x00000a68   Section        0  rtx_kernel.o(.text.osKernelInitialize)
    __arm_cp.1_0                             0x00000a8c   Number         4  rtx_kernel.o(.text.osKernelInitialize)
    [Anonymous Symbol]                       0x00000a90   Section        0  rtx_kernel.o(.text.osKernelStart)
    __arm_cp.6_0                             0x00000ab0   Number         4  rtx_kernel.o(.text.osKernelStart)
    [Anonymous Symbol]                       0x00000ab4   Section        0  rtx_msgqueue.o(.text.osMessageQueueGet)
    __arm_cp.3_0                             0x00000b24   Number         4  rtx_msgqueue.o(.text.osMessageQueueGet)
    [Anonymous Symbol]                       0x00000b28   Section        0  rtx_msgqueue.o(.text.osMessageQueueNew)
    __arm_cp.0_0                             0x00000b48   Number         4  rtx_msgqueue.o(.text.osMessageQueueNew)
    [Anonymous Symbol]                       0x00000b4c   Section        0  rtx_msgqueue.o(.text.osMessageQueuePut)
    __arm_cp.2_0                             0x00000bc0   Number         4  rtx_msgqueue.o(.text.osMessageQueuePut)
    [Anonymous Symbol]                       0x00000bc4   Section        0  rtx_mutex.o(.text.osMutexAcquire)
    __arm_cp.3_0                             0x00000be8   Number         4  rtx_mutex.o(.text.osMutexAcquire)
    [Anonymous Symbol]                       0x00000bec   Section        0  rtx_mutex.o(.text.osMutexDelete)
    __arm_cp.6_0                             0x00000c10   Number         4  rtx_mutex.o(.text.osMutexDelete)
    [Anonymous Symbol]                       0x00000c14   Section        0  rtx_mutex.o(.text.osMutexNew)
    __arm_cp.1_0                             0x00000c34   Number         4  rtx_mutex.o(.text.osMutexNew)
    [Anonymous Symbol]                       0x00000c38   Section        0  rtx_mutex.o(.text.osMutexRelease)
    __arm_cp.4_0                             0x00000c5c   Number         4  rtx_mutex.o(.text.osMutexRelease)
    [Anonymous Symbol]                       0x00000c60   Section        0  rtx_kernel.o(.text.osRtxKernelPreInit)
    [Anonymous Symbol]                       0x00000c62   Section        0  rtx_memory.o(.text.osRtxMemoryAlloc)
    [Anonymous Symbol]                       0x00000cde   Section        0  rtx_memory.o(.text.osRtxMemoryFree)
    [Anonymous Symbol]                       0x00000d2c   Section        0  rtx_memory.o(.text.osRtxMemoryInit)
    [Anonymous Symbol]                       0x00000d5e   Section        0  rtx_mempool.o(.text.osRtxMemoryPoolAlloc)
    [Anonymous Symbol]                       0x00000d8c   Section        0  rtx_mempool.o(.text.osRtxMemoryPoolFree)
    [Anonymous Symbol]                       0x00000dc6   Section        0  rtx_mempool.o(.text.osRtxMemoryPoolInit)
    [Anonymous Symbol]                       0x00000e04   Section        0  rtx_msgqueue.o(.text.osRtxMessageQueuePostProcess)
    osRtxMessageQueuePostProcess             0x00000e05   Thumb Code   188  rtx_msgqueue.o(.text.osRtxMessageQueuePostProcess)
    [Anonymous Symbol]                       0x00000ec0   Section        0  rtx_mutex.o(.text.osRtxMutexOwnerRelease)
    [Anonymous Symbol]                       0x00000f04   Section        0  rtx_system.o(.text.osRtxPendSV_Handler)
    __arm_cp.1_0                             0x00000f80   Number         4  rtx_system.o(.text.osRtxPendSV_Handler)
    [Anonymous Symbol]                       0x00000f84   Section        0  rtx_system.o(.text.osRtxPostProcess)
    __arm_cp.2_0                             0x00000fe8   Number         4  rtx_system.o(.text.osRtxPostProcess)
    __arm_cp.2_1                             0x00000fec   Number         4  rtx_system.o(.text.osRtxPostProcess)
    [Anonymous Symbol]                       0x00000ff0   Section        0  rtx_thread.o(.text.osRtxThreadBlock)
    osRtxThreadBlock                         0x00000ff1   Thumb Code    56  rtx_thread.o(.text.osRtxThreadBlock)
    __arm_cp.10_0                            0x00001024   Number         4  rtx_thread.o(.text.osRtxThreadBlock)
    [Anonymous Symbol]                       0x00001028   Section        0  rtx_thread.o(.text.osRtxThreadDelayInsert)
    osRtxThreadDelayInsert                   0x00001029   Thumb Code   128  rtx_thread.o(.text.osRtxThreadDelayInsert)
    __arm_cp.14_0                            0x000010a4   Number         4  rtx_thread.o(.text.osRtxThreadDelayInsert)
    [Anonymous Symbol]                       0x000010a8   Section        0  rtx_thread.o(.text.osRtxThreadDelayRemove)
    osRtxThreadDelayRemove                   0x000010a9   Thumb Code    68  rtx_thread.o(.text.osRtxThreadDelayRemove)
    __arm_cp.12_0                            0x000010e8   Number         4  rtx_thread.o(.text.osRtxThreadDelayRemove)
    [Anonymous Symbol]                       0x000010ec   Section        0  rtx_thread.o(.text.osRtxThreadDelayTick)
    __arm_cp.5_0                             0x00001120   Number         4  rtx_thread.o(.text.osRtxThreadDelayTick)
    [Anonymous Symbol]                       0x00001124   Section        0  rtx_thread.o(.text.osRtxThreadDispatch)
    __arm_cp.9_0                             0x00001170   Number         4  rtx_thread.o(.text.osRtxThreadDispatch)
    [Anonymous Symbol]                       0x00001174   Section        0  rtx_thread.o(.text.osRtxThreadFree)
    osRtxThreadFree                          0x00001175   Thumb Code    84  rtx_thread.o(.text.osRtxThreadFree)
    __arm_cp.52_0                            0x000011c4   Number         4  rtx_thread.o(.text.osRtxThreadFree)
    [Anonymous Symbol]                       0x000011c8   Section        0  rtx_thread.o(.text.osRtxThreadListGet)
    [Anonymous Symbol]                       0x000011dc   Section        0  rtx_thread.o(.text.osRtxThreadListPut)
    [Anonymous Symbol]                       0x00001208   Section        0  rtx_thread.o(.text.osRtxThreadListRemove)
    [Anonymous Symbol]                       0x00001220   Section        0  rtx_thread.o(.text.osRtxThreadListSort)
    [Anonymous Symbol]                       0x00001246   Section        0  rtx_thread.o(.text.osRtxThreadPostProcess)
    osRtxThreadPostProcess                   0x00001247   Thumb Code    38  rtx_thread.o(.text.osRtxThreadPostProcess)
    [Anonymous Symbol]                       0x0000126c   Section        0  rtx_thread.o(.text.osRtxThreadReadyPut)
    __arm_cp.4_0                             0x00001280   Number         4  rtx_thread.o(.text.osRtxThreadReadyPut)
    [Anonymous Symbol]                       0x00001284   Section        0  rtx_thread.o(.text.osRtxThreadRegPtr)
    [Anonymous Symbol]                       0x0000128c   Section        0  rtx_thread.o(.text.osRtxThreadStackCheck)
    __arm_cp.8_0                             0x000012b0   Number         4  rtx_thread.o(.text.osRtxThreadStackCheck)
    __arm_cp.8_1                             0x000012b4   Number         4  rtx_thread.o(.text.osRtxThreadStackCheck)
    [Anonymous Symbol]                       0x000012b8   Section        0  rtx_thread.o(.text.osRtxThreadStartup)
    __arm_cp.15_0                            0x000012e8   Number         4  rtx_thread.o(.text.osRtxThreadStartup)
    __arm_cp.15_1                            0x000012ec   Number         4  rtx_thread.o(.text.osRtxThreadStartup)
    __arm_cp.15_2                            0x000012f0   Number         4  rtx_thread.o(.text.osRtxThreadStartup)
    __arm_cp.15_3                            0x000012f4   Number         4  rtx_thread.o(.text.osRtxThreadStartup)
    [Anonymous Symbol]                       0x000012f8   Section        0  rtx_thread.o(.text.osRtxThreadSwitch)
    __arm_cp.7_0                             0x00001308   Number         4  rtx_thread.o(.text.osRtxThreadSwitch)
    [Anonymous Symbol]                       0x0000130c   Section        0  rtx_thread.o(.text.osRtxThreadWaitEnter)
    __arm_cp.13_0                            0x00001344   Number         4  rtx_thread.o(.text.osRtxThreadWaitEnter)
    [Anonymous Symbol]                       0x00001348   Section        0  rtx_thread.o(.text.osRtxThreadWaitExit)
    [Anonymous Symbol]                       0x0000136c   Section        0  rtx_system.o(.text.osRtxTick_Handler)
    __arm_cp.0_0                             0x000013dc   Number         4  rtx_system.o(.text.osRtxTick_Handler)
    [Anonymous Symbol]                       0x000013e0   Section        0  rtx_timer.o(.text.osRtxTimerThread)
    __arm_cp.0_0                             0x00001410   Number         4  rtx_timer.o(.text.osRtxTimerThread)
    __arm_cp.0_1                             0x00001414   Number         4  rtx_timer.o(.text.osRtxTimerThread)
    __arm_cp.0_2                             0x00001418   Number         4  rtx_timer.o(.text.osRtxTimerThread)
    [Anonymous Symbol]                       0x0000141c   Section        0  rtx_timer.o(.text.osRtxTimerTick)
    osRtxTimerTick                           0x0000141d   Thumb Code    96  rtx_timer.o(.text.osRtxTimerTick)
    __arm_cp.1_0                             0x00001478   Number         4  rtx_timer.o(.text.osRtxTimerTick)
    [Anonymous Symbol]                       0x0000147c   Section        0  rtx_thread.o(.text.osThreadExit)
    __arm_cp.31_0                            0x00001484   Number         4  rtx_thread.o(.text.osThreadExit)
    [Anonymous Symbol]                       0x00001488   Section        0  rtx_thread.o(.text.osThreadNew)
    __arm_cp.17_0                            0x000014a8   Number         4  rtx_thread.o(.text.osThreadNew)
    [Anonymous Symbol]                       0x000014ac   Section        0  rtx_delay.o(.text.svcRtxDelay)
    svcRtxDelay                              0x000014ad   Thumb Code    18  rtx_delay.o(.text.svcRtxDelay)
    [Anonymous Symbol]                       0x000014c0   Section        0  rtx_kernel.o(.text.svcRtxKernelGetState)
    svcRtxKernelGetState                     0x000014c1   Thumb Code    12  rtx_kernel.o(.text.svcRtxKernelGetState)
    __arm_cp.5_0                             0x000014c8   Number         4  rtx_kernel.o(.text.svcRtxKernelGetState)
    [Anonymous Symbol]                       0x000014cc   Section        0  rtx_kernel.o(.text.svcRtxKernelInitialize)
    svcRtxKernelInitialize                   0x000014cd   Thumb Code   328  rtx_kernel.o(.text.svcRtxKernelInitialize)
    __arm_cp.20_0                            0x00001608   Number         4  rtx_kernel.o(.text.svcRtxKernelInitialize)
    __arm_cp.20_1                            0x0000160c   Number         4  rtx_kernel.o(.text.svcRtxKernelInitialize)
    __arm_cp.20_2                            0x00001610   Number         4  rtx_kernel.o(.text.svcRtxKernelInitialize)
    [Anonymous Symbol]                       0x00001614   Section        0  rtx_kernel.o(.text.svcRtxKernelStart)
    svcRtxKernelStart                        0x00001615   Thumb Code   132  rtx_kernel.o(.text.svcRtxKernelStart)
    __arm_cp.21_0                            0x00001688   Number         4  rtx_kernel.o(.text.svcRtxKernelStart)
    __arm_cp.21_1                            0x0000168c   Number         4  rtx_kernel.o(.text.svcRtxKernelStart)
    __arm_cp.21_2                            0x00001690   Number         4  rtx_kernel.o(.text.svcRtxKernelStart)
    __arm_cp.21_3                            0x00001694   Number         4  rtx_kernel.o(.text.svcRtxKernelStart)
    [Anonymous Symbol]                       0x00001698   Section        0  rtx_msgqueue.o(.text.svcRtxMessageQueueGet)
    svcRtxMessageQueueGet                    0x00001699   Thumb Code   232  rtx_msgqueue.o(.text.svcRtxMessageQueueGet)
    __arm_cp.21_0                            0x0000177c   Number         4  rtx_msgqueue.o(.text.svcRtxMessageQueueGet)
    [Anonymous Symbol]                       0x00001780   Section        0  rtx_msgqueue.o(.text.svcRtxMessageQueueNew)
    svcRtxMessageQueueNew                    0x00001781   Thumb Code   484  rtx_msgqueue.o(.text.svcRtxMessageQueueNew)
    __arm_cp.14_0                            0x0000194c   Number         4  rtx_msgqueue.o(.text.svcRtxMessageQueueNew)
    __arm_cp.14_1                            0x00001950   Number         4  rtx_msgqueue.o(.text.svcRtxMessageQueueNew)
    __arm_cp.14_2                            0x00001954   Number         4  rtx_msgqueue.o(.text.svcRtxMessageQueueNew)
    __arm_cp.14_3                            0x00001958   Number         4  rtx_msgqueue.o(.text.svcRtxMessageQueueNew)
    __arm_cp.14_4                            0x0000195c   Number         4  rtx_msgqueue.o(.text.svcRtxMessageQueueNew)
    __arm_cp.14_5                            0x00001960   Number         4  rtx_msgqueue.o(.text.svcRtxMessageQueueNew)
    [Anonymous Symbol]                       0x00001964   Section        0  rtx_msgqueue.o(.text.svcRtxMessageQueuePut)
    svcRtxMessageQueuePut                    0x00001965   Thumb Code   188  rtx_msgqueue.o(.text.svcRtxMessageQueuePut)
    __arm_cp.19_0                            0x00001a1c   Number         4  rtx_msgqueue.o(.text.svcRtxMessageQueuePut)
    [Anonymous Symbol]                       0x00001a20   Section        0  rtx_mutex.o(.text.svcRtxMutexAcquire)
    svcRtxMutexAcquire                       0x00001a21   Thumb Code   152  rtx_mutex.o(.text.svcRtxMutexAcquire)
    __arm_cp.9_0                             0x00001ab4   Number         4  rtx_mutex.o(.text.svcRtxMutexAcquire)
    [Anonymous Symbol]                       0x00001ab8   Section        0  rtx_mutex.o(.text.svcRtxMutexDelete)
    svcRtxMutexDelete                        0x00001ab9   Thumb Code   188  rtx_mutex.o(.text.svcRtxMutexDelete)
    __arm_cp.12_0                            0x00001b70   Number         4  rtx_mutex.o(.text.svcRtxMutexDelete)
    [Anonymous Symbol]                       0x00001b74   Section        0  rtx_mutex.o(.text.svcRtxMutexNew)
    svcRtxMutexNew                           0x00001b75   Thumb Code   112  rtx_mutex.o(.text.svcRtxMutexNew)
    __arm_cp.7_0                             0x00001be0   Number         4  rtx_mutex.o(.text.svcRtxMutexNew)
    [Anonymous Symbol]                       0x00001be4   Section        0  rtx_mutex.o(.text.svcRtxMutexRelease)
    svcRtxMutexRelease                       0x00001be5   Thumb Code   192  rtx_mutex.o(.text.svcRtxMutexRelease)
    __arm_cp.10_0                            0x00001ca0   Number         4  rtx_mutex.o(.text.svcRtxMutexRelease)
    [Anonymous Symbol]                       0x00001ca4   Section        0  rtx_thread.o(.text.svcRtxThreadExit)
    svcRtxThreadExit                         0x00001ca5   Thumb Code   108  rtx_thread.o(.text.svcRtxThreadExit)
    __arm_cp.54_0                            0x00001d0c   Number         4  rtx_thread.o(.text.svcRtxThreadExit)
    [Anonymous Symbol]                       0x00001d10   Section        0  rtx_thread.o(.text.svcRtxThreadNew)
    svcRtxThreadNew                          0x00001d11   Thumb Code   492  rtx_thread.o(.text.svcRtxThreadNew)
    __arm_cp.16_0                            0x00001ee4   Number         4  rtx_thread.o(.text.svcRtxThreadNew)
    __arm_cp.16_1                            0x00001ee8   Number         4  rtx_thread.o(.text.svcRtxThreadNew)
    __arm_cp.16_2                            0x00001eec   Number         4  rtx_thread.o(.text.svcRtxThreadNew)
    __arm_cp.16_3                            0x00001ef0   Number         4  rtx_thread.o(.text.svcRtxThreadNew)
    __arm_cp.16_4                            0x00001ef4   Number         4  rtx_thread.o(.text.svcRtxThreadNew)
    __arm_cp.16_5                            0x00001ef8   Number         4  rtx_thread.o(.text.svcRtxThreadNew)
    i.InitLED                                0x00001efc   Section        0  led.o(i.InitLED)
    i.SystemCoreClockUpdate                  0x00001f90   Section        0  system_mkl25z4.o(i.SystemCoreClockUpdate)
    i.SystemInit                             0x00002120   Section        0  system_mkl25z4.o(i.SystemInit)
    i.TPM2_IRQHandler                        0x0000212c   Section        0  project.o(i.TPM2_IRQHandler)
    i.UART2_IRQHandler                       0x00002270   Section        0  project.o(i.UART2_IRQHandler)
    i.__ARM_common_switch8                   0x000022b0   Section        0  motors.o(i.__ARM_common_switch8)
    i.__NVIC_ClearPendingIRQ                 0x000022cc   Section        0  project.o(i.__NVIC_ClearPendingIRQ)
    __NVIC_ClearPendingIRQ                   0x000022cd   Thumb Code    18  project.o(i.__NVIC_ClearPendingIRQ)
    i.__NVIC_EnableIRQ                       0x000022e4   Section        0  ultrasonic.o(i.__NVIC_EnableIRQ)
    __NVIC_EnableIRQ                         0x000022e5   Thumb Code    26  ultrasonic.o(i.__NVIC_EnableIRQ)
    i.__NVIC_SetPriority                     0x00002304   Section        0  uart.o(i.__NVIC_SetPriority)
    __NVIC_SetPriority                       0x00002305   Thumb Code   110  uart.o(i.__NVIC_SetPriority)
    i._mutex_acquire                         0x0000237c   Section        0  rtx_lib.o(i._mutex_acquire)
    __tagsym$$used                           0x0000237d   Number         0  rtx_lib.o(i._mutex_acquire)
    i._mutex_free                            0x00002394   Section        0  rtx_lib.o(i._mutex_free)
    __tagsym$$used                           0x00002395   Number         0  rtx_lib.o(i._mutex_free)
    i._mutex_initialize                      0x000023a0   Section        0  rtx_lib.o(i._mutex_initialize)
    __tagsym$$used                           0x000023a1   Number         0  rtx_lib.o(i._mutex_initialize)
    i._mutex_release                         0x000023c4   Section        0  rtx_lib.o(i._mutex_release)
    __tagsym$$used                           0x000023c5   Number         0  rtx_lib.o(i._mutex_release)
    i._platform_post_stackheap_init          0x000023d8   Section        0  rtx_lib.o(i._platform_post_stackheap_init)
    i.controlThread                          0x000023e0   Section        0  project.o(i.controlThread)
    i.delay                                  0x000023fc   Section        0  ultrasonic.o(i.delay)
    i.initMotorPWM                           0x00002410   Section        0  motors.o(i.initMotorPWM)
    i.initPWM                                0x00002624   Section        0  buzzer.o(i.initPWM)
    i.initTimer                              0x000026e0   Section        0  ultrasonic.o(i.initTimer)
    i.initTimer2                             0x00002798   Section        0  ultrasonic.o(i.initTimer2)
    i.initUART2                              0x00002850   Section        0  uart.o(i.initUART2)
    i.initUltrasonic                         0x0000291c   Section        0  ultrasonic.o(i.initUltrasonic)
    i.initUltrasonic2                        0x0000299c   Section        0  ultrasonic.o(i.initUltrasonic2)
    i.main                                   0x00002a1c   Section        0  project.o(i.main)
    i.osRtxErrorNotify                       0x00002ac4   Section        0  rtx_config.o(i.osRtxErrorNotify)
    i.osRtxIdleThread                        0x00002ae4   Section        0  rtx_config.o(i.osRtxIdleThread)
    i.os_kernel_is_active                    0x00002ae8   Section        0  rtx_lib.o(i.os_kernel_is_active)
    os_kernel_is_active                      0x00002ae9   Thumb Code    30  rtx_lib.o(i.os_kernel_is_active)
    i.pulse                                  0x00002b0c   Section        0  ultrasonic.o(i.pulse)
    i.pulse2                                 0x00002b34   Section        0  ultrasonic.o(i.pulse2)
    i.resetTimer                             0x00002b5c   Section        0  ultrasonic.o(i.resetTimer)
    i.ultrasonic2Thread                      0x00002b68   Section        0  project.o(i.ultrasonic2Thread)
    i.ultrasonicThread                       0x00002bbc   Section        0  project.o(i.ultrasonicThread)
    x$fpl$fleqf                              0x00002c4c   Section       84  flef.o(x$fpl$fleqf)
    x$fpl$fmul                               0x00002ca0   Section      176  fmul.o(x$fpl$fmul)
    x$fpl$frleqf                             0x00002d50   Section       88  frlef.o(x$fpl$frleqf)
    .constdata                               0x00002da8   Section      100  rtx_lib.o(.constdata)
    x$fpl$usenofp                            0x00002da8   Section        0  usenofp.o(x$fpl$usenofp)
    os_idle_thread_attr                      0x00002da8   Data          36  rtx_lib.o(.constdata)
    os_timer_thread_attr                     0x00002dcc   Data          36  rtx_lib.o(.constdata)
    os_timer_mq_attr                         0x00002df0   Data          24  rtx_lib.o(.constdata)
    .constdata                               0x00002e0c   Section        1  irq_cm0.o(.constdata)
    .constdata                               0x00002e0d   Section       64  fdiv.o(.constdata)
    fdiv_tab                                 0x00002e0d   Data          64  fdiv.o(.constdata)
    .rodata                                  0x00002e50   Section      160  rtx_lib.o(.rodata)
    __tagsym$$used                           0x00002e50   Number         0  rtx_lib.o(.rodata)
    __tagsym$$used                           0x00002eb8   Number         0  rtx_lib.o(.rodata)
    [Anonymous Symbol]                       0x00002ef0   Section        0  rtx_kernel.o(.rodata.str1.4)
    .L.str                                   0x00002ef0   Data          11  rtx_kernel.o(.rodata.str1.4)
    .bss.os                                  0x1ffff000   Section     4160  rtx_lib.o(.bss.os)
    os_mem                                   0x1ffff000   Data        4096  rtx_lib.o(.bss.os)
    os_isr_queue                             0x20000000   Data          64  rtx_lib.o(.bss.os)
    .bss.os.msgqueue.cb                      0x20000040   Section       52  rtx_lib.o(.bss.os.msgqueue.cb)
    os_timer_mq_cb                           0x20000040   Data          52  rtx_lib.o(.bss.os.msgqueue.cb)
    .bss.os.msgqueue.mem                     0x20000074   Section       80  rtx_lib.o(.bss.os.msgqueue.mem)
    os_timer_mq_data                         0x20000074   Data          80  rtx_lib.o(.bss.os.msgqueue.mem)
    .bss.os.thread.cb                        0x200000c4   Section      136  rtx_lib.o(.bss.os.thread.cb)
    os_idle_thread_cb                        0x200000c4   Data          68  rtx_lib.o(.bss.os.thread.cb)
    os_timer_thread_cb                       0x20000108   Data          68  rtx_lib.o(.bss.os.thread.cb)
    .bss.os.thread.stack                     0x20000150   Section      512  rtx_lib.o(.bss.os.thread.stack)
    os_idle_thread_stack                     0x20000150   Data         256  rtx_lib.o(.bss.os.thread.stack)
    os_timer_thread_stack                    0x20000250   Data         256  rtx_lib.o(.bss.os.thread.stack)
    .data                                    0x20000350   Section        4  motors.o(.data)
    .data                                    0x20000354   Section      980  project.o(.data)
    .data                                    0x20000728   Section       52  led.o(.data)
    .data                                    0x2000075c   Section        5  rtx_lib.o(.data)
    os_kernel_active                         0x20000760   Data           1  rtx_lib.o(.data)
    .data                                    0x20000764   Section        4  system_mkl25z4.o(.data)
    .bss                                     0x2000080c   Section       96  libspace.o(.bss)
    [Anonymous Symbol]                       0x2000086c   Section        0  os_systick.o(.bss.PendST)
    PendST                                   0x2000086c   Data           1  os_systick.o(.bss.PendST)
    HEAP                                     0x20000870   Section        0  startup_mkl25z4.o(HEAP)
    STACK                                    0x20000870   Section      256  startup_mkl25z4.o(STACK)
    Heap_Mem                                 0x20000870   Data           0  startup_mkl25z4.o(HEAP)
    Stack_Mem                                0x20000870   Data         256  startup_mkl25z4.o(STACK)
    __initial_sp                             0x20000970   Data           0  startup_mkl25z4.o(STACK)

    Global Symbols

    Symbol Name                              Value     Ov Type        Size  Object(Section)

    BuildAttributes$$THM_ISAv3M$S$PE$A:L22$X:L11$S22$IEEE1$IW$~IW$USESV6$~STKCKD$USESV7$~SHL$OSPACE$ROPI$EBA8$UX$STANDARDLIB$REQ8$PRES8$EABIv2 0x00000000   Number         0  anon$$obj.o ABSOLUTE
    __ARM_use_no_argv                        0x00000000   Number         0  project.o ABSOLUTE
    __Vectors                                0x00000000   Data           4  startup_mkl25z4.o(RESET)
    .bss.os.evflags.cb$$Base                  - Undefined Weak Reference
    .bss.os.evflags.cb$$Limit                 - Undefined Weak Reference
    .bss.os.mempool.cb$$Base                  - Undefined Weak Reference
    .bss.os.mempool.cb$$Limit                 - Undefined Weak Reference
    .bss.os.mutex.cb$$Base                    - Undefined Weak Reference
    .bss.os.mutex.cb$$Limit                   - Undefined Weak Reference
    .bss.os.semaphore.cb$$Base                - Undefined Weak Reference
    .bss.os.semaphore.cb$$Limit               - Undefined Weak Reference
    .bss.os.timer.cb$$Base                    - Undefined Weak Reference
    .bss.os.timer.cb$$Limit                   - Undefined Weak Reference
    __ARM_exceptions_init                     - Undefined Weak Reference
    __alloca_initialize                       - Undefined Weak Reference
    __arm_preinit_                            - Undefined Weak Reference
    __cpp_initialize__aeabi_                  - Undefined Weak Reference
    __cxa_finalize                            - Undefined Weak Reference
    __rt_locale                               - Undefined Weak Reference
    __sigvec_lookup                           - Undefined Weak Reference
    _atexit_init                              - Undefined Weak Reference
    _call_atexit_fns                          - Undefined Weak Reference
    _clock_init                               - Undefined Weak Reference
    _fp_trap_init                             - Undefined Weak Reference
    _fp_trap_shutdown                         - Undefined Weak Reference
    _get_lc_collate                           - Undefined Weak Reference
    _get_lc_ctype                             - Undefined Weak Reference
    _get_lc_monetary                          - Undefined Weak Reference
    _get_lc_numeric                           - Undefined Weak Reference
    _get_lc_time                              - Undefined Weak Reference
    _getenv_init                              - Undefined Weak Reference
    _handle_redirection                       - Undefined Weak Reference
    _init_alloc                               - Undefined Weak Reference
    _init_user_alloc                          - Undefined Weak Reference
    _initio                                   - Undefined Weak Reference
    _rand_init                                - Undefined Weak Reference
    _signal_finish                            - Undefined Weak Reference
    _signal_init                              - Undefined Weak Reference
    _terminate_alloc                          - Undefined Weak Reference
    _terminate_user_alloc                     - Undefined Weak Reference
    _terminateio                              - Undefined Weak Reference
    __Vectors_End                            0x000000c0   Data           0  startup_mkl25z4.o(RESET)
    __Vectors_Size                           0x000000c0   Number         0  startup_mkl25z4.o ABSOLUTE
    __main                                   0x000000c1   Thumb Code     8  __main.o(!!!main)
    __scatterload                            0x000000c9   Thumb Code     0  __scatter.o(!!!scatter)
    __scatterload_rt2                        0x000000c9   Thumb Code    52  __scatter.o(!!!scatter)
    __scatterload_rt2_thumb_only             0x000000c9   Thumb Code     0  __scatter.o(!!!scatter)
    __scatterload_null                       0x000000d9   Thumb Code     0  __scatter.o(!!!scatter)
    __scatterload_zeroinit                   0x00000105   Thumb Code    28  __scatter_zi.o(!!handler_zi)
    __rt_lib_init                            0x00000121   Thumb Code     0  libinit.o(.ARM.Collect$$libinit$$00000000)
    __rt_lib_init_alloca_1                   0x00000123   Thumb Code     0  libinit2.o(.ARM.Collect$$libinit$$0000002E)
    __rt_lib_init_argv_1                     0x00000123   Thumb Code     0  libinit2.o(.ARM.Collect$$libinit$$0000002C)
    __rt_lib_init_atexit_1                   0x00000123   Thumb Code     0  libinit2.o(.ARM.Collect$$libinit$$0000001B)
    __rt_lib_init_clock_1                    0x00000123   Thumb Code     0  libinit2.o(.ARM.Collect$$libinit$$00000021)
    __rt_lib_init_cpp_1                      0x00000123   Thumb Code     0  libinit2.o(.ARM.Collect$$libinit$$00000032)
    __rt_lib_init_exceptions_1               0x00000123   Thumb Code     0  libinit2.o(.ARM.Collect$$libinit$$00000030)
    __rt_lib_init_fp_1                       0x00000123   Thumb Code     0  libinit2.o(.ARM.Collect$$libinit$$00000002)
    __rt_lib_init_fp_trap_1                  0x00000123   Thumb Code     0  libinit2.o(.ARM.Collect$$libinit$$0000001F)
    __rt_lib_init_getenv_1                   0x00000123   Thumb Code     0  libinit2.o(.ARM.Collect$$libinit$$00000023)
    __rt_lib_init_heap_1                     0x00000123   Thumb Code     0  libinit2.o(.ARM.Collect$$libinit$$0000000A)
    __rt_lib_init_lc_collate_1               0x00000123   Thumb Code     0  libinit2.o(.ARM.Collect$$libinit$$00000011)
    __rt_lib_init_lc_ctype_1                 0x00000123   Thumb Code     0  libinit2.o(.ARM.Collect$$libinit$$00000013)
    __rt_lib_init_lc_monetary_1              0x00000123   Thumb Code     0  libinit2.o(.ARM.Collect$$libinit$$00000015)
    __rt_lib_init_lc_numeric_1               0x00000123   Thumb Code     0  libinit2.o(.ARM.Collect$$libinit$$00000017)
    __rt_lib_init_lc_time_1                  0x00000123   Thumb Code     0  libinit2.o(.ARM.Collect$$libinit$$00000019)
    __rt_lib_init_preinit_1                  0x00000123   Thumb Code     0  libinit2.o(.ARM.Collect$$libinit$$00000004)
    __rt_lib_init_rand_1                     0x00000123   Thumb Code     0  libinit2.o(.ARM.Collect$$libinit$$0000000E)
    __rt_lib_init_return                     0x00000123   Thumb Code     0  libinit2.o(.ARM.Collect$$libinit$$00000033)
    __rt_lib_init_signal_1                   0x00000123   Thumb Code     0  libinit2.o(.ARM.Collect$$libinit$$0000001D)
    __rt_lib_init_stdio_1                    0x00000123   Thumb Code     0  libinit2.o(.ARM.Collect$$libinit$$00000025)
    __rt_lib_init_user_alloc_1               0x00000123   Thumb Code     0  libinit2.o(.ARM.Collect$$libinit$$0000000C)
    __rt_lib_shutdown                        0x00000125   Thumb Code     0  libshutdown.o(.ARM.Collect$$libshutdown$$00000000)
    __rt_lib_shutdown_cpp_1                  0x00000127   Thumb Code     0  libshutdown2.o(.ARM.Collect$$libshutdown$$00000002)
    __rt_lib_shutdown_fp_trap_1              0x00000127   Thumb Code     0  libshutdown2.o(.ARM.Collect$$libshutdown$$00000007)
    __rt_lib_shutdown_heap_1                 0x00000127   Thumb Code     0  libshutdown2.o(.ARM.Collect$$libshutdown$$0000000F)
    __rt_lib_shutdown_return                 0x00000127   Thumb Code     0  libshutdown2.o(.ARM.Collect$$libshutdown$$00000010)
    __rt_lib_shutdown_signal_1               0x00000127   Thumb Code     0  libshutdown2.o(.ARM.Collect$$libshutdown$$0000000A)
    __rt_lib_shutdown_stdio_1                0x00000127   Thumb Code     0  libshutdown2.o(.ARM.Collect$$libshutdown$$00000004)
    __rt_lib_shutdown_user_alloc_1           0x00000127   Thumb Code     0  libshutdown2.o(.ARM.Collect$$libshutdown$$0000000C)
    __rt_entry                               0x00000129   Thumb Code     0  __rtentry.o(.ARM.Collect$$rtentry$$00000000)
    __rt_entry_presh_1                       0x00000129   Thumb Code     0  __rtentry2.o(.ARM.Collect$$rtentry$$00000002)
    __rt_entry_sh                            0x00000129   Thumb Code     0  __rtentry4.o(.ARM.Collect$$rtentry$$00000004)
    __rt_entry_postsh_1                      0x0000012f   Thumb Code     0  __rtentry2.o(.ARM.Collect$$rtentry$$00000008)
    __rt_entry_li                            0x00000137   Thumb Code     0  __rtentry2.o(.ARM.Collect$$rtentry$$0000000A)
    __rt_entry_main                          0x0000013b   Thumb Code     0  __rtentry2.o(.ARM.Collect$$rtentry$$0000000D)
    __rt_entry_postli_1                      0x0000013b   Thumb Code     0  __rtentry2.o(.ARM.Collect$$rtentry$$0000000C)
    __rt_exit                                0x00000143   Thumb Code     0  rtexit.o(.ARM.Collect$$rtexit$$00000000)
    __rt_exit_ls                             0x00000145   Thumb Code     0  rtexit2.o(.ARM.Collect$$rtexit$$00000003)
    __rt_exit_prels_1                        0x00000145   Thumb Code     0  rtexit2.o(.ARM.Collect$$rtexit$$00000002)
    __rt_exit_exit                           0x00000149   Thumb Code     0  rtexit2.o(.ARM.Collect$$rtexit$$00000004)
    __aeabi_memcpy4                          0x00000151   Thumb Code    56  rt_memcpy.o(.emb_text)
    __aeabi_memcpy8                          0x00000151   Thumb Code     0  rt_memcpy.o(.emb_text)
    Reset_Handler                            0x00000189   Thumb Code    12  startup_mkl25z4.o(.text)
    NMI_Handler                              0x00000195   Thumb Code     2  startup_mkl25z4.o(.text)
    HardFault_Handler                        0x00000197   Thumb Code     2  startup_mkl25z4.o(.text)
    ADC0_IRQHandler                          0x0000019f   Thumb Code     0  startup_mkl25z4.o(.text)
    CMP0_IRQHandler                          0x0000019f   Thumb Code     0  startup_mkl25z4.o(.text)
    DAC0_IRQHandler                          0x0000019f   Thumb Code     0  startup_mkl25z4.o(.text)
    DMA0_IRQHandler                          0x0000019f   Thumb Code     0  startup_mkl25z4.o(.text)
    DMA1_IRQHandler                          0x0000019f   Thumb Code     0  startup_mkl25z4.o(.text)
    DMA2_IRQHandler                          0x0000019f   Thumb Code     0  startup_mkl25z4.o(.text)
    DMA3_IRQHandler                          0x0000019f   Thumb Code     0  startup_mkl25z4.o(.text)
    DefaultISR                               0x0000019f   Thumb Code     0  startup_mkl25z4.o(.text)
    FTFA_IRQHandler                          0x0000019f   Thumb Code     0  startup_mkl25z4.o(.text)
    I2C0_IRQHandler                          0x0000019f   Thumb Code     0  startup_mkl25z4.o(.text)
    I2C1_IRQHandler                          0x0000019f   Thumb Code     0  startup_mkl25z4.o(.text)
    LLWU_IRQHandler                          0x0000019f   Thumb Code     0  startup_mkl25z4.o(.text)
    LPTMR0_IRQHandler                        0x0000019f   Thumb Code     0  startup_mkl25z4.o(.text)
    LVD_LVW_IRQHandler                       0x0000019f   Thumb Code     0  startup_mkl25z4.o(.text)
    MCG_IRQHandler                           0x0000019f   Thumb Code     0  startup_mkl25z4.o(.text)
    PIT_IRQHandler                           0x0000019f   Thumb Code     0  startup_mkl25z4.o(.text)
    PORTA_IRQHandler                         0x0000019f   Thumb Code     0  startup_mkl25z4.o(.text)
    PORTD_IRQHandler                         0x0000019f   Thumb Code     0  startup_mkl25z4.o(.text)
    RTC_IRQHandler                           0x0000019f   Thumb Code     0  startup_mkl25z4.o(.text)
    RTC_Seconds_IRQHandler                   0x0000019f   Thumb Code     0  startup_mkl25z4.o(.text)
    Reserved20_IRQHandler                    0x0000019f   Thumb Code     0  startup_mkl25z4.o(.text)
    Reserved39_IRQHandler                    0x0000019f   Thumb Code     0  startup_mkl25z4.o(.text)
    Reserved45_IRQHandler                    0x0000019f   Thumb Code     0  startup_mkl25z4.o(.text)
    SPI0_IRQHandler                          0x0000019f   Thumb Code     0  startup_mkl25z4.o(.text)
    SPI1_IRQHandler                          0x0000019f   Thumb Code     0  startup_mkl25z4.o(.text)
    TPM0_IRQHandler                          0x0000019f   Thumb Code     0  startup_mkl25z4.o(.text)
    TPM1_IRQHandler                          0x0000019f   Thumb Code     0  startup_mkl25z4.o(.text)
    TSI0_IRQHandler                          0x0000019f   Thumb Code     0  startup_mkl25z4.o(.text)
    UART0_IRQHandler                         0x0000019f   Thumb Code     0  startup_mkl25z4.o(.text)
    UART1_IRQHandler                         0x0000019f   Thumb Code     0  startup_mkl25z4.o(.text)
    USB0_IRQHandler                          0x0000019f   Thumb Code     0  startup_mkl25z4.o(.text)
    __user_initial_stackheap                 0x000001a5   Thumb Code     0  startup_mkl25z4.o(.text)
    SVC_Handler                              0x000001c9   Thumb Code   132  irq_cm0.o(.text)
    PendSV_Handler                           0x0000024d   Thumb Code    12  irq_cm0.o(.text)
    SysTick_Handler                          0x00000259   Thumb Code    12  irq_cm0.o(.text)
    __aeabi_memcpy                           0x0000026d   Thumb Code   130  rt_memcpy.o(.text)
    __rt_memcpy                              0x0000026d   Thumb Code     0  rt_memcpy.o(.text)
    _memset_w                                0x000002ef   Thumb Code    26  rt_memclr.o(.text)
    _memset                                  0x00000309   Thumb Code    30  rt_memclr.o(.text)
    __aeabi_memclr                           0x00000327   Thumb Code     4  rt_memclr.o(.text)
    __rt_memclr                              0x00000327   Thumb Code     0  rt_memclr.o(.text)
    __aeabi_memclr4                          0x0000032b   Thumb Code     0  rt_memclr.o(.text)
    __aeabi_memclr8                          0x0000032b   Thumb Code     0  rt_memclr.o(.text)
    __rt_memclr_w                            0x0000032b   Thumb Code     4  rt_memclr.o(.text)
    __use_two_region_memory                  0x0000032f   Thumb Code     2  heapauxi.o(.text)
    __rt_heap_escrow$2region                 0x00000331   Thumb Code     2  heapauxi.o(.text)
    __rt_heap_expand$2region                 0x00000333   Thumb Code     2  heapauxi.o(.text)
    __aeabi_i2f_normalise                    0x00000335   Thumb Code    72  fflti.o(.text)
    __aeabi_i2f                              0x0000037d   Thumb Code    16  fflti.o(.text)
    _fflt                                    0x0000037d   Thumb Code     0  fflti.o(.text)
    __aeabi_ui2f                             0x0000038d   Thumb Code     6  fflti.o(.text)
    _ffltu                                   0x0000038d   Thumb Code     0  fflti.o(.text)
    __fpl_fcmp_InfNaN                        0x00000395   Thumb Code    96  fcmpin.o(.text)
    __user_libspace                          0x000003f9   Thumb Code     8  libspace.o(.text)
    __user_perproc_libspace                  0x000003f9   Thumb Code     0  libspace.o(.text)
    __aeabi_uidiv                            0x00000411   Thumb Code     0  aeabi_sdiv.o(.text)
    __aeabi_uidivmod                         0x00000411   Thumb Code    20  aeabi_sdiv.o(.text)
    __aeabi_idiv                             0x00000425   Thumb Code     0  aeabi_sdiv.o(.text)
    __aeabi_idivmod                          0x00000425   Thumb Code   326  aeabi_sdiv.o(.text)
    __aeabi_fdiv                             0x0000056d   Thumb Code     0  fdiv.o(.text)
    _fdiv                                    0x0000056d   Thumb Code   334  fdiv.o(.text)
    _frdiv                                   0x000006bb   Thumb Code     8  fdiv.o(.text)
    __fpl_cmpreturn                          0x000006cd   Thumb Code    46  cmpret.o(.text)
    __fpl_fcheck_NaN2                        0x000006fd   Thumb Code    10  fnan2.o(.text)
    __user_setup_stackheap                   0x0000070d   Thumb Code    62  sys_stackheap_outer.o(.text)
    exit                                     0x0000074b   Thumb Code    16  exit.o(.text)
    __fpl_return_NaN                         0x0000075b   Thumb Code    94  retnan.o(.text)
    _sys_exit                                0x000007b9   Thumb Code     8  sys_exit.o(.text)
    __I$use$semihosting                      0x000007c5   Thumb Code     0  use_no_semi.o(.text)
    __use_no_semihosting_swi                 0x000007c5   Thumb Code     2  use_no_semi.o(.text)
    __decompress                             0x000007c7   Thumb Code     0  __dczerorl2.o(.text)
    __decompress1                            0x000007c7   Thumb Code    86  __dczerorl2.o(.text)
    __semihosting_library_function           0x000007c7   Thumb Code     0  indicate_semi.o(.text)
    OS_Tick_AcknowledgeIRQ                   0x000008e9   Thumb Code    12  os_systick.o(.text.OS_Tick_AcknowledgeIRQ)
    OS_Tick_Enable                           0x000008f5   Thumb Code    44  os_systick.o(.text.OS_Tick_Enable)
    OS_Tick_GetIRQn                          0x00000921   Thumb Code     6  os_systick.o(.text.OS_Tick_GetIRQn)
    OS_Tick_Setup                            0x00000929   Thumb Code    76  os_systick.o(.text.OS_Tick_Setup)
    osDelay                                  0x00000a11   Thumb Code    40  rtx_delay.o(.text.osDelay)
    osKernelGetState                         0x00000a39   Thumb Code    48  rtx_kernel.o(.text.osKernelGetState)
    osKernelInitialize                       0x00000a69   Thumb Code    40  rtx_kernel.o(.text.osKernelInitialize)
    osKernelStart                            0x00000a91   Thumb Code    36  rtx_kernel.o(.text.osKernelStart)
    osMessageQueueGet                        0x00000ab5   Thumb Code   116  rtx_msgqueue.o(.text.osMessageQueueGet)
    osMessageQueueNew                        0x00000b29   Thumb Code    36  rtx_msgqueue.o(.text.osMessageQueueNew)
    osMessageQueuePut                        0x00000b4d   Thumb Code   120  rtx_msgqueue.o(.text.osMessageQueuePut)
    osMutexAcquire                           0x00000bc5   Thumb Code    40  rtx_mutex.o(.text.osMutexAcquire)
    osMutexDelete                            0x00000bed   Thumb Code    40  rtx_mutex.o(.text.osMutexDelete)
    osMutexNew                               0x00000c15   Thumb Code    36  rtx_mutex.o(.text.osMutexNew)
    osMutexRelease                           0x00000c39   Thumb Code    40  rtx_mutex.o(.text.osMutexRelease)
    osRtxKernelPreInit                       0x00000c61   Thumb Code     2  rtx_kernel.o(.text.osRtxKernelPreInit)
    osRtxMemoryAlloc                         0x00000c63   Thumb Code   124  rtx_memory.o(.text.osRtxMemoryAlloc)
    osRtxMemoryFree                          0x00000cdf   Thumb Code    78  rtx_memory.o(.text.osRtxMemoryFree)
    osRtxMemoryInit                          0x00000d2d   Thumb Code    50  rtx_memory.o(.text.osRtxMemoryInit)
    osRtxMemoryPoolAlloc                     0x00000d5f   Thumb Code    46  rtx_mempool.o(.text.osRtxMemoryPoolAlloc)
    osRtxMemoryPoolFree                      0x00000d8d   Thumb Code    58  rtx_mempool.o(.text.osRtxMemoryPoolFree)
    osRtxMemoryPoolInit                      0x00000dc7   Thumb Code    62  rtx_mempool.o(.text.osRtxMemoryPoolInit)
    osRtxMutexOwnerRelease                   0x00000ec1   Thumb Code    68  rtx_mutex.o(.text.osRtxMutexOwnerRelease)
    osRtxPendSV_Handler                      0x00000f05   Thumb Code   128  rtx_system.o(.text.osRtxPendSV_Handler)
    osRtxPostProcess                         0x00000f85   Thumb Code   108  rtx_system.o(.text.osRtxPostProcess)
    osRtxThreadDelayTick                     0x000010ed   Thumb Code    56  rtx_thread.o(.text.osRtxThreadDelayTick)
    osRtxThreadDispatch                      0x00001125   Thumb Code    80  rtx_thread.o(.text.osRtxThreadDispatch)
    osRtxThreadListGet                       0x000011c9   Thumb Code    20  rtx_thread.o(.text.osRtxThreadListGet)
    osRtxThreadListPut                       0x000011dd   Thumb Code    44  rtx_thread.o(.text.osRtxThreadListPut)
    osRtxThreadListRemove                    0x00001209   Thumb Code    24  rtx_thread.o(.text.osRtxThreadListRemove)
    osRtxThreadListSort                      0x00001221   Thumb Code    38  rtx_thread.o(.text.osRtxThreadListSort)
    osRtxThreadReadyPut                      0x0000126d   Thumb Code    24  rtx_thread.o(.text.osRtxThreadReadyPut)
    osRtxThreadRegPtr                        0x00001285   Thumb Code     6  rtx_thread.o(.text.osRtxThreadRegPtr)
    osRtxThreadStackCheck                    0x0000128d   Thumb Code    44  rtx_thread.o(.text.osRtxThreadStackCheck)
    osRtxThreadStartup                       0x000012b9   Thumb Code    64  rtx_thread.o(.text.osRtxThreadStartup)
    osRtxThreadSwitch                        0x000012f9   Thumb Code    20  rtx_thread.o(.text.osRtxThreadSwitch)
    osRtxThreadWaitEnter                     0x0000130d   Thumb Code    60  rtx_thread.o(.text.osRtxThreadWaitEnter)
    osRtxThreadWaitExit                      0x00001349   Thumb Code    34  rtx_thread.o(.text.osRtxThreadWaitExit)
    osRtxTick_Handler                        0x0000136d   Thumb Code   116  rtx_system.o(.text.osRtxTick_Handler)
    osRtxTimerThread                         0x000013e1   Thumb Code    60  rtx_timer.o(.text.osRtxTimerThread)
    osThreadExit                             0x0000147d   Thumb Code    12  rtx_thread.o(.text.osThreadExit)
    osThreadNew                              0x00001489   Thumb Code    36  rtx_thread.o(.text.osThreadNew)
    InitLED                                  0x00001efd   Thumb Code   132  led.o(i.InitLED)
    SystemCoreClockUpdate                    0x00001f91   Thumb Code   372  system_mkl25z4.o(i.SystemCoreClockUpdate)
    SystemInit                               0x00002121   Thumb Code     8  system_mkl25z4.o(i.SystemInit)
    TPM2_IRQHandler                          0x0000212d   Thumb Code   290  project.o(i.TPM2_IRQHandler)
    UART2_IRQHandler                         0x00002271   Thumb Code    50  project.o(i.UART2_IRQHandler)
    __ARM_common_switch8                     0x000022b1   Thumb Code    28  motors.o(i.__ARM_common_switch8)
    _mutex_acquire                           0x0000237d   Thumb Code    24  rtx_lib.o(i._mutex_acquire)
    _mutex_free                              0x00002395   Thumb Code    12  rtx_lib.o(i._mutex_free)
    _mutex_initialize                        0x000023a1   Thumb Code    36  rtx_lib.o(i._mutex_initialize)
    _mutex_release                           0x000023c5   Thumb Code    20  rtx_lib.o(i._mutex_release)
    _platform_post_stackheap_init            0x000023d9   Thumb Code     8  rtx_lib.o(i._platform_post_stackheap_init)
    controlThread                            0x000023e1   Thumb Code    18  project.o(i.controlThread)
    delay                                    0x000023fd   Thumb Code    20  ultrasonic.o(i.delay)
    initMotorPWM                             0x00002411   Thumb Code   502  motors.o(i.initMotorPWM)
    initPWM                                  0x00002625   Thumb Code   174  buzzer.o(i.initPWM)
    initTimer                                0x000026e1   Thumb Code   170  ultrasonic.o(i.initTimer)
    initTimer2                               0x00002799   Thumb Code   170  ultrasonic.o(i.initTimer2)
    initUART2                                0x00002851   Thumb Code   184  uart.o(i.initUART2)
    initUltrasonic                           0x0000291d   Thumb Code   112  ultrasonic.o(i.initUltrasonic)
    initUltrasonic2                          0x0000299d   Thumb Code   112  ultrasonic.o(i.initUltrasonic2)
    main                                     0x00002a1d   Thumb Code   138  project.o(i.main)
    osRtxErrorNotify                         0x00002ac5   Thumb Code    32  rtx_config.o(i.osRtxErrorNotify)
    osRtxIdleThread                          0x00002ae5   Thumb Code     4  rtx_config.o(i.osRtxIdleThread)
    pulse                                    0x00002b0d   Thumb Code    36  ultrasonic.o(i.pulse)
    pulse2                                   0x00002b35   Thumb Code    36  ultrasonic.o(i.pulse2)
    resetTimer                               0x00002b5d   Thumb Code     8  ultrasonic.o(i.resetTimer)
    ultrasonic2Thread                        0x00002b69   Thumb Code    62  project.o(i.ultrasonic2Thread)
    ultrasonicThread                         0x00002bbd   Thumb Code   114  project.o(i.ultrasonicThread)
    __aeabi_cfcmple                          0x00002c4d   Thumb Code     0  flef.o(x$fpl$fleqf)
    _fcmple                                  0x00002c4d   Thumb Code    78  flef.o(x$fpl$fleqf)
    __aeabi_fmul                             0x00002ca1   Thumb Code     0  fmul.o(x$fpl$fmul)
    _fmul                                    0x00002ca1   Thumb Code   172  fmul.o(x$fpl$fmul)
    __aeabi_cfrcmple                         0x00002d51   Thumb Code     0  frlef.o(x$fpl$frleqf)
    _frcmple                                 0x00002d51   Thumb Code    84  frlef.o(x$fpl$frleqf)
    __I$use$fp                               0x00002da8   Number         0  usenofp.o(x$fpl$usenofp)
    osRtxUserSVC                             0x00002e08   Data           4  rtx_lib.o(.constdata)
    irqRtxLib                                0x00002e0c   Data           1  irq_cm0.o(.constdata)
    osRtxConfig                              0x00002e50   Data         104  rtx_lib.o(.rodata)
    os_cb_sections                           0x00002eb8   Data          56  rtx_lib.o(.rodata)
    Region$$Table$$Base                      0x00002efc   Number         0  anon$$obj.o(Region$$Table)
    Region$$Table$$Limit                     0x00002f1c   Number         0  anon$$obj.o(Region$$Table)
    .bss.os.msgqueue.cb$$Base                0x20000040   Number         0  rtx_lib.o(.bss.os.msgqueue.cb)
    .bss.os.msgqueue.cb$$Limit               0x20000074   Number         0  rtx_lib.o(.bss.os.msgqueue.cb)
    .bss.os.thread.cb$$Base                  0x200000c4   Number         0  rtx_lib.o(.bss.os.thread.cb)
    .bss.os.thread.cb$$Limit                 0x2000014c   Number         0  rtx_lib.o(.bss.os.thread.cb)
    mod_val                                  0x20000350   Data           4  motors.o(.data)
    notes                                    0x20000354   Data          32  project.o(.data)
    score                                    0x20000374   Data         384  project.o(.data)
    score_2                                  0x200004f4   Data         504  project.o(.data)
    stop_flag                                0x200006ec   Data           4  project.o(.data)
    rx_interruptData                         0x200006f0   Data           1  project.o(.data)
    uartData                                 0x200006f1   Data           2  project.o(.data)
    distance                                 0x200006f4   Data           4  project.o(.data)
    active                                   0x200006f8   Data           4  project.o(.data)
    distance2                                0x200006fc   Data           4  project.o(.data)
    active2                                  0x20000700   Data           4  project.o(.data)
    sensorCount                              0x20000704   Data           1  project.o(.data)
    redMessage                               0x20000708   Data           4  project.o(.data)
    greenMessage                             0x2000070c   Data           4  project.o(.data)
    motorMessage                             0x20000710   Data           4  project.o(.data)
    buzzerMessage                            0x20000714   Data           4  project.o(.data)
    controlMessage                           0x20000718   Data           4  project.o(.data)
    ultrasonicMessage                        0x2000071c   Data           4  project.o(.data)
    ultrasonic2Message                       0x20000720   Data           4  project.o(.data)
    counter                                  0x20000724   Data           4  project.o(.data)
    led                                      0x20000728   Data          36  led.o(.data)
    curr                                     0x2000074c   Data           4  led.o(.data)
    prev                                     0x20000750   Data           4  led.o(.data)
    running                                  0x20000754   Data           4  led.o(.data)
    toggle                                   0x20000758   Data           4  led.o(.data)
    irqRtxLibRef                             0x2000075c   Data           4  rtx_lib.o(.data)
    SystemCoreClock                          0x20000764   Data           4  system_mkl25z4.o(.data)
    osRtxInfo                                0x20000768   Data         164  rtx_kernel.o(.data.os)
    __libspace_start                         0x2000080c   Data          96  libspace.o(.bss)
    __temporary_stack_top$libspace           0x2000086c   Data           0  libspace.o(.bss)



==============================================================================

Memory Map of the image

  Image Entry point : 0x00000189

  Load Region LR_1 (Base: 0x00000000, Size: 0x00004728, Max: 0xffffffff, ABSOLUTE, COMPRESSED[0x00003000])

    Execution Region ER_RO (Exec base: 0x00000000, Load base: 0x00000000, Size: 0x00002f1c, Max: 0xffffffff, ABSOLUTE)

    Exec Addr    Load Addr    Size         Type   Attr      Idx    E Section Name        Object

    0x00000000   0x00000000   0x000000c0   Data   RO          590    RESET               startup_mkl25z4.o
    0x000000c0   0x000000c0   0x00000008   Code   RO         1108  * !!!main             c_p.l(__main.o)
    0x000000c8   0x000000c8   0x0000003c   Code   RO         1299    !!!scatter          c_p.l(__scatter.o)
    0x00000104   0x00000104   0x0000001c   Code   RO         1301    !!handler_zi        c_p.l(__scatter_zi.o)
    0x00000120   0x00000120   0x00000002   Code   RO         1164    .ARM.Collect$$libinit$$00000000  c_p.l(libinit.o)
    0x00000122   0x00000122   0x00000000   Code   RO         1180    .ARM.Collect$$libinit$$00000002  c_p.l(libinit2.o)
    0x00000122   0x00000122   0x00000000   Code   RO         1182    .ARM.Collect$$libinit$$00000004  c_p.l(libinit2.o)
    0x00000122   0x00000122   0x00000000   Code   RO         1185    .ARM.Collect$$libinit$$0000000A  c_p.l(libinit2.o)
    0x00000122   0x00000122   0x00000000   Code   RO         1187    .ARM.Collect$$libinit$$0000000C  c_p.l(libinit2.o)
    0x00000122   0x00000122   0x00000000   Code   RO         1189    .ARM.Collect$$libinit$$0000000E  c_p.l(libinit2.o)
    0x00000122   0x00000122   0x00000000   Code   RO         1192    .ARM.Collect$$libinit$$00000011  c_p.l(libinit2.o)
    0x00000122   0x00000122   0x00000000   Code   RO         1194    .ARM.Collect$$libinit$$00000013  c_p.l(libinit2.o)
    0x00000122   0x00000122   0x00000000   Code   RO         1196    .ARM.Collect$$libinit$$00000015  c_p.l(libinit2.o)
    0x00000122   0x00000122   0x00000000   Code   RO         1198    .ARM.Collect$$libinit$$00000017  c_p.l(libinit2.o)
    0x00000122   0x00000122   0x00000000   Code   RO         1200    .ARM.Collect$$libinit$$00000019  c_p.l(libinit2.o)
    0x00000122   0x00000122   0x00000000   Code   RO         1202    .ARM.Collect$$libinit$$0000001B  c_p.l(libinit2.o)
    0x00000122   0x00000122   0x00000000   Code   RO         1204    .ARM.Collect$$libinit$$0000001D  c_p.l(libinit2.o)
    0x00000122   0x00000122   0x00000000   Code   RO         1206    .ARM.Collect$$libinit$$0000001F  c_p.l(libinit2.o)
    0x00000122   0x00000122   0x00000000   Code   RO         1208    .ARM.Collect$$libinit$$00000021  c_p.l(libinit2.o)
    0x00000122   0x00000122   0x00000000   Code   RO         1210    .ARM.Collect$$libinit$$00000023  c_p.l(libinit2.o)
    0x00000122   0x00000122   0x00000000   Code   RO         1212    .ARM.Collect$$libinit$$00000025  c_p.l(libinit2.o)
    0x00000122   0x00000122   0x00000000   Code   RO         1216    .ARM.Collect$$libinit$$0000002C  c_p.l(libinit2.o)
    0x00000122   0x00000122   0x00000000   Code   RO         1218    .ARM.Collect$$libinit$$0000002E  c_p.l(libinit2.o)
    0x00000122   0x00000122   0x00000000   Code   RO         1220    .ARM.Collect$$libinit$$00000030  c_p.l(libinit2.o)
    0x00000122   0x00000122   0x00000000   Code   RO         1222    .ARM.Collect$$libinit$$00000032  c_p.l(libinit2.o)
    0x00000122   0x00000122   0x00000002   Code   RO         1223    .ARM.Collect$$libinit$$00000033  c_p.l(libinit2.o)
    0x00000124   0x00000124   0x00000002   Code   RO         1254    .ARM.Collect$$libshutdown$$00000000  c_p.l(libshutdown.o)
    0x00000126   0x00000126   0x00000000   Code   RO         1280    .ARM.Collect$$libshutdown$$00000002  c_p.l(libshutdown2.o)
    0x00000126   0x00000126   0x00000000   Code   RO         1282    .ARM.Collect$$libshutdown$$00000004  c_p.l(libshutdown2.o)
    0x00000126   0x00000126   0x00000000   Code   RO         1285    .ARM.Collect$$libshutdown$$00000007  c_p.l(libshutdown2.o)
    0x00000126   0x00000126   0x00000000   Code   RO         1288    .ARM.Collect$$libshutdown$$0000000A  c_p.l(libshutdown2.o)
    0x00000126   0x00000126   0x00000000   Code   RO         1290    .ARM.Collect$$libshutdown$$0000000C  c_p.l(libshutdown2.o)
    0x00000126   0x00000126   0x00000000   Code   RO         1293    .ARM.Collect$$libshutdown$$0000000F  c_p.l(libshutdown2.o)
    0x00000126   0x00000126   0x00000002   Code   RO         1294    .ARM.Collect$$libshutdown$$00000010  c_p.l(libshutdown2.o)
    0x00000128   0x00000128   0x00000000   Code   RO         1123    .ARM.Collect$$rtentry$$00000000  c_p.l(__rtentry.o)
    0x00000128   0x00000128   0x00000000   Code   RO         1132    .ARM.Collect$$rtentry$$00000002  c_p.l(__rtentry2.o)
    0x00000128   0x00000128   0x00000006   Code   RO         1144    .ARM.Collect$$rtentry$$00000004  c_p.l(__rtentry4.o)
    0x0000012e   0x0000012e   0x00000008   Code   RO         1133    .ARM.Collect$$rtentry$$00000008  c_p.l(__rtentry2.o)
    0x00000136   0x00000136   0x00000004   Code   RO         1135    .ARM.Collect$$rtentry$$0000000A  c_p.l(__rtentry2.o)
    0x0000013a   0x0000013a   0x00000000   Code   RO         1137    .ARM.Collect$$rtentry$$0000000C  c_p.l(__rtentry2.o)
    0x0000013a   0x0000013a   0x00000008   Code   RO         1138    .ARM.Collect$$rtentry$$0000000D  c_p.l(__rtentry2.o)
    0x00000142   0x00000142   0x00000002   Code   RO         1171    .ARM.Collect$$rtexit$$00000000  c_p.l(rtexit.o)
    0x00000144   0x00000144   0x00000000   Code   RO         1227    .ARM.Collect$$rtexit$$00000002  c_p.l(rtexit2.o)
    0x00000144   0x00000144   0x00000004   Code   RO         1228    .ARM.Collect$$rtexit$$00000003  c_p.l(rtexit2.o)
    0x00000148   0x00000148   0x00000006   Code   RO         1229    .ARM.Collect$$rtexit$$00000004  c_p.l(rtexit2.o)
    0x0000014e   0x0000014e   0x00000002   PAD
    0x00000150   0x00000150   0x00000038   Code   RO         1096    .emb_text           c_p.l(rt_memcpy.o)
    0x00000188   0x00000188   0x00000040   Code   RO          592  * .text               startup_mkl25z4.o
    0x000001c8   0x000001c8   0x000000a4   Code   RO          938    .text               RTX_CM0.lib(irq_cm0.o)
    0x0000026c   0x0000026c   0x00000082   Code   RO         1097    .text               c_p.l(rt_memcpy.o)
    0x000002ee   0x000002ee   0x00000040   Code   RO         1100    .text               c_p.l(rt_memclr.o)
    0x0000032e   0x0000032e   0x00000006   Code   RO         1106    .text               c_p.l(heapauxi.o)
    0x00000334   0x00000334   0x0000005e   Code   RO         1115    .text               fz_ps.l(fflti.o)
    0x00000392   0x00000392   0x00000002   PAD
    0x00000394   0x00000394   0x00000064   Code   RO         1128    .text               fz_ps.l(fcmpin.o)
    0x000003f8   0x000003f8   0x00000008   Code   RO         1167    .text               c_p.l(libspace.o)
    0x00000400   0x00000400   0x00000010   Code   RO          591    .ARM.__at_0x400     startup_mkl25z4.o
    0x00000410   0x00000410   0x0000015a   Code   RO         1102    .text               c_p.l(aeabi_sdiv.o)
    0x0000056a   0x0000056a   0x00000002   PAD
    0x0000056c   0x0000056c   0x00000160   Code   RO         1110    .text               fz_ps.l(fdiv.o)
    0x000006cc   0x000006cc   0x0000002e   Code   RO         1148    .text               fz_ps.l(cmpret.o)
    0x000006fa   0x000006fa   0x00000002   PAD
    0x000006fc   0x000006fc   0x00000010   Code   RO         1150    .text               fz_ps.l(fnan2.o)
    0x0000070c   0x0000070c   0x0000003e   Code   RO         1152    .text               c_p.l(sys_stackheap_outer.o)
    0x0000074a   0x0000074a   0x00000010   Code   RO         1155    .text               c_p.l(exit.o)
    0x0000075a   0x0000075a   0x0000005e   Code   RO         1165    .text               fz_ps.l(retnan.o)
    0x000007b8   0x000007b8   0x0000000c   Code   RO         1224    .text               c_p.l(sys_exit.o)
    0x000007c4   0x000007c4   0x00000002   Code   RO         1243    .text               c_p.l(use_no_semi.o)
    0x000007c6   0x000007c6   0x00000000   Code   RO         1245    .text               c_p.l(indicate_semi.o)
    0x000007c6   0x000007c6   0x00000056   Code   RO         1297    .text               c_p.l(__dczerorl2.o)
    0x0000081c   0x0000081c   0x0000004c   Code   RO          921    .text.MessageQueueGet  RTX_CM0.lib(rtx_msgqueue.o)
    0x00000868   0x00000868   0x00000062   Code   RO          915    .text.MessageQueuePut  RTX_CM0.lib(rtx_msgqueue.o)
    0x000008ca   0x000008ca   0x0000001e   Code   RO          913    .text.MessageQueueRemove  RTX_CM0.lib(rtx_msgqueue.o)
    0x000008e8   0x000008e8   0x0000000c   Code   RO         1073    .text.OS_Tick_AcknowledgeIRQ  RTX_CM0.lib(os_systick.o)
    0x000008f4   0x000008f4   0x0000002c   Code   RO         1069    .text.OS_Tick_Enable  RTX_CM0.lib(os_systick.o)
    0x00000920   0x00000920   0x00000006   Code   RO         1075    .text.OS_Tick_GetIRQn  RTX_CM0.lib(os_systick.o)
    0x00000926   0x00000926   0x00000002   PAD
    0x00000928   0x00000928   0x0000004c   Code   RO         1067    .text.OS_Tick_Setup  RTX_CM0.lib(os_systick.o)
    0x00000974   0x00000974   0x0000004e   Code   RO          776    .text.ThreadFlagsCheck  RTX_CM0.lib(rtx_thread.o)
    0x000009c2   0x000009c2   0x00000002   PAD
    0x000009c4   0x000009c4   0x0000004c   Code   RO          959    .text.TimerInsert   RTX_CM0.lib(rtx_timer.o)
    0x00000a10   0x00000a10   0x00000028   Code   RO          829    .text.osDelay       RTX_CM0.lib(rtx_delay.o)
    0x00000a38   0x00000a38   0x00000030   Code   RO          639    .text.osKernelGetState  RTX_CM0.lib(rtx_kernel.o)
    0x00000a68   0x00000a68   0x00000028   Code   RO          633    .text.osKernelInitialize  RTX_CM0.lib(rtx_kernel.o)
    0x00000a90   0x00000a90   0x00000024   Code   RO          643    .text.osKernelStart  RTX_CM0.lib(rtx_kernel.o)
    0x00000ab4   0x00000ab4   0x00000074   Code   RO          887    .text.osMessageQueueGet  RTX_CM0.lib(rtx_msgqueue.o)
    0x00000b28   0x00000b28   0x00000024   Code   RO          881    .text.osMessageQueueNew  RTX_CM0.lib(rtx_msgqueue.o)
    0x00000b4c   0x00000b4c   0x00000078   Code   RO          885    .text.osMessageQueuePut  RTX_CM0.lib(rtx_msgqueue.o)
    0x00000bc4   0x00000bc4   0x00000028   Code   RO          852    .text.osMutexAcquire  RTX_CM0.lib(rtx_mutex.o)
    0x00000bec   0x00000bec   0x00000028   Code   RO          858    .text.osMutexDelete  RTX_CM0.lib(rtx_mutex.o)
    0x00000c14   0x00000c14   0x00000024   Code   RO          848    .text.osMutexNew    RTX_CM0.lib(rtx_mutex.o)
    0x00000c38   0x00000c38   0x00000028   Code   RO          854    .text.osMutexRelease  RTX_CM0.lib(rtx_mutex.o)
    0x00000c60   0x00000c60   0x00000002   Code   RO          631    .text.osRtxKernelPreInit  RTX_CM0.lib(rtx_kernel.o)
    0x00000c62   0x00000c62   0x0000007c   Code   RO          986    .text.osRtxMemoryAlloc  RTX_CM0.lib(rtx_memory.o)
    0x00000cde   0x00000cde   0x0000004e   Code   RO          988    .text.osRtxMemoryFree  RTX_CM0.lib(rtx_memory.o)
    0x00000d2c   0x00000d2c   0x00000032   Code   RO          984    .text.osRtxMemoryInit  RTX_CM0.lib(rtx_memory.o)
    0x00000d5e   0x00000d5e   0x0000002e   Code   RO         1001    .text.osRtxMemoryPoolAlloc  RTX_CM0.lib(rtx_mempool.o)
    0x00000d8c   0x00000d8c   0x0000003a   Code   RO         1003    .text.osRtxMemoryPoolFree  RTX_CM0.lib(rtx_mempool.o)
    0x00000dc6   0x00000dc6   0x0000003e   Code   RO          999    .text.osRtxMemoryPoolInit  RTX_CM0.lib(rtx_mempool.o)
    0x00000e04   0x00000e04   0x000000bc   Code   RO          911    .text.osRtxMessageQueuePostProcess  RTX_CM0.lib(rtx_msgqueue.o)
    0x00000ec0   0x00000ec0   0x00000044   Code   RO          846    .text.osRtxMutexOwnerRelease  RTX_CM0.lib(rtx_mutex.o)
    0x00000f04   0x00000f04   0x00000080   Code   RO         1054    .text.osRtxPendSV_Handler  RTX_CM0.lib(rtx_system.o)
    0x00000f84   0x00000f84   0x0000006c   Code   RO         1056    .text.osRtxPostProcess  RTX_CM0.lib(rtx_system.o)
    0x00000ff0   0x00000ff0   0x00000038   Code   RO          716    .text.osRtxThreadBlock  RTX_CM0.lib(rtx_thread.o)
    0x00001028   0x00001028   0x00000080   Code   RO          724    .text.osRtxThreadDelayInsert  RTX_CM0.lib(rtx_thread.o)
    0x000010a8   0x000010a8   0x00000044   Code   RO          720    .text.osRtxThreadDelayRemove  RTX_CM0.lib(rtx_thread.o)
    0x000010ec   0x000010ec   0x00000038   Code   RO          706    .text.osRtxThreadDelayTick  RTX_CM0.lib(rtx_thread.o)
    0x00001124   0x00001124   0x00000050   Code   RO          714    .text.osRtxThreadDispatch  RTX_CM0.lib(rtx_thread.o)
    0x00001174   0x00001174   0x00000054   Code   RO          800    .text.osRtxThreadFree  RTX_CM0.lib(rtx_thread.o)
    0x000011c8   0x000011c8   0x00000014   Code   RO          698    .text.osRtxThreadListGet  RTX_CM0.lib(rtx_thread.o)
    0x000011dc   0x000011dc   0x0000002c   Code   RO          696    .text.osRtxThreadListPut  RTX_CM0.lib(rtx_thread.o)
    0x00001208   0x00001208   0x00000018   Code   RO          702    .text.osRtxThreadListRemove  RTX_CM0.lib(rtx_thread.o)
    0x00001220   0x00001220   0x00000026   Code   RO          700    .text.osRtxThreadListSort  RTX_CM0.lib(rtx_thread.o)
    0x00001246   0x00001246   0x00000026   Code   RO          774    .text.osRtxThreadPostProcess  RTX_CM0.lib(rtx_thread.o)
    0x0000126c   0x0000126c   0x00000018   Code   RO          704    .text.osRtxThreadReadyPut  RTX_CM0.lib(rtx_thread.o)
    0x00001284   0x00001284   0x00000006   Code   RO          708    .text.osRtxThreadRegPtr  RTX_CM0.lib(rtx_thread.o)
    0x0000128a   0x0000128a   0x00000002   PAD
    0x0000128c   0x0000128c   0x0000002c   Code   RO          712    .text.osRtxThreadStackCheck  RTX_CM0.lib(rtx_thread.o)
    0x000012b8   0x000012b8   0x00000040   Code   RO          726    .text.osRtxThreadStartup  RTX_CM0.lib(rtx_thread.o)
    0x000012f8   0x000012f8   0x00000014   Code   RO          710    .text.osRtxThreadSwitch  RTX_CM0.lib(rtx_thread.o)
    0x0000130c   0x0000130c   0x0000003c   Code   RO          722    .text.osRtxThreadWaitEnter  RTX_CM0.lib(rtx_thread.o)
    0x00001348   0x00001348   0x00000022   Code   RO          718    .text.osRtxThreadWaitExit  RTX_CM0.lib(rtx_thread.o)
    0x0000136a   0x0000136a   0x00000002   PAD
    0x0000136c   0x0000136c   0x00000074   Code   RO         1052    .text.osRtxTick_Handler  RTX_CM0.lib(rtx_system.o)
    0x000013e0   0x000013e0   0x0000003c   Code   RO          943    .text.osRtxTimerThread  RTX_CM0.lib(rtx_timer.o)
    0x0000141c   0x0000141c   0x00000060   Code   RO          945    .text.osRtxTimerTick  RTX_CM0.lib(rtx_timer.o)
    0x0000147c   0x0000147c   0x0000000c   Code   RO          758    .text.osThreadExit  RTX_CM0.lib(rtx_thread.o)
    0x00001488   0x00001488   0x00000024   Code   RO          730    .text.osThreadNew   RTX_CM0.lib(rtx_thread.o)
    0x000014ac   0x000014ac   0x00000012   Code   RO          833    .text.svcRtxDelay   RTX_CM0.lib(rtx_delay.o)
    0x000014be   0x000014be   0x00000002   PAD
    0x000014c0   0x000014c0   0x0000000c   Code   RO          641    .text.svcRtxKernelGetState  RTX_CM0.lib(rtx_kernel.o)
    0x000014cc   0x000014cc   0x00000148   Code   RO          671    .text.svcRtxKernelInitialize  RTX_CM0.lib(rtx_kernel.o)
    0x00001614   0x00001614   0x00000084   Code   RO          673    .text.svcRtxKernelStart  RTX_CM0.lib(rtx_kernel.o)
    0x00001698   0x00001698   0x000000e8   Code   RO          923    .text.svcRtxMessageQueueGet  RTX_CM0.lib(rtx_msgqueue.o)
    0x00001780   0x00001780   0x000001e4   Code   RO          909    .text.svcRtxMessageQueueNew  RTX_CM0.lib(rtx_msgqueue.o)
    0x00001964   0x00001964   0x000000bc   Code   RO          919    .text.svcRtxMessageQueuePut  RTX_CM0.lib(rtx_msgqueue.o)
    0x00001a20   0x00001a20   0x00000098   Code   RO          864    .text.svcRtxMutexAcquire  RTX_CM0.lib(rtx_mutex.o)
    0x00001ab8   0x00001ab8   0x000000bc   Code   RO          870    .text.svcRtxMutexDelete  RTX_CM0.lib(rtx_mutex.o)
    0x00001b74   0x00001b74   0x00000070   Code   RO          860    .text.svcRtxMutexNew  RTX_CM0.lib(rtx_mutex.o)
    0x00001be4   0x00001be4   0x000000c0   Code   RO          866    .text.svcRtxMutexRelease  RTX_CM0.lib(rtx_mutex.o)
    0x00001ca4   0x00001ca4   0x0000006c   Code   RO          804    .text.svcRtxThreadExit  RTX_CM0.lib(rtx_thread.o)
    0x00001d10   0x00001d10   0x000001ec   Code   RO          728    .text.svcRtxThreadNew  RTX_CM0.lib(rtx_thread.o)
    0x00001efc   0x00001efc   0x00000094   Code   RO          354    i.InitLED           led.o
    0x00001f90   0x00001f90   0x00000190   Code   RO          600    i.SystemCoreClockUpdate  system_mkl25z4.o
    0x00002120   0x00002120   0x0000000c   Code   RO          601    i.SystemInit        system_mkl25z4.o
    0x0000212c   0x0000212c   0x00000144   Code   RO          169    i.TPM2_IRQHandler   project.o
    0x00002270   0x00002270   0x00000040   Code   RO          170    i.UART2_IRQHandler  project.o
    0x000022b0   0x000022b0   0x0000001c   Code   RO          123    i.__ARM_common_switch8  motors.o
    0x000022cc   0x000022cc   0x00000018   Code   RO          171    i.__NVIC_ClearPendingIRQ  project.o
    0x000022e4   0x000022e4   0x00000020   Code   RO          407    i.__NVIC_EnableIRQ  ultrasonic.o
    0x00002304   0x00002304   0x00000078   Code   RO          279    i.__NVIC_SetPriority  uart.o
    0x0000237c   0x0000237c   0x00000018   Code   RO          484    i._mutex_acquire    rtx_lib.o
    0x00002394   0x00002394   0x0000000c   Code   RO          485    i._mutex_free       rtx_lib.o
    0x000023a0   0x000023a0   0x00000024   Code   RO          486    i._mutex_initialize  rtx_lib.o
    0x000023c4   0x000023c4   0x00000014   Code   RO          487    i._mutex_release    rtx_lib.o
    0x000023d8   0x000023d8   0x00000008   Code   RO          488    i._platform_post_stackheap_init  rtx_lib.o
    0x000023e0   0x000023e0   0x0000001c   Code   RO          173    i.controlThread     project.o
    0x000023fc   0x000023fc   0x00000014   Code   RO          408    i.delay             ultrasonic.o
    0x00002410   0x00002410   0x00000214   Code   RO            9    i.initMotorPWM      motors.o
    0x00002624   0x00002624   0x000000bc   Code   RO          319    i.initPWM           buzzer.o
    0x000026e0   0x000026e0   0x000000b8   Code   RO          410    i.initTimer         ultrasonic.o
    0x00002798   0x00002798   0x000000b8   Code   RO          411    i.initTimer2        ultrasonic.o
    0x00002850   0x00002850   0x000000cc   Code   RO          280    i.initUART2         uart.o
    0x0000291c   0x0000291c   0x00000080   Code   RO          412    i.initUltrasonic    ultrasonic.o
    0x0000299c   0x0000299c   0x00000080   Code   RO          413    i.initUltrasonic2   ultrasonic.o
    0x00002a1c   0x00002a1c   0x000000a8   Code   RO          176    i.main              project.o
    0x00002ac4   0x00002ac4   0x00000020   Code   RO          560    i.osRtxErrorNotify  rtx_config.o
    0x00002ae4   0x00002ae4   0x00000004   Code   RO          561    i.osRtxIdleThread   rtx_config.o
    0x00002ae8   0x00002ae8   0x00000024   Code   RO          489    i.os_kernel_is_active  rtx_lib.o
    0x00002b0c   0x00002b0c   0x00000028   Code   RO          414    i.pulse             ultrasonic.o
    0x00002b34   0x00002b34   0x00000028   Code   RO          415    i.pulse2            ultrasonic.o
    0x00002b5c   0x00002b5c   0x0000000c   Code   RO          416    i.resetTimer        ultrasonic.o
    0x00002b68   0x00002b68   0x00000054   Code   RO          179    i.ultrasonic2Thread  project.o
    0x00002bbc   0x00002bbc   0x00000090   Code   RO          180    i.ultrasonicThread  project.o
    0x00002c4c   0x00002c4c   0x00000054   Code   RO         1117    x$fpl$fleqf         fz_ps.l(flef.o)
    0x00002ca0   0x00002ca0   0x000000b0   Code   RO         1119    x$fpl$fmul          fz_ps.l(fmul.o)
    0x00002d50   0x00002d50   0x00000058   Code   RO         1121    x$fpl$frleqf        fz_ps.l(frlef.o)
    0x00002da8   0x00002da8   0x00000000   Code   RO         1130    x$fpl$usenofp       fz_ps.l(usenofp.o)
    0x00002da8   0x00002da8   0x00000064   Data   RO          496    .constdata          rtx_lib.o
    0x00002e0c   0x00002e0c   0x00000001   Data   RO          937    .constdata          RTX_CM0.lib(irq_cm0.o)
    0x00002e0d   0x00002e0d   0x00000040   Data   RO         1111    .constdata          fz_ps.l(fdiv.o)
    0x00002e4d   0x00002e4d   0x00000003   PAD
    0x00002e50   0x00002e50   0x000000a0   Data   RO          498    .rodata             rtx_lib.o
    0x00002ef0   0x00002ef0   0x0000000b   Data   RO          685    .rodata.str1.4      RTX_CM0.lib(rtx_kernel.o)
    0x00002efb   0x00002efb   0x00000001   PAD
    0x00002efc   0x00002efc   0x00000020   Data   RO         1295    Region$$Table       anon$$obj.o


    Execution Region ER_RW (Exec base: 0x1ffff000, Load base: 0x00002f1c, Size: 0x0000180c, Max: 0xffffffff, ABSOLUTE, COMPRESSED[0x000000e4])

    Exec Addr    Load Addr    Size         Type   Attr      Idx    E Section Name        Object

    0x1ffff000   COMPRESSED   0x00001040   Data   RW          490    .bss.os             rtx_lib.o
    0x20000040   COMPRESSED   0x00000034   Data   RW          492    .bss.os.msgqueue.cb  rtx_lib.o
    0x20000074   COMPRESSED   0x00000050   Data   RW          493    .bss.os.msgqueue.mem  rtx_lib.o
    0x200000c4   COMPRESSED   0x00000088   Data   RW          494    .bss.os.thread.cb   rtx_lib.o
    0x2000014c   COMPRESSED   0x00000004   PAD
    0x20000150   COMPRESSED   0x00000200   Data   RW          495    .bss.os.thread.stack  rtx_lib.o
    0x20000350   COMPRESSED   0x00000004   Data   RW           21    .data               motors.o
    0x20000354   COMPRESSED   0x000003d4   Data   RW          181    .data               project.o
    0x20000728   COMPRESSED   0x00000034   Data   RW          360    .data               led.o
    0x2000075c   COMPRESSED   0x00000005   Data   RW          497    .data               rtx_lib.o
    0x20000761   COMPRESSED   0x00000003   PAD
    0x20000764   COMPRESSED   0x00000004   Data   RW          602    .data               system_mkl25z4.o
    0x20000768   COMPRESSED   0x000000a4   Data   RW          686    .data.os            RTX_CM0.lib(rtx_kernel.o)


    Execution Region ER_ZI (Exec base: 0x2000080c, Load base: 0x00003000, Size: 0x00000164, Max: 0xffffffff, ABSOLUTE)

    Exec Addr    Load Addr    Size         Type   Attr      Idx    E Section Name        Object

    0x2000080c        -       0x00000060   Zero   RW         1168    .bss                c_p.l(libspace.o)
    0x2000086c        -       0x00000001   Zero   RW         1085    .bss.PendST         RTX_CM0.lib(os_systick.o)
    0x2000086d   0x00003000   0x00000003   PAD
    0x20000870        -       0x00000000   Zero   RW          589    HEAP                startup_mkl25z4.o
    0x20000870        -       0x00000100   Zero   RW          588    STACK               startup_mkl25z4.o


==============================================================================

Image component sizes


      Code (inc. data)   RO Data    RW Data    ZI Data      Debug   Object Name

       188         14          0          0          0        422   buzzer.o
       148         16          0         52          0       1153   led.o
       560         30          0          4          0     220569   motors.o
       836        146          0        980          0      14182   project.o
        36          8          0          0          0        973   rtx_config.o
       136          6        260       4945          0      12706   rtx_lib.o
        80         44        192          0        256        892   startup_mkl25z4.o
       412         42          0          4          0       1527   system_mkl25z4.o
       324         30          0          0          0       9280   uart.o
       768         78          0          0          0      12222   ultrasonic.o

    ----------------------------------------------------------------------
      3488        414        484       5992        256     273926   Object Totals
         0          0         32          0          0          0   (incl. Generated)
         0          0          0          7          0          0   (incl. Padding)

    ----------------------------------------------------------------------

      Code (inc. data)   RO Data    RW Data    ZI Data      Debug   Library Member Name

       164          8          1          0          0        496   irq_cm0.o
       138         32          0          0          1       2766   os_systick.o
        58          4          0          0          0       2753   rtx_delay.o
       598         48         11        164          0      16105   rtx_kernel.o
       252          0          0          0          0       2564   rtx_memory.o
       166          0          0          0          0      14282   rtx_mempool.o
      1568         44          0          0          0      17889   rtx_msgqueue.o
       868         32          0          0          0       9201   rtx_mutex.o
       352         26          0          0          0       4635   rtx_system.o
      1614         96          0          0          0      30867   rtx_thread.o
       232         20          0          0          0      10018   rtx_timer.o
        86          0          0          0          0          0   __dczerorl2.o
         8          0          0          0          0         68   __main.o
         0          0          0          0          0          0   __rtentry.o
        20          0          0          0          0          0   __rtentry2.o
         6          0          0          0          0          0   __rtentry4.o
        60          8          0          0          0          0   __scatter.o
        28          0          0          0          0          0   __scatter_zi.o
       346          0          0          0          0         92   aeabi_sdiv.o
        16          0          0          0          0         68   exit.o
         6          0          0          0          0        136   heapauxi.o
         0          0          0          0          0          0   indicate_semi.o
         2          0          0          0          0          0   libinit.o
         2          0          0          0          0          0   libinit2.o
         2          0          0          0          0          0   libshutdown.o
         2          0          0          0          0          0   libshutdown2.o
         8          4          0          0         96         68   libspace.o
        64          0          0          0          0        108   rt_memclr.o
       186          0          0          0          0        144   rt_memcpy.o
         2          0          0          0          0          0   rtexit.o
        10          0          0          0          0          0   rtexit2.o
        12          4          0          0          0         60   sys_exit.o
        62          0          0          0          0         80   sys_stackheap_outer.o
         2          0          0          0          0         68   use_no_semi.o
        46          0          0          0          0         60   cmpret.o
       100          4          0          0          0         68   fcmpin.o
       352         10         64          0          0         92   fdiv.o
        94          0          0          0          0         92   fflti.o
        84          4          0          0          0         76   flef.o
       176          4          0          0          0         80   fmul.o
        16          6          0          0          0         68   fnan2.o
        88          4          0          0          0         76   frlef.o
        94          0          0          0          0         68   retnan.o
         0          0          0          0          0          0   usenofp.o

    ----------------------------------------------------------------------
      8008        358         80        164        100     113148   Library Totals
        18          0          4          0          3          0   (incl. Padding)

    ----------------------------------------------------------------------

      Code (inc. data)   RO Data    RW Data    ZI Data      Debug   Library Name

      6010        310         12        164          1     111576   RTX_CM0.lib
       930         16          0          0         96        892   c_p.l
      1050         32         64          0          0        680   fz_ps.l

    ----------------------------------------------------------------------
      8008        358         80        164        100     113148   Library Totals

    ----------------------------------------------------------------------

==============================================================================


      Code (inc. data)   RO Data    RW Data    ZI Data      Debug   

     11496        772        564       6156        356     384902   Grand Totals
     11496        772        564        228        356     384902   ELF Image Totals (compressed)
     11496        772        564        228          0          0   ROM Totals

==============================================================================

    Total RO  Size (Code + RO Data)                12060 (  11.78kB)
    Total RW  Size (RW Data + ZI Data)              6512 (   6.36kB)
    Total ROM Size (Code + RO Data + RW Data)      12288 (  12.00kB)

==============================================================================

